$# Creating journal file C:\Users\danie\Desktop\EUE\a.db.jou at 14-Apr-21 
$# 20:11:19
uil_file_rebuild.start("C:\Program Files\MSC.Software\NaPa_SE\2020\Patran/" // @
"template.db","C:\Users\danie\Desktop\EUE\a.db")
$# Synchronizing the User Data Manager
set_current_dir( "C:\Users\danie\Desktop\EUE" )
$# The current working directory has been changed to the database location 
$# shown.                                                                     
$#                                                                            
$#                                   
db_set_pref( 303, 3, 0, FALSE, 4.9999999E-06, "" )
$# Checking for Patran 2020  (Student Edition) module license...
$# Warning reported from application FILE
$#     Import of STEP AP209 File contents to Parasolid format is not 
$# supported in this release of Patran 2020  (Student Edition).  Parasolid 
$# Import Format has been turned off in order for import of a STEP AP209 File 
$# to continue.
p3_express_options_file( "express.opt", FALSE, 3, 1, 52054, TRUE, [39.370079,  @
0., 0., 0., 39.370079, 0., 0., 0., 39.370079, 0., 0., 0.], 0, ["0"], [[-1]], [ @
[-1]], [[-1]], TRUE, [0], TRUE, [0], TRUE, [0], 3, 1, 3 )
utl_process_spawn( "cttrans -i ""C:\Users\danie\Desktop\EUE\CUbo.stp"" -o " // @
"CUbo MSC.Patran -iformat STEP -oformat Parasolid  +hT +sF +sewF", TRUE )
$# Warning reported from application CORE
$#     Error executing subprogram.  Reason (errno) = 2.
$# No such file or directory
$# Flushing the User Data Manager
$# Journal file stopped recording at 14-Apr-21 20:23:58
