$# Creating journal file 
$# C:\Users\danie\Desktop\EUE\Practica_2\Modelo\Geometria_CAD\Geometria_1.db.j
$# ou at 20-Apr-21 12:17:29
uil_file_rebuild.start("C:\Program Files\MSC.Software\NaPa_SE\2020\Patran/" // @
"template.db","C:\Users\danie\Desktop\EUE\Practica_2\Modelo\Geometria_CAD\" // @
"Geometria_1.db")
$# Synchronizing the User Data Manager
set_current_dir( "C:\Users\danie\Desktop\EUE\Practica_2\Modelo\Geometria_CAD" )
$# The current working directory has been changed to the database location 
$# shown.                                                                     
$#                                                                            
$#                                   
db_set_pref( 303, 3, 0, FALSE, 4.9999999E-06, "" )
STRING asm_create_grid_xyz_created_ids[VIRTUAL]
asm_const_grid_xyz( "1", "[0 0 0]", "Coord 0", asm_create_grid_xyz_created_ids )
$# 1 Point created: Point 1
point_size( 9 )
asm_const_grid_xyz( "2", "[0.07667 0 0]", "Coord 0",  @
asm_create_grid_xyz_created_ids )
$# 1 Point created: Point 2
asm_const_grid_xyz( "3", "[0.07667 0.031756 0]", "Coord 0",  @
asm_create_grid_xyz_created_ids )
$# 1 Point created: Point 3
$# UNDO: Create Point XYZ command
asm_const_grid_xyz( "4", "[0.134167 0. 0]", "Coord 0",  @
asm_create_grid_xyz_created_ids )
$# 1 Point created: Point 4
asm_const_grid_xyz( "5", "[0.134167 0.055574 0]", "Coord 0",  @
asm_create_grid_xyz_created_ids )
$# 1 Point created: Point 5
asm_const_grid_xyz( "6", "[0.191667 0. 0]", "Coord 0",  @
asm_create_grid_xyz_created_ids )
$# 1 Point created: Point 6
asm_const_grid_xyz( "7", "[0.191667 0.079391 0]", "Coord 0",  @
asm_create_grid_xyz_created_ids )
$# 1 Point created: Point 7
asm_const_grid_xyz( "8", "[0.230 0.0 0]", "Coord 0",  @
asm_create_grid_xyz_created_ids )
$# 1 Point created: Point 8
asm_const_grid_xyz( "9", "[0.230 0.095269 0]", "Coord 0",  @
asm_create_grid_xyz_created_ids )
$# 1 Point created: Point 9
ga_view_center_set( -0.009844, 0.004248 )
ga_view_zoom_set( 0.140819 )
ga_view_center_set( -0.020918, 0.009028 )
ga_view_zoom_set( 0.158421 )
ga_view_center_set( -0.033377, 0.014405 )
ga_view_zoom_set( 0.178224 )
ga_view_center_set( -0.021049, 0.008831 )
ga_view_zoom_set( 0.158421 )
ga_view_center_set( -0.010092, 0.003877 )
ga_view_zoom_set( 0.140819 )
ga_view_center_set( -0.021049, 0.008831 )
ga_view_zoom_set( 0.158421 )
STRING sgm_transform_point_created_ids[VIRTUAL]
asm_transform_grid_rotate( "10", "Coord 0.3", 45., 0., "Coord 0", 1, FALSE,  @
"Point 2:6:2", sgm_transform_point_created_ids )
$# 3 Points created: Grid 10:12
ga_view_center_set( 0.000276, -0.005158 )
ga_view_zoom_set( 0.111264 )
ga_view_center_set( 0.000522, -0.009743 )
ga_view_zoom_set( 0.098902 )
ga_view_center_set( 0.000276, -0.005158 )
ga_view_zoom_set( 0.111264 )
ga_view_center_set( 0.000000, -0.000000 )
ga_view_zoom_set( 0.125172 )
ga_view_center_set( -0.000311, 0.005803 )
ga_view_zoom_set( 0.140819 )
ga_view_center_set( -0.000661, 0.012331 )
ga_view_zoom_set( 0.158421 )
ga_view_center_set( -0.001054, 0.019675 )
ga_view_zoom_set( 0.178224 )
STRING asm_create_grid_xyz_created_ids[VIRTUAL]
asm_const_grid_xyz( "13", "[0.230 0.230 0]", "Coord 0",  @
asm_create_grid_xyz_created_ids )
$# 1 Point created: Point 13
ga_view_center_set( -0.003541, 0.002627 )
ga_view_zoom_set( 0.155250 )
ga_view_center_set( -0.007525, 0.005583 )
ga_view_zoom_set( 0.174656 )
ga_view_center_set( -0.009911, 0.013608 )
ga_view_zoom_set( 0.196488 )
ga_view_center_set( -0.012595, 0.022635 )
ga_view_zoom_set( 0.221049 )
ga_view_center_set( -0.007878, 0.020765 )
ga_view_zoom_set( 0.196488 )
ga_view_center_set( -0.003685, 0.019102 )
ga_view_zoom_set( 0.174656 )
ga_view_center_set( -0.007878, 0.020837 )
ga_view_zoom_set( 0.196488 )
ga_view_center_set( -0.012595, 0.022951 )
ga_view_zoom_set( 0.221049 )
ga_view_center_set( -0.007878, 0.020674 )
ga_view_zoom_set( 0.196488 )
ga_view_center_set( -0.002745, 0.013879 )
ga_view_zoom_set( 0.174656 )
ga_view_center_set( 0.002749, 0.019301 )
ga_view_zoom_set( 0.196488 )
ga_view_center_set( 0.008605, 0.026132 )
ga_view_zoom_set( 0.221049 )
ga_view_center_set( 0.015192, 0.033818 )
ga_view_zoom_set( 0.248681 )
$# UNDO: Create Point XYZ command
asm_transform_grid_rotate( "14", "Coord 0.3", 45., 0., "Coord 0", 1, FALSE,  @
"Point 3:7:2 10:12", sgm_transform_point_created_ids )
$# 6 Points created: Grid 14:19
asm_const_grid_xyz( "20", "[0.095269, 0.230, 0]", "Coord 0",  @
asm_create_grid_xyz_created_ids )
$# 1 Point created: Point 20
asm_const_grid_xyz( "21", "[0, 0.230, 0]", "Coord 0",  @
asm_create_grid_xyz_created_ids )
$# 1 Point created: Point 21
$# UNDO: Create Curve 2Point for Point 1Point 2
STRING asm_line_2point_created_ids[VIRTUAL]
asm_const_line_2point( "1", "Point 1", "Point 2", 0, "", 50., 1,  @
asm_line_2point_created_ids )
$# 1 Line created: Line 1
asm_const_line_2point( "2", "Point 2", "Point 4", 0, "", 50., 1,  @
asm_line_2point_created_ids )
$# 1 Line created: Line 2
asm_const_line_2point( "3", "Point 4", "Point 6", 0, "", 50., 1,  @
asm_line_2point_created_ids )
$# 1 Line created: Line 3
asm_const_line_2point( "4", "Point 6", "Point 8", 0, "", 50., 1,  @
asm_line_2point_created_ids )
$# 1 Line created: Line 4
asm_const_line_2point( "5", "Point 3", "Point 5", 0, "", 50., 1,  @
asm_line_2point_created_ids )
$# 1 Line created: Line 5
asm_const_line_2point( "6", "Point 5", "Point 7", 0, "", 50., 1,  @
asm_line_2point_created_ids )
$# 1 Line created: Line 6
asm_const_line_2point( "7", "Point 7", "Point 9", 0, "", 50., 1,  @
asm_line_2point_created_ids )
$# 1 Line created: Line 7
asm_const_line_2point( "8", "Point 10", "Point 11", 0, "", 50., 1,  @
asm_line_2point_created_ids )
$# 1 Line created: Line 8
asm_const_line_2point( "9", "Point 11", "Point 12", 0, "", 50., 1,  @
asm_line_2point_created_ids )
$# 1 Line created: Line 9
asm_const_line_2point( "10", "Point 12", "Point 13", 0, "", 50., 1,  @
asm_line_2point_created_ids )
$# 1 Line created: Line 10
asm_const_line_2point( "11", "Point 14", "Point 15", 0, "", 50., 1,  @
asm_line_2point_created_ids )
$# 1 Line created: Line 11
asm_const_line_2point( "12", "Point 15", "Point 16", 0, "", 50., 1,  @
asm_line_2point_created_ids )
$# 1 Line created: Line 12
asm_const_line_2point( "13", "Point 1", "Point 10", 0, "", 50., 1,  @
asm_line_2point_created_ids )
$# 1 Line created: Line 13
asm_const_line_2point( "14", "Point 16", "Point 20", 0, "", 50., 1,  @
asm_line_2point_created_ids )
$# 1 Line created: Line 14
asm_const_line_2point( "15", "Point 1", "Point 17", 0, "", 50., 1,  @
asm_line_2point_created_ids )
$# 1 Line created: Line 15
asm_const_line_2point( "16", "Point 17", "Point 18", 0, "", 50., 1,  @
asm_line_2point_created_ids )
$# 1 Line created: Line 16
asm_const_line_2point( "17", "Point 18", "Point 19", 0, "", 50., 1,  @
asm_line_2point_created_ids )
$# 1 Line created: Line 17
asm_const_line_2point( "18", "Point 19", "Point 21", 0, "", 50., 1,  @
asm_line_2point_created_ids )
$# 1 Line created: Line 18
asm_const_line_2point( "19", "Point 2", "Point 3", 0, "", 50., 1,  @
asm_line_2point_created_ids )
$# 1 Line created: Line 19
asm_const_line_2point( "20", "Point 3", "Point 10", 0, "", 50., 1,  @
asm_line_2point_created_ids )
$# 1 Line created: Line 20
asm_const_line_2point( "21", "Point 10", "Point 14", 0, "", 50., 1,  @
asm_line_2point_created_ids )
$# 1 Line created: Line 21
asm_const_line_2point( "22", "Point 14", "Point 17", 0, "", 50., 1,  @
asm_line_2point_created_ids )
$# 1 Line created: Line 22
asm_const_line_2point( "23", "Point 4", "Point 5", 0, "", 50., 1,  @
asm_line_2point_created_ids )
$# 1 Line created: Line 23
asm_const_line_2point( "24", "Point 5", "Point 11", 0, "", 50., 1,  @
asm_line_2point_created_ids )
$# 1 Line created: Line 24
asm_const_line_2point( "25", "Point 11", "Point 15", 0, "", 50., 1,  @
asm_line_2point_created_ids )
$# 1 Line created: Line 25
asm_const_line_2point( "26", "Point 15", "Point 18", 0, "", 50., 1,  @
asm_line_2point_created_ids )
$# 1 Line created: Line 26
asm_const_line_2point( "27", "Point 6", "Point 7", 0, "", 50., 1,  @
asm_line_2point_created_ids )
$# 1 Line created: Line 27
$# UNDO: Create Curve 2Point for Point 7[ 0.140253 0.140253 0.000000 ]
asm_const_line_2point( "28", "Point 7", "Point 12", 0, "", 50., 1,  @
asm_line_2point_created_ids )
$# 1 Line created: Line 28
asm_const_line_2point( "29", "Point 12", "Point 16", 0, "", 50., 1,  @
asm_line_2point_created_ids )
$# 1 Line created: Line 29
asm_const_line_2point( "30", "Point 16", "Point 19", 0, "", 50., 1,  @
asm_line_2point_created_ids )
$# 1 Line created: Line 30
asm_const_line_2point( "31", "Point 8", "Point 9", 0, "", 50., 1,  @
asm_line_2point_created_ids )
$# 1 Line created: Line 31
asm_const_line_2point( "32", "Point 9", "Point 13", 0, "", 50., 1,  @
asm_line_2point_created_ids )
$# 1 Line created: Line 32
asm_const_line_2point( "33", "Point 13", "Point 20", 0, "", 50., 1,  @
asm_line_2point_created_ids )
$# 1 Line created: Line 33
asm_const_line_2point( "34", "Point 20", "Point 21", 0, "", 50., 1,  @
asm_line_2point_created_ids )
$# 1 Line created: Line 34
ga_view_aa_set( -2.118300, 2.801428, 1.217878 )
ga_view_center_set( 0.023324, 0.057286 )
ga_view_zoom_set( 0.279766 )
ga_view_center_set( 0.032472, 0.083688 )
ga_view_zoom_set( 0.314736 )
ga_view_center_set( 0.042763, 0.113390 )
ga_view_zoom_set( 0.354078 )
ga_view_center_set( 0.054341, 0.146804 )
ga_view_zoom_set( 0.398338 )
ga_view_center_set( 0.036461, 0.115295 )
ga_view_zoom_set( 0.354078 )
ga_view_center_set( 0.020568, 0.087286 )
ga_view_zoom_set( 0.314736 )
ga_view_center_set( 0.006441, 0.062390 )
ga_view_zoom_set( 0.279766 )
ga_view_center_set( -0.006117, 0.040260 )
ga_view_zoom_set( 0.248681 )
ga_view_center_set( -0.017279, 0.020589 )
ga_view_zoom_set( 0.221049 )
ga_view_center_set( -0.016222, 0.003754 )
ga_view_zoom_set( 0.196488 )
ga_view_center_set( -0.014776, -0.011210 )
ga_view_zoom_set( 0.174656 )
ga_view_center_set( -0.013169, -0.024512 )
ga_view_zoom_set( 0.155250 )
ga_view_center_set( -0.011684, -0.036336 )
ga_view_zoom_set( 0.138000 )
ga_view_center_set( -0.013170, -0.024512 )
ga_view_zoom_set( 0.155250 )
STRING sgm_surface_2curve_created_ids[VIRTUAL]
sgm_const_surface_2curve( "1", "Curve 19", "Curve 13",  @
sgm_surface_2curve_created_ids )
$# 1 Surface Created: Surface 1
uil_toolbar.shaded_smooth(  )
sgm_const_surface_2curve( "2", "Curve 23", "Curve 19",  @
sgm_surface_2curve_created_ids )
$# 1 Surface Created: Surface 2
sgm_const_surface_2curve( "3", "Curve 27", "Curve 23",  @
sgm_surface_2curve_created_ids )
$# 1 Surface Created: Surface 3
sgm_const_surface_2curve( "4", "Curve 31", "Curve 27",  @
sgm_surface_2curve_created_ids )
$# 1 Surface Created: Surface 4
sgm_const_surface_2curve( "5", "Curve 24", "Curve 20",  @
sgm_surface_2curve_created_ids )
$# 1 Surface Created: Surface 5
sgm_const_surface_2curve( "6", "Curve 28", "Curve 24",  @
sgm_surface_2curve_created_ids )
$# 1 Surface Created: Surface 6
sgm_const_surface_2curve( "7", "Curve 32", "Curve 28",  @
sgm_surface_2curve_created_ids )
$# 1 Surface Created: Surface 7
sgm_const_surface_2curve( "8", "Curve 21", "Curve 15",  @
sgm_surface_2curve_created_ids )
$# 1 Surface Created: Surface 8
sgm_const_surface_2curve( "9", "Curve 25", "Curve 21",  @
sgm_surface_2curve_created_ids )
$# 1 Surface Created: Surface 9
sgm_const_surface_2curve( "10", "Curve 29", "Curve 25",  @
sgm_surface_2curve_created_ids )
$# 1 Surface Created: Surface 10
sgm_const_surface_2curve( "11", "Curve 33", "Curve 29",  @
sgm_surface_2curve_created_ids )
$# 1 Surface Created: Surface 11
sgm_const_surface_2curve( "12", "Curve 26", "Curve 22",  @
sgm_surface_2curve_created_ids )
$# 1 Surface Created: Surface 12
sgm_const_surface_2curve( "13", "Curve 30", "Curve 26",  @
sgm_surface_2curve_created_ids )
$# 1 Surface Created: Surface 13
sgm_const_surface_2curve( "14", "Curve 34", "Curve 30",  @
sgm_surface_2curve_created_ids )
$# 1 Surface Created: Surface 14
uil_primary_file.db_save(  )
ga_view_aa_set( 0., 0., 0. )
ga_view_aa_set( -1.783785, 2.182488, -3.239443 )
$# Appending to existing journal file 
$# C:\EUEP2\Git\EUE\Practica_2\Modelo\Geometria_CAD\Geometria_1.db.jou at 
$# 21-Apr-21 20:40:14
$# Synchronizing the User Data Manager
set_current_dir( "C:\EUEP2\Git\EUE\Practica_2\Modelo\Geometria_CAD" )
$# The current working directory has been changed to the database location 
$# shown.                                                                     
$#                                                                            
$#                                   
ga_viewport_size_set( "default_viewport", 8.569082, 7.338706, 1 )
ga_view_aa_set( -4.015171, -10.998661, -0.908291 )
uil_file_saveas.copy( "C:\EUEP2\Git\EUE\Practica_2\Bandeja_A\G1.db", FALSE )
$# Flushing the User Data Manager
$# Journal file stopped recording at 21-Apr-21 20:55:23
