$# Creating journal file 
$# C:\Users\danie\Desktop\EUE\Practica_Teorica\FEM\Parte_1\Parte_1.db.jou at 
$# 02-Jun-21 10:36:42
uil_file_rebuild.start("C:\Program Files\MSC.Software\NaPa_SE\2020\Patran/" // @
"template.db","C:\Users\danie\Desktop\EUE\Practica_Teorica\FEM\Parte_1\Par" // @
"te_1.db")
$# Synchronizing the User Data Manager
set_current_dir( "C:\Users\danie\Desktop\EUE\Practica_Teorica\FEM\Parte_1" )
$# The current working directory has been changed to the database location 
$# shown.                                                                     
$#                                                                            
$#                                   
db_set_pref( 303, 3, 0, FALSE, 4.9999999E-06, "" )
STRING asm_create_grid_xyz_created_ids[VIRTUAL]
asm_const_grid_xyz( "1", "[0 0 0]", "Coord 0", asm_create_grid_xyz_created_ids )
$# 1 Point created: Point 1
asm_const_grid_xyz( "2", "[0.5 0 0]", "Coord 0",  @
asm_create_grid_xyz_created_ids )
$# 1 Point created: Point 2
asm_const_grid_xyz( "3", "[1.1 0 0]", "Coord 0",  @
asm_create_grid_xyz_created_ids )
$# 1 Point created: Point 3
STRING asm_line_2point_created_ids[VIRTUAL]
asm_const_line_2point( "1", "Point 1", "Point 2", 0, "", 50., 1,  @
asm_line_2point_created_ids )
$# 1 Line created: Line 1
asm_const_line_2point( "2", "Point 2", "Point 3", 0, "", 50., 1,  @
asm_line_2point_created_ids )
$# 1 Line created: Line 2
material.create( "Analysis code ID", 1, "Analysis type ID", 1, "Viga_1", 0,  @
"Date: 02-Jun-21           Time: 10:47:42", "Isotropic", 1, "Directionality",  @
1, "Linearity", 1, "Homogeneous", 0, "Linear Elastic", 1,  @
"Model Options & IDs", ["", "", "", "", ""], [0, 0, 0, 0, 0], "Active Flag",  @
1, "Create", 10, "External Flag", FALSE, "Property IDs", ["Elastic Modulus",  @
"Poisson Ratio", "Density"], [2, 5, 16, 0], "Property Values", ["2.4e8", "0.4" @
, "1.4e3", ""] )
material.create( "Analysis code ID", 1, "Analysis type ID", 1, "Viga_2", 0,  @
"Date: 02-Jun-21           Time: 10:47:42", "Isotropic", 1, "Directionality",  @
1, "Linearity", 1, "Homogeneous", 0, "Linear Elastic", 1,  @
"Model Options & IDs", ["", "", "", "", ""], [0, 0, 0, 0, 0], "Active Flag",  @
1, "Create", 10, "External Flag", FALSE, "Property IDs", ["Elastic Modulus",  @
"Poisson Ratio", "Density"], [2, 5, 16, 0], "Property Values", ["7e10", "0.3", @
 "1.1333e4", ""] )
ui_exec_function( "mesh_seed_display_mgr", "init" )
mesh_seed_display_mgr.erase(  )
gm_hilight_clear(  )
gm_hilight_clear(  )
gm_hilight_clear(  )
gm_hilight_clear(  )
gm_hilight_clear(  )
gm_hilight_clear(  )
mesh_seed_display_mgr.erase(  )
mesh_seed_display_mgr.erase(  )
gm_hilight_clear(  )
gm_hilight_clear(  )
gm_hilight_clear(  )
gm_hilight_clear(  )
gm_hilight_clear(  )
gm_hilight_clear(  )
beam_section_create( "Viga_1", "ROD", ["1E-3"] )
$# Beam Section "Viga_1" created.
elementprops_create( "Viga_1", 11, 2, 42, 1, 1, 20, [39, 13, 6, 4042, 4043,  @
2047, 2048, 1, 10, 11, 4026, 1026, 4044, 4045, 4037, 4047, 4048, 4050, 4051,  @
4053, 4054, 4056, 4057, 8112, 4061, 4303, 8111, 4403, 4404, 4410, 4411, 8200,  @
8201, 8202], [11, 5, 2, 2, 2, 4, 4, 1, 1, 1, 1, 1, 1, 1, 1, 1, 1, 1, 1, 1, 1,  @
1, 1, 1, 6, 4, 4, 1, 1, 1, 6, 4, 4, 4], ["Viga_1", "m:Viga_1", "<0, 0, 1>", "" @
, "", "", "", "", "", "", "", "", "", "", "", "", "", "", "", "", "", "", "",  @
"", "", "", "", "", "", "", "", "Analysis", "Analysis", "Analysis"], "" )
$# Property Set "Viga_1" created.
beam_section_create( "Viga_2", "ROD", ["5e-4"] )
$# Beam Section "Viga_2" created.
elementprops_create( "Viga_2", 11, 2, 42, 1, 1, 20, [39, 13, 6, 4042, 4043,  @
2047, 2048, 1, 10, 11, 4026, 1026, 4044, 4045, 4037, 4047, 4048, 4050, 4051,  @
4053, 4054, 4056, 4057, 8112, 4061, 4303, 8111, 4403, 4404, 4410, 4411, 8200,  @
8201, 8202], [11, 5, 2, 2, 2, 4, 4, 1, 1, 1, 1, 1, 1, 1, 1, 1, 1, 1, 1, 1, 1,  @
1, 1, 1, 6, 4, 4, 1, 1, 1, 6, 4, 4, 4], ["Viga_2", "m:Viga_2", "<0, 0, 1>", "" @
, "", "", "", "", "", "", "", "", "", "", "", "", "", "", "", "", "", "", "",  @
"", "", "", "", "", "", "", "", "Analysis", "Analysis", "Analysis"], "" )
$# Property Set "Viga_2" created.
uil_primary_file.db_save(  )
gm_hilight_clear(  )
gm_hilight_clear(  )
gm_hilight_clear(  )
gm_hilight_clear(  )
gm_hilight_clear(  )
gm_hilight_clear(  )
mesh_seed_display_mgr.erase(  )
mesh_seed_display_mgr.erase(  )
elementprops_modify( "Viga_1", "Viga_1", 11, 2, 42, 1, 1, 20, [39, 13, 6,  @
4042, 4043, 2047, 2048, 1, 10, 11, 4026, 1026, 4044, 4045, 4037, 4047, 4048,  @
4050, 4051, 4053, 4054, 4056, 4057, 8112, 4061, 4303, 8111, 4403, 4404, 4410,  @
4411, 8200, 8201, 8202], [11, 5, 2, 2, 2, 4, 4, 1, 1, 1, 1, 1, 1, 1, 1, 1, 1,  @
1, 1, 1, 1, 1, 1, 1, 6, 4, 4, 1, 1, 1, 6, 4, 4, 4], ["Viga_1", "m:Viga_1",  @
"<0. 0. 1.>", "", "", "", "", "", "", "", "", "", "", "", "", "", "", "", "",  @
"", "", "", "", "", "", "", "", "", "", "", "", "Analysis", "Analysis",  @
"Analysis"], "Curve 1" )
$# Property Set "Viga_1" modified.
$# Critical Decision requested from application Regions
$#     The Select Members databox contains some data.  Do you wish to add it 
$# to the Application Region List before continuing?
$? NO 67001017 
elementprops_modify( "Viga_2", "Viga_2", 11, 2, 42, 1, 1, 20, [39, 13, 6,  @
4042, 4043, 2047, 2048, 1, 10, 11, 4026, 1026, 4044, 4045, 4037, 4047, 4048,  @
4050, 4051, 4053, 4054, 4056, 4057, 8112, 4061, 4303, 8111, 4403, 4404, 4410,  @
4411, 8200, 8201, 8202], [11, 5, 2, 2, 2, 4, 4, 1, 1, 1, 1, 1, 1, 1, 1, 1, 1,  @
1, 1, 1, 1, 1, 1, 1, 6, 4, 4, 1, 1, 1, 6, 4, 4, 4], ["Viga_2", "m:Viga_2",  @
"<0. 0. 1.>", "", "", "", "", "", "", "", "", "", "", "", "", "", "", "", "",  @
"", "", "", "", "", "", "", "", "", "", "", "", "Analysis", "Analysis",  @
"Analysis"], "" )
$# Property Set "Viga_2" modified.
$# Warning reported from application ELEM_PROPS
$#     The selected entity does not have an assigned property set.
$# Warning reported from application ELEM_PROPS
$#     The selected entity does not have an assigned property set.
elementprops_modify( "Viga_2", "Viga_2", 11, 2, 42, 1, 1, 20, [39, 13, 6,  @
4042, 4043, 2047, 2048, 1, 10, 11, 4026, 1026, 4044, 4045, 4037, 4047, 4048,  @
4050, 4051, 4053, 4054, 4056, 4057, 8112, 4061, 4303, 8111, 4403, 4404, 4410,  @
4411, 8200, 8201, 8202], [11, 5, 2, 2, 2, 4, 4, 1, 1, 1, 1, 1, 1, 1, 1, 1, 1,  @
1, 1, 1, 1, 1, 1, 1, 6, 4, 4, 1, 1, 4, 6, 4, 4, 4], ["Viga_2", "m:Viga_2",  @
"<0. 0. 1.>", "", "", "", "", "", "", "", "", "", "", "", "", "", "", "", "",  @
"", "", "", "", "", "", "", "", "", "", "", "", "Analysis", "Analysis",  @
"Analysis"], "Curve 2" )
$# Property Set "Viga_2" modified.
uil_primary_file.db_save(  )
mesh_seed_display_mgr.erase(  )
mesh_seed_create( "Curve 1", 2, 0, 0., 0.0099999998, 0. )
mesh_seed_create( "Curve 2", 2, 0, 0., 0.0099999998, 0. )
INTEGER fem_create_mesh_curve_num_nodes
INTEGER fem_create_mesh_curve_num_elems
STRING fem_create_mesh_c_nodes_created[VIRTUAL]
STRING fem_create_mesh_c_elems_created[VIRTUAL]
fem_create_mesh_curv_1( "Curve 1", 16384, 0.050000001, "Bar2", "#", "#",  @
"Coord 0", "Coord 0", fem_create_mesh_curve_num_nodes,  @
fem_create_mesh_curve_num_elems, fem_create_mesh_c_nodes_created,  @
fem_create_mesh_c_elems_created )
$# 51 nodes and 50 elements created for Curve 1.
$# === 51 nodes created.  IDs  = 1:51.
$# === 50 elements created.  IDs  = 1:50.
fem_associate_elems_to_ep( "Viga_1", fem_create_mesh_c_elems_created,  @
fem_create_mesh_curve_num_elems )
$# 50 Element(s) associated to the Element Property Viga_1.
INTEGER fem_create_mesh_curve_num_nodes
INTEGER fem_create_mesh_curve_num_elems
STRING fem_create_mesh_c_nodes_created[VIRTUAL]
STRING fem_create_mesh_c_elems_created[VIRTUAL]
fem_create_mesh_curv_1( "Curve 2", 16384, 0.059999999, "Bar2", "#", "#",  @
"Coord 0", "Coord 0", fem_create_mesh_curve_num_nodes,  @
fem_create_mesh_curve_num_elems, fem_create_mesh_c_nodes_created,  @
fem_create_mesh_c_elems_created )
$# 61 nodes and 60 elements created for Curve 2.
$# === 61 nodes created.  IDs  = 52:112.
$# === 60 elements created.  IDs  = 51:110.
fem_associate_elems_to_ep( "Viga_2", fem_create_mesh_c_elems_created,  @
fem_create_mesh_curve_num_elems )
$# 60 Element(s) associated to the Element Property Viga_2.
uil_primary_file.db_save(  )
mesh_seed_display_mgr.erase(  )
gm_hilight_clear(  )
gm_hilight_clear(  )
gm_hilight_clear(  )
gm_hilight_clear(  )
gm_hilight_clear(  )
gm_hilight_clear(  )
loadcase_create2( "Parte_1", "Static", "", 1., [""], [0], [0.], "", 0., TRUE )
$# Load Case "Parte_1" created.
gm_hilight_clear(  )
gm_hilight_clear(  )
gm_hilight_clear(  )
gm_hilight_clear(  )
gm_hilight_clear(  )
gm_hilight_clear(  )
gm_hilight_clear(  )
gm_hilight_clear(  )
gm_hilight_clear(  )
gm_hilight_clear(  )
gm_hilight_clear(  )
gm_hilight_clear(  )
gm_hilight_clear(  )
gm_hilight_clear(  )
gm_hilight_clear(  )
gm_hilight_clear(  )
gm_hilight_clear(  )
gm_hilight_clear(  )
gm_hilight_clear(  )
gm_hilight_clear(  )
gm_hilight_clear(  )
gm_hilight_clear(  )
gm_hilight_clear(  )
gm_hilight_clear(  )
gm_hilight_clear(  )
gm_hilight_clear(  )
gm_hilight_clear(  )
mesh_seed_display_mgr.erase(  )
mesh_seed_display_mgr.erase(  )
verify_boundaries_display_mgr.initialize(  )
REAL fem_equiv_all_x_equivtol_ab
INTEGER fem_equiv_all_x_segment
fem_equiv_all_group4( [" "], 0, "", 1, 1, 4.9999999E-06, FALSE,  @
fem_equiv_all_x_equivtol_ab, fem_equiv_all_x_segment )
$# Realigning database with new node numbers...
$# Database realignment completed.
$# Geometric equivalencing completed. 1 node deleted.
gm_hilight_clear(  )
gm_hilight_clear(  )
gm_hilight_clear(  )
loadsbcs_create2( "BC_123456", "Velocity", "Nodal", "", "Static", [ @
"Node 1 112"], "FEM", "Coord 0", "1.", ["<  0,0,0   >", "<  0,0,0   >",  @
"<     >", "<     >"], ["", "", "", ""] )
$# Load/BC set "BC_123456" created.
ga_view_aa_set( -2.155454, -59.980492, -1.571530 )
ga_view_aa_set( 2.966461, -46.985336, -1.447673 )
uil_primary_file.db_save(  )
ga_view_aa_set( -8.000789, -10.277860, 2.348319 )
ga_view_aa_set( 0., 0., 0. )
ga_view_center_set( -0.059743, -0.000390 )
ga_view_zoom_set( 0.251262 )
ga_view_center_set( -0.112674, -0.000824 )
ga_view_zoom_set( 0.223344 )
ga_view_center_set( -0.159647, -0.001209 )
ga_view_zoom_set( 0.198528 )
ga_view_center_set( -0.201401, -0.001552 )
ga_view_zoom_set( 0.176469 )
ga_view_center_set( -0.170129, 0.003655 )
ga_view_zoom_set( 0.198528 )
ga_view_center_set( -0.140111, 0.014059 )
ga_view_zoom_set( 0.223344 )
ga_view_center_set( -0.106340, 0.025764 )
ga_view_zoom_set( 0.251262 )
gm_hilight_clear(  )
gm_hilight_clear(  )
gm_hilight_clear(  )
gm_hilight_clear(  )
gm_hilight_clear(  )
gm_hilight_clear(  )
gm_hilight_clear(  )
gm_hilight_clear(  )
gm_hilight_clear(  )
gm_hilight_clear(  )
gm_hilight_clear(  )
gm_hilight_clear(  )
gm_hilight_clear(  )
gm_hilight_clear(  )
gm_hilight_clear(  )
gm_hilight_clear(  )
gm_hilight_clear(  )
gm_hilight_clear(  )
$# Error reported from application LOADS_BCS
$#     Load/BC Name is "blank". Input a Load/BC Name.
$? NO 26002010 
loadsbcs_create2( "Load", "Force", "Nodal", "", "Static", ["Node 25"], "FEM",  @
"Coord 0", "1.", ["<  0,0,-1   >", "<     >", "<     >", "<     >"], ["", "",  @
"", ""] )
$# Load/BC set "Load" created.
ga_view_aa_set( -31.946527, 4.234305, -0.515138 )
ga_view_aa_set( -80.680016, 8.629925, -170.909256 )
ga_view_center_set( -0.107755, 0.030251 )
ga_view_zoom_set( 0.282669 )
ga_view_center_set( -0.109346, 0.035298 )
ga_view_zoom_set( 0.318003 )
ga_view_center_set( -0.111136, 0.040977 )
ga_view_zoom_set( 0.357753 )
ga_view_aa_set( -90.231781, -4.881080, 0.298668 )
ga_view_aa_set( -85.561188, -1.219938, -11.522534 )
loadsbcs_plot_markers_v2( ["BC_123456", "Load"], ["default_group"], TRUE, 0. )
gm_visibility_widget( " Point 1:3 Curve 1:2", FALSE )
gm_visibility_widget( " Point 1:3 Curve 1:2", TRUE )
ga_view_aa_set( 0., 0., 0. )
ga_view_aa_set( 0., 180., 0. )
ga_view_aa_set( -90., 0., 0. )
uil_primary_file.db_save(  )
uil_primary_file.db_save(  )
$# Flushing the User Data Manager
$# Journal file stopped recording at 02-Jun-21 12:13:06
$# Appending to existing journal file 
$# C:\Users\danie\Desktop\EUE\Practica_Teorica\FEM\Parte_1\Vigas\Parte_1.db.jo
$# u at 03-Jun-21 10:40:41
$# Synchronizing the User Data Manager
set_current_dir( "C:\Users\danie\Desktop\EUE\Practica_Teorica\FEM\Parte_1\" // @
"Vigas" )
$# The current working directory has been changed to the database location 
$# shown.                                                                     
$#                                                                            
$#                                   
ui_exec_function( "mesh_seed_display_mgr", "init" )
mesh_seed_display_mgr.erase(  )
gm_hilight_clear(  )
gm_hilight_clear(  )
gm_hilight_clear(  )
gm_hilight_clear(  )
gm_hilight_clear(  )
gm_hilight_clear(  )
gm_hilight_clear(  )
gm_hilight_clear(  )
gm_hilight_clear(  )
loadsbcs_delete( ["Load"] )
$# 1 Load/BC set(s) deleted.
gm_hilight_clear(  )
gm_hilight_clear(  )
gm_hilight_clear(  )
gm_hilight_clear(  )
gm_hilight_clear(  )
gm_hilight_clear(  )
gm_hilight_clear(  )
gm_hilight_clear(  )
gm_hilight_clear(  )
gm_hilight_clear(  )
gm_hilight_clear(  )
gm_hilight_clear(  )
gm_hilight_clear(  )
gm_hilight_clear(  )
gm_hilight_clear(  )
gm_hilight_clear(  )
gm_hilight_clear(  )
gm_hilight_clear(  )
gm_hilight_clear(  )
gm_hilight_clear(  )
gm_hilight_clear(  )
$# UNDO: Load Case Delete
$# UNDO: Load Case Delete
gm_hilight_clear(  )
gm_hilight_clear(  )
gm_hilight_clear(  )
gm_hilight_clear(  )
gm_hilight_clear(  )
gm_hilight_clear(  )
gm_hilight_clear(  )
gm_hilight_clear(  )
gm_hilight_clear(  )
gm_hilight_clear(  )
gm_hilight_clear(  )
gm_hilight_clear(  )
gm_hilight_clear(  )
gm_hilight_clear(  )
gm_hilight_clear(  )
gm_hilight_clear(  )
gm_hilight_clear(  )
gm_hilight_clear(  )
gm_hilight_clear(  )
gm_hilight_clear(  )
gm_hilight_clear(  )
gm_hilight_clear(  )
gm_hilight_clear(  )
gm_hilight_clear(  )
gm_hilight_clear(  )
gm_hilight_clear(  )
gm_hilight_clear(  )
gm_hilight_clear(  )
gm_hilight_clear(  )
gm_hilight_clear(  )
gm_hilight_clear(  )
gm_hilight_clear(  )
gm_hilight_clear(  )
gm_hilight_clear(  )
gm_hilight_clear(  )
gm_hilight_clear(  )
gm_hilight_clear(  )
gm_hilight_clear(  )
gm_hilight_clear(  )
gm_hilight_clear(  )
gm_hilight_clear(  )
gm_hilight_clear(  )
gm_hilight_clear(  )
gm_hilight_clear(  )
gm_hilight_clear(  )
gm_hilight_clear(  )
gm_hilight_clear(  )
gm_hilight_clear(  )
gm_hilight_clear(  )
gm_hilight_clear(  )
gm_hilight_clear(  )
gm_hilight_clear(  )
gm_hilight_clear(  )
gm_hilight_clear(  )
gm_hilight_clear(  )
gm_hilight_clear(  )
gm_hilight_clear(  )
gm_hilight_clear(  )
gm_hilight_clear(  )
gm_hilight_clear(  )
gm_hilight_clear(  )
gm_hilight_clear(  )
gm_hilight_clear(  )
gm_hilight_clear(  )
gm_hilight_clear(  )
gm_hilight_clear(  )
gm_hilight_clear(  )
gm_hilight_clear(  )
gm_hilight_clear(  )
gm_hilight_clear(  )
gm_hilight_clear(  )
gm_hilight_clear(  )
gm_hilight_clear(  )
gm_hilight_clear(  )
gm_hilight_clear(  )
gm_hilight_clear(  )
gm_hilight_clear(  )
gm_hilight_clear(  )
gm_hilight_clear(  )
gm_hilight_clear(  )
gm_hilight_clear(  )
loadsbcs_delete( ["BC_123456"] )
$# 1 Load/BC set(s) deleted.
uil_primary_file.db_save(  )
gm_hilight_clear(  )
gm_hilight_clear(  )
gm_hilight_clear(  )
gm_hilight_clear(  )
gm_hilight_clear(  )
gm_hilight_clear(  )
gm_hilight_clear(  )
gm_hilight_clear(  )
gm_hilight_clear(  )
mesh_seed_display_mgr.erase(  )
mesh_seed_display_mgr.erase(  )
ga_view_center_set( -0.117316, 0.049865 )
ga_view_zoom_set( 0.402473 )
ga_view_center_set( -0.124268, 0.059864 )
ga_view_zoom_set( 0.452782 )
ga_view_center_set( -0.154852, 0.104861 )
ga_view_zoom_set( 0.679172 )
ga_view_center_set( -0.136502, 0.077863 )
ga_view_zoom_set( 0.543338 )
ga_view_center_set( -0.121822, 0.056265 )
ga_view_zoom_set( 0.434670 )
ga_view_center_set( -0.110077, 0.038986 )
ga_view_zoom_set( 0.347736 )
ga_view_center_set( -0.097266, 0.020136 )
ga_view_zoom_set( 0.252899 )
ga_view_center_set( -0.084125, 0.000803 )
ga_view_zoom_set( 0.155630 )
ga_view_center_set( -0.078391, -0.007633 )
ga_view_zoom_set( 0.113186 )
ga_view_center_set( -0.073294, -0.015132 )
ga_view_zoom_set( 0.075457 )
ga_view_center_set( -0.072162, -0.016798 )
ga_view_zoom_set( 0.067073 )
ga_view_center_set( -0.071178, -0.018279 )
ga_view_zoom_set( 0.059620 )
ga_view_center_set( -0.046390, -0.018650 )
ga_view_zoom_set( 0.074526 )
ga_view_center_set( -0.030898, -0.018881 )
ga_view_zoom_set( 0.083841 )
ga_view_center_set( -0.013469, -0.019141 )
ga_view_zoom_set( 0.094321 )
ga_view_center_set( 0.006139, -0.019434 )
ga_view_zoom_set( 0.106112 )
ga_view_center_set( 0.028197, -0.019764 )
ga_view_zoom_set( 0.119375 )
ga_view_center_set( 0.087561, -0.018652 )
ga_view_zoom_set( 0.149219 )
ga_view_center_set( 0.124663, -0.017957 )
ga_view_zoom_set( 0.167872 )
ga_view_center_set( 0.208142, -0.016393 )
ga_view_zoom_set( 0.209840 )
ga_view_center_set( 0.212582, -0.013949 )
ga_view_zoom_set( 0.236070 )
ga_view_center_set( 0.221655, -0.008817 )
ga_view_zoom_set( 0.295087 )
ga_view_center_set( 0.227325, -0.005609 )
ga_view_zoom_set( 0.331973 )
ga_view_center_set( 0.249040, 0.000190 )
ga_view_zoom_set( 0.373470 )
ga_view_center_set( 0.177709, 0.000190 )
ga_view_zoom_set( 0.331973 )
ga_view_center_set( 0.114190, 0.000190 )
ga_view_zoom_set( 0.295087 )
ga_view_center_set( 0.057728, 0.000190 )
ga_view_zoom_set( 0.262300 )
STRING fem_renum_node_new_ids[VIRTUAL]
fem_renum_node_1( "Node 1:51", "1000", 2, fem_renum_node_new_ids )
$# 51 FEM entities renumbered.  New IDs are:  Node 1000:1050
repaint_graphics(  )
STRING fem_renum_elem_new_ids[VIRTUAL]
fem_renum_elem_1( "Elm 1:51", "1000", 2, fem_renum_elem_new_ids )
$# 51 FEM entities renumbered.  New IDs are:  Element 1000:1050
repaint_graphics(  )
ga_view_center_set( 0.039762, 0.000190 )
ga_view_zoom_set( 0.233155 )
ga_view_center_set( 0.023792, 0.000190 )
ga_view_zoom_set( 0.207249 )
ga_view_center_set( 0.009596, 0.000190 )
ga_view_zoom_set( 0.184221 )
ga_view_center_set( -0.003022, 0.000190 )
ga_view_zoom_set( 0.163752 )
ga_view_center_set( -0.014238, 0.000190 )
ga_view_zoom_set( 0.145558 )
ga_view_center_set( 0.002318, 0.001998 )
ga_view_zoom_set( 0.181947 )
ga_view_center_set( 0.023013, 0.004258 )
ga_view_zoom_set( 0.227434 )
ga_view_center_set( 0.035947, 0.005671 )
ga_view_zoom_set( 0.255863 )
ga_view_center_set( 0.095741, 0.013617 )
ga_view_zoom_set( 0.383795 )
ga_view_center_set( 0.119058, 0.017490 )
ga_view_zoom_set( 0.431769 )
ga_view_center_set( 0.146462, 0.023357 )
ga_view_zoom_set( 0.485740 )
ga_view_center_set( 0.178235, 0.031277 )
ga_view_zoom_set( 0.546458 )
ga_view_center_set( 0.214616, 0.040823 )
ga_view_zoom_set( 0.614765 )
ga_view_center_set( 0.296474, 0.065642 )
ga_view_zoom_set( 0.768456 )
ga_view_center_set( 0.398795, 0.098457 )
ga_view_zoom_set( 0.960570 )
ga_view_center_set( 0.341950, 0.079895 )
ga_view_zoom_set( 0.853840 )
ga_view_center_set( 0.250997, 0.050196 )
ga_view_zoom_set( 0.683072 )
mesh_seed_create( "Curve 1", 2, 0, 0., 0.0099999998, 0. )
ga_view_center_set( 0.179225, 0.036525 )
ga_view_zoom_set( 0.607175 )
ga_view_center_set( 0.114171, 0.024793 )
ga_view_zoom_set( 0.539711 )
ga_view_center_set( 0.006061, 0.007361 )
ga_view_zoom_set( 0.431769 )
ga_view_center_set( -0.042733, -0.000238 )
ga_view_zoom_set( 0.383795 )
ga_view_center_set( -0.121756, -0.011918 )
ga_view_zoom_set( 0.307036 )
ga_view_center_set( -0.156878, -0.017110 )
ga_view_zoom_set( 0.272921 )
mesh_seed_display_mgr.erase(  )
ga_view_center_set( -0.113916, -0.030565 )
ga_view_zoom_set( 0.307036 )
ga_view_center_set( -0.065584, -0.045702 )
ga_view_zoom_set( 0.345415 )
ga_view_center_set( 0.043162, -0.079761 )
ga_view_zoom_set( 0.431769 )
ga_view_center_set( 0.111129, -0.101048 )
ga_view_zoom_set( 0.485740 )
STRING fem_delete_mesh__deleted_labels[VIRTUAL]
STRING fem_delete_mes_not_found_labels[VIRTUAL]
fem_delete_seeds_from_edge( "Curve 1 2", fem_delete_mesh__deleted_labels,  @
fem_delete_mes_not_found_labels )
$# Mesh seeds deleted from 2 edges: Curve 1 2
STRING fem_delete_mesh__deleted_labels[VIRTUAL]
STRING fem_delete_mes_not_found_labels[VIRTUAL]
fem_delete_mesh_from_curve( "Curve 1 2", fem_delete_mesh__deleted_labels,  @
fem_delete_mes_not_found_labels )
$# Meshes deleted from 2 curves: Curve 1 2
mesh_seed_create( "Curve 1", 2, 0, 0., 0.0099999998, 0. )
INTEGER fem_create_mesh_curve_num_nodes
INTEGER fem_create_mesh_curve_num_elems
STRING fem_create_mesh_c_nodes_created[VIRTUAL]
STRING fem_create_mesh_c_elems_created[VIRTUAL]
fem_create_mesh_curv_1( "Curve 1", 16384, 0.050000001, "Bar2", "#", "#",  @
"Coord 0", "Coord 0", fem_create_mesh_curve_num_nodes,  @
fem_create_mesh_curve_num_elems, fem_create_mesh_c_nodes_created,  @
fem_create_mesh_c_elems_created )
$# 51 nodes and 50 elements created for Curve 1.
$# === 51 nodes created.  IDs  = 1:51.
$# === 50 elements created.  IDs  = 1:50.
fem_associate_elems_to_ep( "Viga_1", fem_create_mesh_c_elems_created,  @
fem_create_mesh_curve_num_elems )
$# 50 Element(s) associated to the Element Property Viga_1.
mesh_seed_create( "Curve 2", 2, 0, 0., 0.0099999998, 0. )
INTEGER fem_create_mesh_curve_num_nodes
INTEGER fem_create_mesh_curve_num_elems
STRING fem_create_mesh_c_nodes_created[VIRTUAL]
STRING fem_create_mesh_c_elems_created[VIRTUAL]
fem_create_mesh_curv_1( "Curve 2", 16384, 0.059999999, "Bar2", "#", "#",  @
"Coord 0", "Coord 0", fem_create_mesh_curve_num_nodes,  @
fem_create_mesh_curve_num_elems, fem_create_mesh_c_nodes_created,  @
fem_create_mesh_c_elems_created )
$# 61 nodes and 60 elements created for Curve 2.
$# === 61 nodes created.  IDs  = 52:112.
$# === 60 elements created.  IDs  = 51:110.
fem_associate_elems_to_ep( "Viga_2", fem_create_mesh_c_elems_created,  @
fem_create_mesh_curve_num_elems )
$# 60 Element(s) associated to the Element Property Viga_2.
INTEGER fem_create_mesh_curve_num_nodes
INTEGER fem_create_mesh_curve_num_elems
STRING fem_create_mesh_c_nodes_created[VIRTUAL]
STRING fem_create_mesh_c_elems_created[VIRTUAL]
fem_create_mesh_curv_1( "Curve 1", 16384, 0.050000001, "Bar2", "1000", "1000", @
 "Coord 0", "Coord 0", fem_create_mesh_curve_num_nodes,  @
fem_create_mesh_curve_num_elems, fem_create_mesh_c_nodes_created,  @
fem_create_mesh_c_elems_created )
$# Question from application FEM
$#     Do you wish to delete the existing mesh on Curve 1?
$? YESFORALL 2001103 
$# 51 nodes and 50 elements created for Curve 1.
$# === 51 nodes created.  IDs  = 1000:1050.
$# === 50 elements created.  IDs  = 1000:1049.
fem_associate_elems_to_ep( "Viga_1", fem_create_mesh_c_elems_created,  @
fem_create_mesh_curve_num_elems )
$# 50 Element(s) associated to the Element Property Viga_1.
INTEGER fem_create_mesh_curve_num_nodes
INTEGER fem_create_mesh_curve_num_elems
STRING fem_create_mesh_c_nodes_created[VIRTUAL]
STRING fem_create_mesh_c_elems_created[VIRTUAL]
fem_create_mesh_curv_1( "Curve 2", 16384, 0.059999999, "Bar2", "2051", "2050", @
 "Coord 0", "Coord 0", fem_create_mesh_curve_num_nodes,  @
fem_create_mesh_curve_num_elems, fem_create_mesh_c_nodes_created,  @
fem_create_mesh_c_elems_created )
$# Question from application FEM
$#     Do you wish to delete the existing mesh on Curve 2?
$? YESFORALL 2001103 
$# 61 nodes and 60 elements created for Curve 2.
$# === 61 nodes created.  IDs  = 2051:2111.
$# === 60 elements created.  IDs  = 2050:2109.
fem_associate_elems_to_ep( "Viga_2", fem_create_mesh_c_elems_created,  @
fem_create_mesh_curve_num_elems )
$# 60 Element(s) associated to the Element Property Viga_2.
mesh_seed_display_mgr.erase(  )
$#  Beginning analysis of  Parte_1
jobfile.open( "Parte_1", "ANALYZE NO JOBFILE" )
msc_delete_old_files( "Parte_1", ".bdf", ".op2" )
jobfile.write_spl( "/* Jobfile for PATNAS created %A% at %A% */", ["03-Jun-21" @
, "10:51:09"] )
jobfile.writec( "", "TRANSLATOR = pat3nas" )
jobfile.writec( "DATABASE", "C:\Users\danie\Desktop\EUE\Practica_Teorica\F" // @
"EM\Parte_1\Vigas\Parte_1.db" )
jobfile.writec( "JOBNAME", "Parte_1" )
jobfile.writec( "ANALYSIS TITLE", "MSC.Nastran job created on 03-Jun-21 at" // @
" 10:40:45" )
jobfile.writec( "ANALYSIS SUBTITLE", "" )
jobfile.writec( "ANALYSIS LABEL", "" )
jobfile.writec( "", "" )
jobfile.writec( "OBJECT", "Entire Model" )
jobfile.writec( "METHOD", "Analysis Deck" )
jobfile.writec( "", "" )
jobfile.writec( "MODEL SUFFIX", ".bdf" )
jobfile.writec( "RESULTS SUFFIX", ".op2" )
jobfile.writec( "", "" )
jobfile.writec( "", "/*" )
jobfile.writec( "", " * File Search Path Declaration" )
jobfile.writec( "", " */" )
jobfile.writec( "", "" )
jobfile.writec( "File Search Path", "C:\Users\danie" )
jobfile.writec( "File Search Path", "C:\Program Files\MSC.Software\NaPa_SE" // @
"\2020\Patran" )
jobfile.writec( "File Search Path", "C:\Program Files\MSC.Software\NaPa_SE" // @
"\2020\Patran\helpfiles" )
jobfile.writec( "File Search Path", "C:\Program Files\MSC.Software\NaPa_SE" // @
"\2020\Patran\alters" )
jobfile.writec( "File Search Path", "C:\Program Files\MSC.Software\NaPa_SE" // @
"\2020\Patran\icons" )
jobfile.writec( "File Search Path", "C:\Program Files\MSC.Software\NaPa_SE" // @
"\2020\Patran\icons\RibbonIcons" )
jobfile.writec( "File Search Path", "C:\Program Files\MSC.Software\NaPa_SE" // @
"\2020\Patran\bin" )
jobfile.writec( "File Search Path", "C:\Program Files\MSC.Software\NaPa_SE" // @
"\2020\Patran\bin\exe" )
jobfile.writec( "File Search Path", "C:\Program Files\MSC.Software\NaPa_SE" // @
"\2020\Patran\mscexplore_files\" )
jobfile.writec( "File Search Path", "C:\Program Files\MSC.Software\NaPa_SE" // @
"\2020\Patran\mscprocor_files\dmap" )
jobfile.writec( "File Search Path", "C:\Program Files\MSC.Software\NaPa_SE" // @
"\2020\Patran\mscprocor_files\plb" )
jobfile.writec( "File Search Path", "C:\Program Files\MSC.Software\NaPa_SE" // @
"\2020\Patran\mscprocor_files\lib" )
jobfile.writec( "File Search Path", "C:\Program Files\MSC.Software\NaPa_SE" // @
"\2020\Patran\mscprocor_files\icons" )
jobfile.writec( "File Search Path", "C:\Program Files\MSC.Software\NaPa_SE" // @
"\2020\Patran\shareware\msc\unsupported\utilities\icons" )
jobfile.writec( "File Search Path", "C:\Program Files\MSC.Software\NaPa_SE" // @
"\2020\Patran\shareware\msc\unsupported\utilities\plb" )
jobfile.writec( "File Search Path", "C:\Program Files\MSC.Software\NaPa_SE" // @
"\2020\Patran\shareware\msc\unsupported\utilities\extra_files" )
jobfile.writec( "", "" )
jobfile.writec( "", "/*" )
jobfile.writec( "", " * Translation Parameters" )
jobfile.writec( "", " */" )
jobfile.writec( "", "" )
jobfile.writec( "DATA OUTPUT", "XDB+PRINT" )
jobfile.writec( "OUTPUT2 REQUESTS", "P3 Built In" )
jobfile.writec( "OUTPUT2 FORMAT", "Binary" )
jobfile.writec( "DIVISION TOLERANCE", "1.0e-08" )
jobfile.writec( "NUMERICAL TOLERANCE", "1.0e-04" )
jobfile.writec( "WRITING TOLERANCE", "1.0e-21" )
jobfile.writec( "GEOM CHECK", "INFORM" )
jobfile.writec( "SORTED BULK", "NO" )
jobfile.writec( "CARD FORMAT", "either" )
jobfile.writec( "NODE COORDINATES", "reference frame" )
jobfile.writec( "COORD COORDINATES", "global" )
jobfile.writec( "MSC.Nastran VERSION", "2020." )
jobfile.writec( "WRITE STORED PRECISION", "TRUE" )
jobfile.writec( "WRITE IN FREE FORMAT", "FALSE" )
jobfile.writec( "PROPS ON ELEM ENTRY", "FALSE" )
jobfile.writec( "CONTINUATION ENTRY", "FALSE" )
jobfile.writec( "PCOMPG ENTRY", "TRUE" )
jobfile.writec( "CONVERT CBAR CBEAM", "FALSE" )
jobfile.writec( "ITERATIVE SOLVER", "FALSE" )
jobfile.writei( "SUPER ELEMENT 0", 0 )
jobfile.writec( "SEALL WRITE", "FALSE" )
jobfile.writec( "PART SUPERELEMENT CREATE", "TRUE" )
jobfile.writec( "AUTOQSET", "FALSE" )
jobfile.writec( "FIXEDB", "FALSE" )
jobfile.writei( "SUPER TREE COUNT", 0 )
jobfile.writec( "MODEL TOLERANCE", "4.9999999E-06" )
jobfile.writec( "ELEMENT PROPERTY OFFSET", "0" )
jobfile.writec( "MATERIAL PROPERTY OFFSET", "0" )
jobfile.writec( "TABLE OFFSET", "0" )
jobfile.writec( "LOAD SET OFFSET", "0" )
jobfile.writec( "LOAD CASE OFFSET", "0" )
jobfile.writec( "CONTROL SET OFFSET", "0" )
jobfile.writec( "RIGID ELEMENT OFFSET", "0" )
jobfile.writec( "SCALAR POINT OFFSET", "0" )
jobfile.writec( "BEGINNING CONTINUATION MARKER", "+      A" )
jobfile.writec( "NUMBER ONLY", "ON" )
jobfile.writec( "BEGINNING NUMBER", "OFF" )
jobfile.writec( "TRAILING NUMBER", "OFF" )
jobfile.writec( "SYNTAX NUMBER", "ON" )
jobfile.writec( "SYNTAX MARKER", "." )
jobfile.writec( "EXTERNAL SUPERELEMENT METHOD", "NONE" )
jobfile.writec( "GRID COORDINATES ROUNDING", "15" )
jobfile.writec( "COORD DATA PRECISION ROUNDING", "15" )
jobfile.writec( "MPC DATA PRECISION ROUNDING", "15" )
jobfile.writec( "LBC DATA PRECISION ROUNDING", "7" )
jobfile.writec( "MAT DATA PRECISION ROUNDING", "15" )
jobfile.writec( "PROP DATA PRECISION ROUNDING", "7" )
jobfile.writec( "USE LEGACY PRECISION", "FALSE" )
jobfile.writec( "EXPONENTIAL WRITE", "As Needed" )
jobfile.writec( "EXPONENTIAL FORM", "Condensed" )
jobfile.writec( "", "" )
jobfile.writec( "", "/*" )
jobfile.writec( "", " * Solution Parameters" )
jobfile.writec( "", " */" )
jobfile.writec( "", "" )
jobfile.writec( "SOLUTION TYPE", "NORMAL MODES" )
jobfile.writei( "SOLUTION SEQUENCE", 103 )
jobfile.writec( "CONTACT CHECK", "OFF" )
jobfile.writec( "DATABASE RUN", "ON" )
jobfile.writec( "INTERACTIVE MODES", "OFF" )
jobfile.writec( "CYCLIC SYMMETRY", "OFF" )
jobfile.writec( "AUTOMATIC CONSTRAINTS", "ON" )
jobfile.writec( "SHELL NORMAL TOLERANCE", "" )
jobfile.writec( "MASS CALCULATION", "Lumped" )
jobfile.writec( "DATA DECK ECHO", "None" )
jobfile.writec( "PLATE RZ STIFFNESS FACTOR", "100.0" )
jobfile.writec( "MAXIMUM PRINTED LINES", "" )
jobfile.writec( "MAXIMUM RUN TIME", "" )
jobfile.writec( "WT-MASS CONVERSION", "1.0" )
jobfile.writec( "NODE ID FOR WT-GENER", "" )
jobfile.writec( "RIGID ELEMENT TYPE", "LINEAR" )
jobfile.writec( "USE SOL600", "OFF" )
jobfile.writec( "RESIDUAL VECTOR", "Nastran Default" )
jobfile.writec( "SN MEAN STRESS CORRECTION", "NONE" )
jobfile.writec( "NEF FATIGUE STRESS OUTPUT", "NONE" )
jobfile.writec( "NEF STRESS UNITS", "MPA" )
jobfile.writec( "NEF STRESS COMBINATION", "ABSMAXPR" )
jobfile.writec( "NEF RESULT LOCATION", "NODA" )
jobfile.writec( "NEF RECOVERY LOCATION", "CORNER" )
jobfile.writec( "NEF LAYER LOCATION", "WORST" )
jobfile.writec( "NEF INTERPOLATION LIMIT", "0" )
jobfile.writec( "NEF LEVEL OF MESSAGE", "0" )
jobfile.writec( "NEF NUMBER OF THREADS", "1" )
jobfile.writer( "NEF CERTAINTY OF SURVIVAL", 50. )
jobfile.writer( "NEF OVERALL SCALE FACTOR", 1. )
jobfile.writer( "NEF TOP STRESS PERCENTAGE FILTER", 100. )
jobfile.writer( "NEF TOP DAMAGE PERCENTAGE FILTER", 100. )
jobfile.writec( "NEF TIME HISTORY DIRECTORY", "C:\Users\danie" )
jobfile.writei( "NEF MAX LOAD PER EVENT", 1 )
jobfile.writec( "NEF EVENT DATA", "0" )
jobfile.writec( "NEF LOAD SEQUENCE DATA", "0" )
jobfile.writec( "USE CONTACT TABLE", "OFF" )
jobfile.writec( "INITIAL CONTACTPAIR LOADCASE NAME", "" )
jobfile.writei( "MDOF DATA", 0 )
jobfile.writec( "CELL WRITE", "ON" )
jobfile.writei( "CELL INPUT 0", 0 )
jobfile.writec( "FMS WRITE", "ON" )
jobfile.writei( "FMS INPUT 0", 0 )
jobfile.writec( "EXEC WRITE", "ON" )
jobfile.writei( "EXEC INPUT 0", 0 )
jobfile.writec( "CASE WRITE", "ON" )
jobfile.writei( "CASE INPUT 0", 0 )
jobfile.writec( "BULK WRITE", "ON" )
jobfile.writei( "BULK INPUT 0", 0 )
jobfile.writec( "CELL DTI POSITION", "START" )
jobfile.writec( "FMS DTI POSITION", "START" )
jobfile.writec( "EXEC DTI POSITION", "START" )
jobfile.writec( "CASE DTI POSITION", "START" )
jobfile.writec( "BULK DTI POSITION", "START" )
jobfile.writec( "", "END" )
jobfile.close(  )
mscnastran_job.associate_subcases( "103", "Parte_1", 1, ["Default"] )
analysis_submit_2( "MSC.Nastran", "Parte_1" )
$# Patran 2020  (Student Edition) has obtained 0 concurrent license(s) from 
$# FLEXlm per a request to execute on Windows node DESKTOP-NHC7R5K(
$# c821586ab454) (Windows 6.2 (Build 9200: Service Pack 0)) at 03-Jun-21 
$# 10:51:10.
$# 
$# Reading model information from the specified database, 
$# C:\Users\danie\Desktop\EUE\Practica_Teorica\FEM\Parte_1\Vigas\Parte_1.db.
$# Messages output from the Patran 2020  (Student Edition) input deck 
$# translator on June      03, 2021 at 10:51:10.
$# 
$# The NASTRAN input file, Parte_1.bdf, has been successfully opened.
$# 
$# Translating 50 elements from the element property region Viga_1.
$# 
$# Translating 60 elements from the element property region Viga_2.
$# 
$# 2 property regions translated.
$# 
$# Translating 2 referenced material records.
$# 
$# Translating 112 nodes from the entire model.
$# 
$# Writing loads for Load Case : Default.
$# Writing interface element lbcs.
$# Total execution time in real seconds: 0.01
$# Total execution time in CPU seconds: 0.110016
$# 
$# End of NASTRAN input file translation.
$# Student Edition Patran Nastran Preference Patran 2020  (Student Edition) 
$# has released 0 license(s) to FLEXlm at 03-Jun-21 10:51:10.
$# The translation has completed successfully.
$# No Analysis Requested
mesh_seed_display_mgr.erase(  )
mesh_seed_display_mgr.erase(  )
REAL fem_equiv_all_x_equivtol_ab
INTEGER fem_equiv_all_x_segment
fem_equiv_all_group4( [" "], 0, "", 1, 1, 4.9999999E-06, FALSE,  @
fem_equiv_all_x_equivtol_ab, fem_equiv_all_x_segment )
$# Realigning database with new node numbers...
$# Database realignment completed.
$# Geometric equivalencing completed. 1 node deleted.
$#  Beginning analysis of  Parte_1
jobfile.open( "Parte_1", "ANALYZE NO JOBFILE" )
$# Question from application APP INTERFACES
$#     The jobname (Parte_1) is already defined in the database. Do you wish 
$# to overwrite?
$? YES 6016027 
msc_delete_old_files( "Parte_1", ".bdf", ".op2" )
jobfile.write_spl( "/* Jobfile for PATNAS created %A% at %A% */", ["03-Jun-21" @
, "10:52:41"] )
jobfile.writec( "", "TRANSLATOR = pat3nas" )
jobfile.writec( "DATABASE", "C:\Users\danie\Desktop\EUE\Practica_Teorica\F" // @
"EM\Parte_1\Vigas\Parte_1.db" )
jobfile.writec( "JOBNAME", "Parte_1" )
jobfile.writec( "ANALYSIS TITLE", "MSC.Nastran job created on 03-Jun-21 at" // @
" 10:40:45" )
jobfile.writec( "ANALYSIS SUBTITLE", "" )
jobfile.writec( "ANALYSIS LABEL", "" )
jobfile.writec( "", "" )
jobfile.writec( "OBJECT", "Entire Model" )
jobfile.writec( "METHOD", "Analysis Deck" )
jobfile.writec( "", "" )
jobfile.writec( "MODEL SUFFIX", ".bdf" )
jobfile.writec( "RESULTS SUFFIX", ".op2" )
jobfile.writec( "", "" )
jobfile.writec( "", "/*" )
jobfile.writec( "", " * File Search Path Declaration" )
jobfile.writec( "", " */" )
jobfile.writec( "", "" )
jobfile.writec( "File Search Path", "C:\Program Files\MSC.Software\NaPa_SE" // @
"\2020\Patran\mscexplore_files\" )
jobfile.writec( "File Search Path", "C:\Program Files\MSC.Software\NaPa_SE" // @
"\2020\Patran\bin\exe" )
jobfile.writec( "File Search Path", "C:\Program Files\MSC.Software\NaPa_SE" // @
"\2020\Patran\bin" )
jobfile.writec( "File Search Path", "C:\Program Files\MSC.Software\NaPa_SE" // @
"\2020\Patran\icons\RibbonIcons" )
jobfile.writec( "File Search Path", "C:\Program Files\MSC.Software\NaPa_SE" // @
"\2020\Patran\icons" )
jobfile.writec( "File Search Path", "C:\Program Files\MSC.Software\NaPa_SE" // @
"\2020\Patran\alters" )
jobfile.writec( "File Search Path", "C:\Program Files\MSC.Software\NaPa_SE" // @
"\2020\Patran\helpfiles" )
jobfile.writec( "File Search Path", "C:\Program Files\MSC.Software\NaPa_SE" // @
"\2020\Patran" )
jobfile.writec( "File Search Path", "C:\Program Files\MSC.Software\NaPa_SE" // @
"\2020\Patran\shareware\msc\unsupported\utilities\extra_files" )
jobfile.writec( "File Search Path", "C:\Program Files\MSC.Software\NaPa_SE" // @
"\2020\Patran\shareware\msc\unsupported\utilities\plb" )
jobfile.writec( "File Search Path", "C:\Program Files\MSC.Software\NaPa_SE" // @
"\2020\Patran\shareware\msc\unsupported\utilities\icons" )
jobfile.writec( "File Search Path", "C:\Program Files\MSC.Software\NaPa_SE" // @
"\2020\Patran\mscprocor_files\icons" )
jobfile.writec( "File Search Path", "C:\Program Files\MSC.Software\NaPa_SE" // @
"\2020\Patran\mscprocor_files\lib" )
jobfile.writec( "File Search Path", "C:\Program Files\MSC.Software\NaPa_SE" // @
"\2020\Patran\mscprocor_files\plb" )
jobfile.writec( "File Search Path", "C:\Program Files\MSC.Software\NaPa_SE" // @
"\2020\Patran\mscprocor_files\dmap" )
jobfile.writec( "File Search Path", "C:\Users\danie" )
jobfile.writec( "", "" )
jobfile.writec( "", "/*" )
jobfile.writec( "", " * Translation Parameters" )
jobfile.writec( "", " */" )
jobfile.writec( "", "" )
jobfile.writec( "DATA OUTPUT", "XDB+PRINT" )
jobfile.writec( "OUTPUT2 REQUESTS", "P3 Built In" )
jobfile.writec( "OUTPUT2 FORMAT", "Binary" )
jobfile.writec( "DIVISION TOLERANCE", "1.0e-08" )
jobfile.writec( "NUMERICAL TOLERANCE", "1.0e-04" )
jobfile.writec( "WRITING TOLERANCE", "1.0e-21" )
jobfile.writec( "GEOM CHECK", "INFORM" )
jobfile.writec( "SORTED BULK", "NO" )
jobfile.writec( "CARD FORMAT", "either" )
jobfile.writec( "NODE COORDINATES", "reference frame" )
jobfile.writec( "COORD COORDINATES", "global" )
jobfile.writec( "MSC.Nastran VERSION", "2020." )
jobfile.writec( "WRITE STORED PRECISION", "TRUE" )
jobfile.writec( "WRITE IN FREE FORMAT", "FALSE" )
jobfile.writec( "PROPS ON ELEM ENTRY", "FALSE" )
jobfile.writec( "CONTINUATION ENTRY", "FALSE" )
jobfile.writec( "PCOMPG ENTRY", "TRUE" )
jobfile.writec( "CONVERT CBAR CBEAM", "FALSE" )
jobfile.writec( "ITERATIVE SOLVER", "FALSE" )
jobfile.writei( "SUPER ELEMENT 0", 0 )
jobfile.writec( "SEALL WRITE", "FALSE" )
jobfile.writec( "PART SUPERELEMENT CREATE", "TRUE" )
jobfile.writec( "AUTOQSET", "FALSE" )
jobfile.writec( "FIXEDB", "FALSE" )
jobfile.writei( "SUPER TREE COUNT", 0 )
jobfile.writec( "MODEL TOLERANCE", "4.9999999E-06" )
jobfile.writec( "ELEMENT PROPERTY OFFSET", "0" )
jobfile.writec( "MATERIAL PROPERTY OFFSET", "0" )
jobfile.writec( "TABLE OFFSET", "0" )
jobfile.writec( "LOAD SET OFFSET", "0" )
jobfile.writec( "LOAD CASE OFFSET", "0" )
jobfile.writec( "CONTROL SET OFFSET", "0" )
jobfile.writec( "RIGID ELEMENT OFFSET", "0" )
jobfile.writec( "SCALAR POINT OFFSET", "0" )
jobfile.writec( "BEGINNING CONTINUATION MARKER", "+      A" )
jobfile.writec( "NUMBER ONLY", "ON" )
jobfile.writec( "BEGINNING NUMBER", "OFF" )
jobfile.writec( "TRAILING NUMBER", "OFF" )
jobfile.writec( "SYNTAX NUMBER", "ON" )
jobfile.writec( "SYNTAX MARKER", "." )
jobfile.writec( "EXTERNAL SUPERELEMENT METHOD", "NONE" )
jobfile.writec( "GRID COORDINATES ROUNDING", "15" )
jobfile.writec( "COORD DATA PRECISION ROUNDING", "15" )
jobfile.writec( "MPC DATA PRECISION ROUNDING", "15" )
jobfile.writec( "LBC DATA PRECISION ROUNDING", "7" )
jobfile.writec( "MAT DATA PRECISION ROUNDING", "15" )
jobfile.writec( "PROP DATA PRECISION ROUNDING", "7" )
jobfile.writec( "USE LEGACY PRECISION", "FALSE" )
jobfile.writec( "EXPONENTIAL WRITE", "As Needed" )
jobfile.writec( "EXPONENTIAL FORM", "Condensed" )
jobfile.writec( "", "" )
jobfile.writec( "", "/*" )
jobfile.writec( "", " * Solution Parameters" )
jobfile.writec( "", " */" )
jobfile.writec( "", "" )
jobfile.writec( "SOLUTION TYPE", "NORMAL MODES" )
jobfile.writei( "SOLUTION SEQUENCE", 103 )
jobfile.writec( "CONTACT CHECK", "OFF" )
jobfile.writec( "DATABASE RUN", "ON" )
jobfile.writec( "INTERACTIVE MODES", "OFF" )
jobfile.writec( "CYCLIC SYMMETRY", "OFF" )
jobfile.writec( "AUTOMATIC CONSTRAINTS", "ON" )
jobfile.writec( "SHELL NORMAL TOLERANCE", "" )
jobfile.writec( "MASS CALCULATION", "Lumped" )
jobfile.writec( "DATA DECK ECHO", "None" )
jobfile.writec( "PLATE RZ STIFFNESS FACTOR", "100.0" )
jobfile.writec( "MAXIMUM PRINTED LINES", "" )
jobfile.writec( "MAXIMUM RUN TIME", "" )
jobfile.writec( "WT-MASS CONVERSION", "1.0" )
jobfile.writec( "NODE ID FOR WT-GENER", "" )
jobfile.writec( "RIGID ELEMENT TYPE", "LINEAR" )
jobfile.writec( "USE SOL600", "OFF" )
jobfile.writec( "RESIDUAL VECTOR", "Nastran Default" )
jobfile.writec( "SN MEAN STRESS CORRECTION", "NONE" )
jobfile.writec( "NEF FATIGUE STRESS OUTPUT", "NONE" )
jobfile.writec( "NEF STRESS UNITS", "MPA" )
jobfile.writec( "NEF STRESS COMBINATION", "ABSMAXPR" )
jobfile.writec( "NEF RESULT LOCATION", "NODA" )
jobfile.writec( "NEF RECOVERY LOCATION", "CORNER" )
jobfile.writec( "NEF LAYER LOCATION", "WORST" )
jobfile.writec( "NEF INTERPOLATION LIMIT", "0" )
jobfile.writec( "NEF LEVEL OF MESSAGE", "0" )
jobfile.writec( "NEF NUMBER OF THREADS", "1" )
jobfile.writer( "NEF CERTAINTY OF SURVIVAL", 50. )
jobfile.writer( "NEF OVERALL SCALE FACTOR", 1. )
jobfile.writer( "NEF TOP STRESS PERCENTAGE FILTER", 100. )
jobfile.writer( "NEF TOP DAMAGE PERCENTAGE FILTER", 100. )
jobfile.writec( "NEF TIME HISTORY DIRECTORY", "C:\Users\danie" )
jobfile.writei( "NEF MAX LOAD PER EVENT", 1 )
jobfile.writec( "NEF EVENT DATA", "0" )
jobfile.writec( "NEF LOAD SEQUENCE DATA", "0" )
jobfile.writec( "USE CONTACT TABLE", "OFF" )
jobfile.writec( "INITIAL CONTACTPAIR LOADCASE NAME", "" )
jobfile.writei( "MDOF DATA", 0 )
jobfile.writec( "CELL WRITE", "ON" )
jobfile.writei( "CELL INPUT 0", 0 )
jobfile.writec( "FMS WRITE", "ON" )
jobfile.writei( "FMS INPUT 0", 0 )
jobfile.writec( "EXEC WRITE", "ON" )
jobfile.writei( "EXEC INPUT 0", 0 )
jobfile.writec( "CASE WRITE", "ON" )
jobfile.writei( "CASE INPUT 0", 0 )
jobfile.writec( "BULK WRITE", "ON" )
jobfile.writei( "BULK INPUT 0", 0 )
jobfile.writec( "CELL DTI POSITION", "START" )
jobfile.writec( "FMS DTI POSITION", "START" )
jobfile.writec( "EXEC DTI POSITION", "START" )
jobfile.writec( "CASE DTI POSITION", "START" )
jobfile.writec( "BULK DTI POSITION", "START" )
jobfile.writec( "", "END" )
jobfile.close(  )
mscnastran_job.associate_subcases( "103", "Parte_1", 1, ["Default"] )
analysis_submit_2( "MSC.Nastran", "Parte_1" )
$# Patran 2020  (Student Edition) has obtained 0 concurrent license(s) from 
$# FLEXlm per a request to execute on Windows node DESKTOP-NHC7R5K(
$# c821586ab454) (Windows 6.2 (Build 9200: Service Pack 0)) at 03-Jun-21 
$# 10:52:41.
$# 
$# Reading model information from the specified database, 
$# C:\Users\danie\Desktop\EUE\Practica_Teorica\FEM\Parte_1\Vigas\Parte_1.db.
$# Messages output from the Patran 2020  (Student Edition) input deck 
$# translator on June      03, 2021 at 10:52:41.
$# 
$# The NASTRAN input file, Parte_1.bdf, has been successfully opened.
$# 
$# Translating 50 elements from the element property region Viga_1.
$# 
$# Translating 60 elements from the element property region Viga_2.
$# 
$# 2 property regions translated.
$# 
$# Translating 2 referenced material records.
$# 
$# Translating 111 nodes from the entire model.
$# 
$# Writing loads for Load Case : Default.
$# Writing interface element lbcs.
$# Total execution time in real seconds: 0.01
$# Total execution time in CPU seconds: 0.109009
$# 
$# End of NASTRAN input file translation.
$# Student Edition Patran Nastran Preference Patran 2020  (Student Edition) 
$# has released 0 license(s) to FLEXlm at 03-Jun-21 10:52:41.
$# The translation has completed successfully.
$# No Analysis Requested
$# Flushing the User Data Manager
$# Journal file stopped recording at 03-Jun-21 10:53:32
$# Appending to existing journal file 
$# C:\Users\danie\Desktop\EUE\Practica_Teorica\FEM\Parte_1\Vigas\Parte_1.db.jo
$# u at 09-Jun-21 00:14:32
$# Synchronizing the User Data Manager
set_current_dir( "C:\Users\danie\Desktop\EUE\Practica_Teorica\FEM\Parte_1\" // @
"Vigas" )
$# The current working directory has been changed to the database location 
$# shown.                                                                     
$#                                                                            
$#                                   
sys_poll_option( 2 )
pref_fa_set( [FALSE, FALSE, FALSE, FALSE, FALSE, FALSE, FALSE, FALSE, FALSE,  @
FALSE, FALSE, FALSE, FALSE, FALSE, FALSE, FALSE, FALSE, FALSE, FALSE, FALSE,  @
FALSE, FALSE, FALSE, FALSE, FALSE, FALSE, FALSE, FALSE, FALSE, FALSE, FALSE,  @
FALSE, FALSE, FALSE, FALSE, FALSE, FALSE, FALSE, FALSE, FALSE, FALSE, FALSE,  @
FALSE, FALSE, FALSE, FALSE, FALSE, FALSE, FALSE, FALSE, FALSE, FALSE, FALSE,  @
FALSE, FALSE, FALSE, FALSE, FALSE, FALSE, FALSE, FALSE, FALSE, FALSE, FALSE,  @
FALSE, FALSE, FALSE, FALSE, FALSE, FALSE, FALSE, FALSE, FALSE, FALSE, FALSE,  @
FALSE, FALSE, FALSE, FALSE, FALSE, FALSE, FALSE, FALSE, FALSE, FALSE, FALSE,  @
FALSE, FALSE, FALSE, FALSE, FALSE, FALSE, FALSE, FALSE, FALSE, FALSE, FALSE,  @
FALSE, FALSE, FALSE, FALSE], [6, 3, 1, 1, 5, 7, 2, 2, 8, 1, 2, 3, 3, 5, 2, 1,  @
3, 6, 5, 5, 3, 2, 2, 2, 2, 2, 6, 6, 6, 9, 9, 3, 5, 5, 5, 1, 3, 3, 15, 13], [ @
TRUE, TRUE, TRUE, TRUE, TRUE, TRUE, TRUE, TRUE, TRUE, TRUE, TRUE, TRUE, TRUE,  @
TRUE, TRUE, TRUE, TRUE, TRUE, TRUE, TRUE, TRUE, TRUE, TRUE, TRUE, TRUE, TRUE,  @
TRUE, TRUE, TRUE, TRUE, TRUE, TRUE, TRUE, TRUE, TRUE, TRUE, TRUE, TRUE, TRUE,  @
TRUE], [3, 4, 5, 6, 1, 1, 7, 8, 9, 10], [TRUE, TRUE, TRUE, TRUE, TRUE, TRUE,  @
TRUE, TRUE, TRUE, TRUE], FALSE )
display_fa_vectors( TRUE )
result_label_format_set( 1, 4 )
gm_elem_prop_init_list(  )
ga_display_offsets_set( "general", 1 )
ga_display_beam_set( "general", 2 )
sys_poll_option( 0 )
ga_view_aa_set( -67., 0., -34. )
gm_visibility_widget( " Point 1:3 Curve 1:2", FALSE )
gm_visibility_widget( " Point 1:3 Curve 1:2", TRUE )
uil_toolbar.shaded_smooth(  )
gm_visibility_widget( " Point 1:3 Curve 1:2", FALSE )
gm_visibility_widget( " Point 1:3 Curve 1:2", TRUE )
uil_toolbar.shaded_smooth(  )
uil_imaging_bw_reverse(  )
ui_repaint_tree( TRUE )
uil_imaging_bw_reverse(  )
ui_repaint_tree( TRUE )
print( "printer=Print to File(PDF), driver=Postscript, destination=Unknown" // @
", window=Current Viewport, output_file= , paper=Letter, left_margin=0.000" // @
"000 in, right_margin=0.000000 in, top_margin=0.000000 in, bottom_margin=0" // @
".000000 in, default_units=Inches, orientation=Landscape, copies=1, format" // @
"=Color, background=White, lines_&_text=Actual, line_weight=0.250000 pts, " // @
"text_scale=100%, image_size=Fit on Page, scale_factor=1.000000, center=Ye" // @
"s, draw_borders=Yes, quality=Normal, color_model=RGB, gcr=75 %" )
node_size( 9 )
ga_view_center_set( 0.000000, -0.000000 )
ga_view_zoom_set( 0.263428 )
ga_view_center_set( 0.003831, -0.001173 )
ga_view_zoom_set( 0.272209 )
ga_view_center_set( 0.040454, -0.012381 )
ga_view_zoom_set( 0.356140 )
ga_view_center_set( 0.044339, -0.013570 )
ga_view_zoom_set( 0.365044 )
ga_view_center_set( 0.060267, -0.018445 )
ga_view_zoom_set( 0.401548 )
ga_view_center_set( 0.060267, -0.018445 )
ga_view_zoom_set( 0.401548 )
ga_view_center_set( 0.060267, -0.018445 )
ga_view_zoom_set( 0.401548 )
ga_view_center_set( 0.060267, -0.018445 )
ga_view_zoom_set( 0.401548 )
ga_view_center_set( 0.060267, -0.018445 )
ga_view_zoom_set( 0.401548 )
ga_view_center_set( 0.055993, -0.017137 )
ga_view_zoom_set( 0.391754 )
ga_view_center_set( 0.054581, -0.016704 )
ga_view_zoom_set( 0.388517 )
ga_view_center_set( 0.053180, -0.016276 )
ga_view_zoom_set( 0.385306 )
ga_view_center_set( -0.008760, 0.002681 )
ga_view_zoom_set( 0.243351 )
ga_view_center_set( -0.009638, 0.002950 )
ga_view_zoom_set( 0.241340 )
ga_view_center_set( -0.024032, 0.007355 )
ga_view_zoom_set( 0.208351 )
ga_view_center_set( -0.024032, 0.007355 )
ga_view_zoom_set( 0.208351 )
ga_view_center_set( -0.029714, 0.009094 )
ga_view_zoom_set( 0.195329 )
ga_view_center_set( -0.029714, 0.009094 )
ga_view_zoom_set( 0.195329 )
ga_view_center_set( -0.031793, 0.009730 )
ga_view_zoom_set( 0.190565 )
ga_view_center_set( -0.039352, 0.012044 )
ga_view_zoom_set( 0.173241 )
ga_view_center_set( -0.065911, 0.020172 )
ga_view_zoom_set( 0.112372 )
ga_view_center_set( -0.067492, 0.020656 )
ga_view_zoom_set( 0.108748 )
ga_view_center_set( -0.071806, 0.021976 )
ga_view_zoom_set( 0.098861 )
ga_view_center_set( -0.071806, 0.021976 )
ga_view_zoom_set( 0.098861 )
ga_view_center_set( -0.071806, 0.021976 )
ga_view_zoom_set( 0.098861 )
ga_view_center_set( -0.072162, 0.022085 )
ga_view_zoom_set( 0.098044 )
ga_view_center_set( -0.076632, 0.023453 )
ga_view_zoom_set( 0.087801 )
ga_view_center_set( -0.089821, 0.027490 )
ga_view_zoom_set( 0.057574 )
ga_view_center_set( -0.093713, 0.028681 )
ga_view_zoom_set( 0.048654 )
ga_view_center_set( -0.094061, 0.028787 )
ga_view_zoom_set( 0.047857 )
ga_view_center_set( -0.095814, 0.029324 )
ga_view_zoom_set( 0.043838 )
ga_view_center_set( -0.096431, 0.029513 )
ga_view_zoom_set( 0.042424 )
ga_view_center_set( -0.103251, 0.031600 )
ga_view_zoom_set( 0.026794 )
ga_view_center_set( -0.103719, 0.031743 )
ga_view_zoom_set( 0.025722 )
ga_view_center_set( -0.104582, 0.032007 )
ga_view_zoom_set( 0.023744 )
ga_view_center_set( -0.104582, 0.032007 )
ga_view_zoom_set( 0.023744 )
ga_view_center_set( -0.104582, 0.032007 )
ga_view_zoom_set( 0.023744 )
ga_view_center_set( -0.104582, 0.032007 )
ga_view_zoom_set( 0.023744 )
ga_view_center_set( -0.104496, 0.031981 )
ga_view_zoom_set( 0.023942 )
ga_view_center_set( -0.101971, 0.031208 )
ga_view_zoom_set( 0.029728 )
ga_view_center_set( -0.101539, 0.031076 )
ga_view_zoom_set( 0.030718 )
ga_view_center_set( -0.100645, 0.030802 )
ga_view_zoom_set( 0.032766 )
ga_view_center_set( -0.100645, 0.030802 )
ga_view_zoom_set( 0.032766 )
ga_view_center_set( -0.105687, 0.032217 )
ga_view_zoom_set( 0.036043 )
ga_view_center_set( -0.113544, 0.034421 )
ga_view_zoom_set( 0.041149 )
ga_view_center_set( -0.130958, 0.039306 )
ga_view_zoom_set( 0.052465 )
ga_view_center_set( -0.134321, 0.040249 )
ga_view_zoom_set( 0.054651 )
ga_view_center_set( -0.134321, 0.040249 )
ga_view_zoom_set( 0.054651 )
ga_view_center_set( -0.135022, 0.040446 )
ga_view_zoom_set( 0.055107 )
ga_view_center_set( -0.135022, 0.040446 )
ga_view_zoom_set( 0.055107 )
ga_view_center_set( -0.139262, 0.041635 )
ga_view_zoom_set( 0.057862 )
ga_view_center_set( -0.139262, 0.041635 )
ga_view_zoom_set( 0.057862 )
ga_view_center_set( -0.139262, 0.041635 )
ga_view_zoom_set( 0.057862 )
ga_view_center_set( -0.097086, 0.029804 )
ga_view_zoom_set( 0.030454 )
ga_view_center_set( -0.090680, 0.028007 )
ga_view_zoom_set( 0.026291 )
ga_view_center_set( -0.090346, 0.027913 )
ga_view_zoom_set( 0.026074 )
ga_view_center_set( -0.087838, 0.027210 )
ga_view_zoom_set( 0.024444 )
ga_view_center_set( -0.087838, 0.027210 )
ga_view_zoom_set( 0.024444 )
ga_view_center_set( -0.086920, 0.026952 )
ga_view_zoom_set( 0.023848 )
ga_view_center_set( -0.086920, 0.026952 )
ga_view_zoom_set( 0.023848 )
ga_view_center_set( -0.080180, 0.025062 )
ga_view_zoom_set( 0.019468 )
ga_view_center_set( -0.076273, 0.023965 )
ga_view_zoom_set( 0.016928 )
ga_view_center_set( -0.068188, 0.021698 )
ga_view_zoom_set( 0.011675 )
ga_view_center_set( -0.067750, 0.021575 )
ga_view_zoom_set( 0.011390 )
ga_view_center_set( -0.066527, 0.021232 )
ga_view_zoom_set( 0.010595 )
ga_view_center_set( -0.066527, 0.021232 )
ga_view_zoom_set( 0.010595 )
ga_view_center_set( -0.066527, 0.021232 )
ga_view_zoom_set( 0.010595 )
ga_view_center_set( -0.066527, 0.021232 )
ga_view_zoom_set( 0.010595 )
ga_view_center_set( -0.074000, 0.023328 )
ga_view_zoom_set( 0.015452 )
ga_view_center_set( -0.075981, 0.023884 )
ga_view_zoom_set( 0.016739 )
ga_view_center_set( -0.090578, 0.027978 )
ga_view_zoom_set( 0.026225 )
ga_view_center_set( -0.095286, 0.029299 )
ga_view_zoom_set( 0.029284 )
ga_view_center_set( -0.100919, 0.030879 )
ga_view_zoom_set( 0.032945 )
ga_view_center_set( -0.103454, 0.031590 )
ga_view_zoom_set( 0.034592 )
ga_view_center_set( -0.107002, 0.032586 )
ga_view_zoom_set( 0.036898 )
ga_view_center_set( -0.149587, 0.044532 )
ga_view_zoom_set( 0.064572 )
ga_view_center_set( -0.163664, 0.048481 )
ga_view_zoom_set( 0.073719 )
ga_view_center_set( -0.174062, 0.051398 )
ga_view_zoom_set( 0.080477 )
ga_view_center_set( -0.182318, 0.053714 )
ga_view_zoom_set( 0.085842 )
ga_view_center_set( -0.264878, 0.076874 )
ga_view_zoom_set( 0.139493 )
ga_view_center_set( -0.343585, 0.098953 )
ga_view_zoom_set( 0.190641 )
ga_view_center_set( -0.368032, 0.105811 )
ga_view_zoom_set( 0.206528 )
ga_view_center_set( -0.368031, 0.105811 )
ga_view_zoom_set( 0.206528 )
ga_view_center_set( -0.370680, 0.106554 )
ga_view_zoom_set( 0.208249 )
ga_view_center_set( -0.387724, 0.127627 )
ga_view_zoom_set( 0.248163 )
ga_view_center_set( -0.399204, 0.141820 )
ga_view_zoom_set( 0.275047 )
ga_view_center_set( -0.447163, 0.201115 )
ga_view_zoom_set( 0.387358 )
ga_view_center_set( -0.518840, 0.289734 )
ga_view_zoom_set( 0.555214 )
ga_view_center_set( -0.522792, 0.294620 )
ga_view_zoom_set( 0.564467 )
ga_view_center_set( -0.522792, 0.294620 )
ga_view_zoom_set( 0.564467 )
ga_view_center_set( -0.473640, 0.262391 )
ga_view_zoom_set( 0.521047 )
ga_view_center_set( -0.459254, 0.252959 )
ga_view_zoom_set( 0.508338 )
ga_view_center_set( -0.431853, 0.234992 )
ga_view_zoom_set( 0.484132 )
ga_view_center_set( -0.270667, 0.129303 )
ga_view_zoom_set( 0.341740 )
ga_view_center_set( -0.222664, 0.097828 )
ga_view_zoom_set( 0.299334 )
ga_view_center_set( -0.222664, 0.097828 )
ga_view_zoom_set( 0.299334 )
ga_view_center_set( -0.214400, 0.092409 )
ga_view_zoom_set( 0.292033 )
ga_view_center_set( -0.211667, 0.090618 )
ga_view_zoom_set( 0.289620 )
ga_view_center_set( -0.193597, 0.078769 )
ga_view_zoom_set( 0.273657 )
ga_view_center_set( -0.188519, 0.075440 )
ga_view_zoom_set( 0.269170 )
ga_view_center_set( -0.183524, 0.072164 )
ga_view_zoom_set( 0.264758 )
ga_view_center_set( -0.111443, 0.024902 )
ga_view_zoom_set( 0.201082 )
ga_view_center_set( -0.107712, 0.022455 )
ga_view_zoom_set( 0.197785 )
ga_view_center_set( -0.100489, 0.017720 )
ga_view_zoom_set( 0.191405 )
ga_view_center_set( -0.100489, 0.017720 )
ga_view_zoom_set( 0.191405 )
ga_view_center_set( -0.100489, 0.017719 )
ga_view_zoom_set( 0.191405 )
ga_view_center_set( -0.096937, 0.015391 )
ga_view_zoom_set( 0.188267 )
ga_view_center_set( -0.096937, 0.015391 )
ga_view_zoom_set( 0.188267 )
ga_view_center_set( -0.091739, 0.011982 )
ga_view_zoom_set( 0.183676 )
ga_view_center_set( -0.091739, 0.011982 )
ga_view_zoom_set( 0.183676 )
ga_view_center_set( -0.091739, 0.011982 )
ga_view_zoom_set( 0.183676 )
ga_view_center_set( -0.087120, 0.013174 )
ga_view_zoom_set( 0.164486 )
ga_view_center_set( -0.083796, 0.014032 )
ga_view_zoom_set( 0.150674 )
ga_view_center_set( -0.072832, 0.016861 )
ga_view_zoom_set( 0.105121 )
ga_view_center_set( -0.071628, 0.017172 )
ga_view_zoom_set( 0.100116 )
ga_view_center_set( -0.071428, 0.017224 )
ga_view_zoom_set( 0.099288 )
ga_view_center_set( -0.069761, 0.017654 )
ga_view_zoom_set( 0.092361 )
ga_view_center_set( -0.068702, 0.017927 )
ga_view_zoom_set( 0.087963 )
ga_view_center_set( -0.062388, 0.019557 )
ga_view_zoom_set( 0.061728 )
ga_view_center_set( -0.061460, 0.019796 )
ga_view_zoom_set( 0.057870 )
ga_view_center_set( -0.061460, 0.019796 )
ga_view_zoom_set( 0.057870 )
ga_view_center_set( -0.061460, 0.019796 )
ga_view_zoom_set( 0.057870 )
ga_view_center_set( -0.061031, 0.019313 )
ga_view_zoom_set( 0.056922 )
ga_view_center_set( -0.060404, 0.018606 )
ga_view_zoom_set( 0.055533 )
ga_view_center_set( -0.053128, 0.010405 )
ga_view_zoom_set( 0.039432 )
ga_view_center_set( -0.052280, 0.009449 )
ga_view_zoom_set( 0.037554 )
ga_view_center_set( -0.052279, 0.009449 )
ga_view_zoom_set( 0.037554 )
ga_view_center_set( -0.052279, 0.009449 )
ga_view_zoom_set( 0.037554 )
ga_view_center_set( -0.052279, 0.009449 )
ga_view_zoom_set( 0.037554 )
ga_view_center_set( -0.052279, 0.009449 )
ga_view_zoom_set( 0.037554 )
ga_view_center_set( -0.050174, 0.007075 )
ga_view_zoom_set( 0.032894 )
ga_view_center_set( -0.049694, 0.006535 )
ga_view_zoom_set( 0.031833 )
ga_view_center_set( -0.046031, 0.002406 )
ga_view_zoom_set( 0.023727 )
ga_view_center_set( -0.045685, 0.002016 )
ga_view_zoom_set( 0.022961 )
ga_view_center_set( -0.045432, 0.001731 )
ga_view_zoom_set( 0.022401 )
ga_view_center_set( -0.045432, 0.001731 )
ga_view_zoom_set( 0.022401 )
ga_view_center_set( -0.045432, 0.001731 )
ga_view_zoom_set( 0.022401 )
ga_view_center_set( -0.045556, 0.002840 )
ga_view_zoom_set( 0.021001 )
ga_view_center_set( -0.045630, 0.003505 )
ga_view_zoom_set( 0.020161 )
ga_view_center_set( -0.045948, 0.006348 )
ga_view_zoom_set( 0.016571 )
ga_view_center_set( -0.046007, 0.006873 )
ga_view_zoom_set( 0.015908 )
ga_view_center_set( -0.046041, 0.007181 )
ga_view_zoom_set( 0.015520 )
ga_view_center_set( -0.046127, 0.007949 )
ga_view_zoom_set( 0.014550 )
ga_view_center_set( -0.046278, 0.009304 )
ga_view_zoom_set( 0.012838 )
ga_view_center_set( -0.046278, 0.009304 )
ga_view_zoom_set( 0.012838 )
ga_view_center_set( -0.046297, 0.009471 )
ga_view_zoom_set( 0.012628 )
ga_view_center_set( -0.046297, 0.009471 )
ga_view_zoom_set( 0.012628 )
ga_view_center_set( -0.046297, 0.009471 )
ga_view_zoom_set( 0.012628 )
ga_view_center_set( -0.046186, 0.009481 )
ga_view_zoom_set( 0.012523 )
ga_view_center_set( -0.044129, 0.009668 )
ga_view_zoom_set( 0.010583 )
ga_view_center_set( -0.043594, 0.009716 )
ga_view_zoom_set( 0.010079 )
ga_view_center_set( -0.043594, 0.009716 )
ga_view_zoom_set( 0.010079 )
ga_view_center_set( -0.043594, 0.009716 )
ga_view_zoom_set( 0.010079 )
ga_view_center_set( -0.043651, 0.009991 )
ga_view_zoom_set( 0.009676 )
ga_view_center_set( -0.043662, 0.010045 )
ga_view_zoom_set( 0.009596 )
ga_view_center_set( -0.043716, 0.010306 )
ga_view_zoom_set( 0.009212 )
ga_view_center_set( -0.043727, 0.010358 )
ga_view_zoom_set( 0.009136 )
ga_view_center_set( -0.043727, 0.010358 )
ga_view_zoom_set( 0.009136 )
print( "printer=Print to File(PDF), driver=Postscript, destination=Unknown" // @
", window=Current Viewport, output_file= , paper=Letter, left_margin=0.000" // @
"000 in, right_margin=0.000000 in, top_margin=0.000000 in, bottom_margin=0" // @
".000000 in, default_units=Inches, orientation=Landscape, copies=1, format" // @
"=Color, background=White, lines_&_text=Actual, line_weight=0.250000 pts, " // @
"text_scale=100%, image_size=Fit on Page, scale_factor=1.000000, center=Ye" // @
"s, draw_borders=Yes, quality=Normal, color_model=RGB, gcr=75 %" )
$# Flushing the User Data Manager
$# Journal file stopped recording at 09-Jun-21 00:18:25
