$# Creating journal file 
$# C:\Users\danie\Desktop\EUE\Nastran_Patran\Trabajo_0\Placa.db.jou at 
$# 01-Mar-21 16:44:47
uil_file_rebuild.start("C:\Program Files\MSC.Software\NaPa_SE\2020\Patran/" // @
"template.db","C:\Users\danie\Desktop\EUE\Nastran_Patran\Trabajo_0\Placa.db")
$# Synchronizing the User Data Manager
set_current_dir( "C:\Users\danie\Desktop\EUE\Nastran_Patran\Trabajo_0" )
$# The current working directory has been changed to the database location 
$# shown.                                                                     
$#                                                                            
$#                                   
ga_view_center_set( 0.217614, 0.032827 )
ga_view_zoom_set( 0.933333 )
db_set_pref( 303, 3, 0, FALSE, 4.9999999E-06, "" )
pref_geo_set_v1( 0, 0.0099999998, 3 )
pref_global_set_v3( TRUE, 3, "5e-06", "SAVE" )
pref_env_set_logical( "revert_enabled", FALSE )
STRING asm_create_grid_xyz_created_ids[VIRTUAL]
asm_const_grid_xyz( "1", "[0 0 0]", "Coord 0", asm_create_grid_xyz_created_ids )
$# 1 Point created: Point 1
ga_view_aa_set( -63.657913, 79.319626, 37.003834 )
point_size( 9 )
STRING asm_delete_any_deleted_ids[VIRTUAL]
asm_delete_point( "Point 1", asm_delete_any_deleted_ids )
$# 1 Point Deleted: Point 1
asm_const_grid_xyz( "1", "[-0.25 -0.125 0]", "Coord 0",  @
asm_create_grid_xyz_created_ids )
$# 1 Point created: Point 1
asm_const_grid_xyz( "2", "[0.25 -0.125 0]", "Coord 0",  @
asm_create_grid_xyz_created_ids )
$# 1 Point created: Point 2
asm_const_grid_xyz( "3", "[0.25 0.125 0]", "Coord 0",  @
asm_create_grid_xyz_created_ids )
$# 1 Point created: Point 3
asm_const_grid_xyz( "4", "[-0.25 0.125 0]", "Coord 0",  @
asm_create_grid_xyz_created_ids )
$# 1 Point created: Point 4
asm_delete_point( "Point 4", asm_delete_any_deleted_ids )
$# 1 Point Deleted: Point 4
asm_delete_point( "Point 3", asm_delete_any_deleted_ids )
$# 1 Point Deleted: Point 3
asm_delete_point( "Point 2", asm_delete_any_deleted_ids )
$# 1 Point Deleted: Point 2
asm_delete_point( "Point 1", asm_delete_any_deleted_ids )
$# 1 Point Deleted: Point 1
asm_const_grid_xyz( "1", "[-0.25 -0.125 0]", "Coord 0",  @
asm_create_grid_xyz_created_ids )
$# 1 Point created: Point 1
asm_const_grid_xyz( "2", "[0.25 -0.125 0]", "Coord 0",  @
asm_create_grid_xyz_created_ids )
$# 1 Point created: Point 2
asm_const_grid_xyz( "3", "[0.25 0.125 0]", "Coord 0",  @
asm_create_grid_xyz_created_ids )
$# 1 Point created: Point 3
asm_const_grid_xyz( "4", "[-0.25 0.125 0]", "Coord 0",  @
asm_create_grid_xyz_created_ids )
$# 1 Point created: Point 4
asm_delete_point( "Point 1", asm_delete_any_deleted_ids )
$# 1 Point Deleted: Point 1
asm_delete_point( "Point 2", asm_delete_any_deleted_ids )
$# 1 Point Deleted: Point 2
asm_delete_point( "Point 3", asm_delete_any_deleted_ids )
$# 1 Point Deleted: Point 3
asm_const_grid_xyz( "1", "[-0.25 -0.125 0]", "Coord 0",  @
asm_create_grid_xyz_created_ids )
$# 1 Point created: Point 1
asm_delete_point( "Point 1", asm_delete_any_deleted_ids )
$# 1 Point Deleted: Point 1
asm_delete_point( "Point 2", asm_delete_any_deleted_ids )
$# No Geometry Deleted.
asm_delete_point( "Point 3", asm_delete_any_deleted_ids )
$# No Geometry Deleted.
$# UNDO: Delete for entities Point
asm_delete_point( "Point 4", asm_delete_any_deleted_ids )
$# 1 Point Deleted: Point 4
asm_delete_point( "Point 5", asm_delete_any_deleted_ids )
$# No Geometry Deleted.
asm_const_grid_xyz( "1", "[-0.25 -0.125 0]", "Coord 0",  @
asm_create_grid_xyz_created_ids )
$# 1 Point created: Point 1
asm_const_grid_xyz( "2", "[0.25 -0.125 0]", "Coord 0",  @
asm_create_grid_xyz_created_ids )
$# 1 Point created: Point 2
asm_const_grid_xyz( "3", "[0.25 0.125 0]", "Coord 0",  @
asm_create_grid_xyz_created_ids )
$# 1 Point created: Point 3
asm_const_grid_xyz( "4", "[-0.25 0.125 0]", "Coord 0",  @
asm_create_grid_xyz_created_ids )
$# 1 Point created: Point 4
ga_view_center_set( 0.019876, -0.036694 )
ga_view_center_set( -0.047476, 0.086123 )
ga_view_center_set( -0.044728, 0.089034 )
ga_view_zoom_set( 0.222854 )
ga_view_center_set( -0.041637, 0.092309 )
ga_view_zoom_set( 0.250711 )
ga_view_center_set( -0.038160, 0.095994 )
ga_view_zoom_set( 0.282050 )
ga_view_center_set( -0.044419, 0.089362 )
ga_view_zoom_set( 0.225640 )
ga_view_center_set( -0.041289, 0.092678 )
ga_view_zoom_set( 0.253845 )
ga_view_center_set( -0.037769, 0.096408 )
ga_view_zoom_set( 0.285575 )
ga_view_aa_set( -168.795746, -24.492952, 36.057915 )
ga_view_center_set( -0.032655, 0.086726 )
ga_view_zoom_set( 0.253845 )
ga_view_aa_set( -59.504498, 6.556935, 14.761773 )
ga_view_center_set( -0.016559, 0.095184 )
ga_view_zoom_set( 0.225640 )
ga_view_center_set( -0.010531, 0.102503 )
ga_view_zoom_set( 0.200569 )
ga_view_aa_set( 0., 0., 0. )
ga_view_aa_set( 0.000000, 2.000000, 0.000000 )
STRING asm_line_2point_created_ids[VIRTUAL]
asm_const_line_2point( "1", "Point 1", "Point 2", 0, "", 50., 1,  @
asm_line_2point_created_ids )
$# 1 Line created: Line 1
asm_const_line_2point( "2", "Point 2", "Point 3", 0, "", 50., 1,  @
asm_line_2point_created_ids )
$# 1 Line created: Line 2
asm_const_line_2point( "3", "Point 3", "Point 4", 0, "", 50., 1,  @
asm_line_2point_created_ids )
$# 1 Line created: Line 3
asm_const_line_2point( "4", "Point 4", "Point 1", 0, "", 50., 1,  @
asm_line_2point_created_ids )
$# 1 Line created: Line 4
STRING asm_create_grid_xyz_created_ids[VIRTUAL]
asm_const_grid_xyz( "5", "[-0.2 -0.075 0]", "Coord 0",  @
asm_create_grid_xyz_created_ids )
$# 1 Point created: Point 5
asm_const_grid_xyz( "6", "[0.2 -0.075 0]", "Coord 0",  @
asm_create_grid_xyz_created_ids )
$# 1 Point created: Point 6
$# UNDO: Transform Point Translate Command Point 5
STRING sgm_transform_point_created_ids[VIRTUAL]
asm_transform_grid_translate_1( "7", "<0 0.15 0>", 0.15000001, FALSE,  @
"Coord 0", 1, FALSE, FALSE, "Point 5 6", sgm_transform_point_created_ids )
$# 2 Points created: Grid 7,8
STRING sgm_create_curve_2d_created_ids[VIRTUAL]
sgm_const_curve_2d_circle_v2( "5", 1, 0.02, "Coord 0.3", "", "Point 5", FALSE, @
 sgm_create_curve_2d_created_ids )
$# 1 Curve Created: Curve 5
sgm_const_curve_2d_circle_v2( "6", 1, 0.02, "Coord 0.3", "", "Point 6", FALSE, @
 sgm_create_curve_2d_created_ids )
$# 1 Curve Created: Curve 6
sgm_const_curve_2d_circle_v2( "7", 1, 0.02, "Coord 0.3", "", "Point 8", FALSE, @
 sgm_create_curve_2d_created_ids )
$# 1 Curve Created: Curve 7
sgm_const_curve_2d_circle_v2( "8", 1, 0.02, "Coord 0.3", "", "Point 7", FALSE, @
 sgm_create_curve_2d_created_ids )
$# 1 Curve Created: Curve 8
$# UNDO: Create Curve 2D Circle for Coord 0.3Point 5:12
sgm_const_curve_2d_circle_v2( "9", 1, 0.029999999, "Coord 0.3", "", "Point 5", @
 FALSE, sgm_create_curve_2d_created_ids )
$# 1 Curve Created: Curve 9
sgm_const_curve_2d_circle_v2( "10", 1, 0.029999999, "Coord 0.3", "", "Point 6" @
, FALSE, sgm_create_curve_2d_created_ids )
$# 1 Curve Created: Curve 10
sgm_const_curve_2d_circle_v2( "11", 1, 0.029999999, "Coord 0.3", "", "Point 8" @
, FALSE, sgm_create_curve_2d_created_ids )
$# 1 Curve Created: Curve 11
sgm_const_curve_2d_circle_v2( "12", 1, 0.029999999, "Coord 0.3", "", "Point 7" @
, FALSE, sgm_create_curve_2d_created_ids )
$# 1 Curve Created: Curve 12
STRING sgm_surface_trimmed__created_id[VIRTUAL]
sgm_create_surface_trimmed_v1( "1", "Curve 1:4", "Curve 5:8", "", FALSE,  @
FALSE, TRUE, TRUE, sgm_surface_trimmed__created_id )
$# 1 Surface Created: Surface 1
uil_toolbar.shaded_smooth(  )
STRING sgm_surface_break_c_created_ids[VIRTUAL]
sgm_edit_surface_break_v1( "2", "Surface 1", TRUE, 3, 0, 0., "", "",  @
"Curve 9:12", sgm_surface_break_c_created_ids )
$# Question from application SGM
$#     Do you wish to delete the original surfaces?
$? YES 38000219 
$# 1 Surface Created: Surface 8
gm_visibility_widget( "Surface 8", FALSE )
ga_view_center_set( 0.006375, 0.003188 )
ga_view_zoom_set( 0.185625 )
ga_view_center_set( 0.013548, 0.006774 )
ga_view_zoom_set( 0.208828 )
ga_view_center_set( 0.029686, 0.014843 )
ga_view_zoom_set( 0.261035 )
ga_view_center_set( 0.039772, 0.019886 )
ga_view_zoom_set( 0.293665 )
ga_view_center_set( 0.029686, 0.014843 )
ga_view_zoom_set( 0.261035 )
ga_view_center_set( 0.020720, 0.010360 )
ga_view_zoom_set( 0.232031 )
ga_view_center_set( 0.006375, 0.003188 )
ga_view_zoom_set( 0.185625 )
ga_view_center_set( -0.000000, -0.000000 )
ga_view_zoom_set( 0.165000 )
ga_view_center_set( -0.005667, -0.002834 )
ga_view_zoom_set( 0.146667 )
ga_view_center_set( -0.013417, 0.001259 )
ga_view_zoom_set( 0.165000 )
gm_plot_erase_geometry( 1 )
ga_view_aa_set( -48.009426, -3.460320, 21.420727 )
ga_view_center_set( 0.012434, -0.004819 )
ga_view_zoom_set( 0.146667 )
ga_view_center_set( 0.024532, -0.009103 )
ga_view_zoom_set( 0.130370 )
ga_view_center_set( 0.032531, -0.015093 )
ga_view_zoom_set( 0.115885 )
ga_view_center_set( 0.035831, -0.023206 )
ga_view_zoom_set( 0.103009 )
ga_view_center_set( 0.037532, -0.015059 )
ga_view_zoom_set( 0.115885 )
ga_view_center_set( 0.039445, -0.005893 )
ga_view_zoom_set( 0.130370 )
ga_view_center_set( 0.042761, 0.005065 )
ga_view_zoom_set( 0.146667 )
ga_view_center_set( 0.046490, 0.017392 )
ga_view_zoom_set( 0.165000 )
ga_view_center_set( 0.061203, 0.034747 )
ga_view_zoom_set( 0.185625 )
ga_view_center_set( 0.083640, 0.056786 )
ga_view_zoom_set( 0.208828 )
ga_view_center_set( 0.108950, 0.081717 )
ga_view_zoom_set( 0.234932 )
ga_view_center_set( 0.099717, 0.071592 )
ga_view_zoom_set( 0.264298 )
ga_view_center_set( 0.087847, 0.059328 )
ga_view_zoom_set( 0.297335 )
ga_view_center_set( 0.073510, 0.044844 )
ga_view_zoom_set( 0.334502 )
ga_view_center_set( 0.056939, 0.028108 )
ga_view_zoom_set( 0.376315 )
ga_view_center_set( 0.040286, 0.011020 )
ga_view_zoom_set( 0.423355 )
ga_view_center_set( 0.032829, -0.000973 )
ga_view_zoom_set( 0.376315 )
ga_view_center_set( 0.020103, -0.020162 )
ga_view_zoom_set( 0.301052 )
ga_view_center_set( 0.008332, -0.034717 )
ga_view_zoom_set( 0.240842 )
ga_view_center_set( 0.002817, -0.031924 )
ga_view_zoom_set( 0.214081 )
ga_view_center_set( 0.004828, -0.022278 )
ga_view_zoom_set( 0.190295 )
ga_view_center_set( 0.006616, -0.013703 )
ga_view_zoom_set( 0.169151 )
ga_view_center_set( 0.005163, -0.018200 )
ga_view_zoom_set( 0.190295 )
ga_view_center_set( 0.003529, -0.022316 )
ga_view_zoom_set( 0.214081 )
ga_view_center_set( 0.004535, -0.020588 )
ga_view_zoom_set( 0.190295 )
ga_view_center_set( 0.005428, -0.019052 )
ga_view_zoom_set( 0.169151 )
ga_view_aa_set( 0., 0., 0. )
sgm_verify_surface_boundary( "Surface 3:7:2 8 9", 4.9999999E-06, 1 )
$# Warning reported from application SGM
$#     Free edges and/or non-manifold edges exist. Free edges may be due to 
$# edges not matching directly or a missing face.  Non-manifold edges are due 
$# to more than two surfaces connecting at the same edges. Edges are 
$# highlighted and marked with primary markers for free edges and secondary 
$# markers for non-manifold edges.
sgm_incongruent_geom_display(  )
sgm_verify_surface_boundary( "Surface 3:7:2 8 9", 4.9999999E-06, 1 )
$# Warning reported from application SGM
$#     Free edges and/or non-manifold edges exist. Free edges may be due to 
$# edges not matching directly or a missing face.  Non-manifold edges are due 
$# to more than two surfaces connecting at the same edges. Edges are 
$# highlighted and marked with primary markers for free edges and secondary 
$# markers for non-manifold edges.
sgm_incongruent_geom_display(  )
sgm_incongruent_geom_seg_exit(  )
STRING sgm_edit_point_equiva_point_ids[VIRTUAL]
sgm_edit_point_equivalence( "Point 1:16 Curve 1.2 1.1 2.2 2.1 3.1 3.2 4.2 " // @
"4.1 5.2 5.1 6.2 6.1 7.2 7.1 8.1 8.2 9.2 9.1 10.2 10.1 11.2 11.1 12.2 12.1",  @
sgm_edit_point_equiva_point_ids )
$# No Points Edited.
$# No Points Deleted.
uil_primary_file.db_save(  )
uil_primary_file.db_save(  )
uil_primary_file.db_save(  )
uil_primary_file.db_save(  )
uil_primary_file.db_save(  )
uil_primary_file.db_save(  )
uil_primary_file.db_save(  )
uil_primary_file.db_save(  )
uil_primary_file.db_save(  )
uil_primary_file.db_save(  )
uil_primary_file.db_save(  )
uil_primary_file.db_save(  )
uil_primary_file.db_save(  )
$# Flushing the User Data Manager
$# Journal file stopped recording at 01-Mar-21 17:50:21
$# Appending to existing journal file 
$# C:\Users\danie\Desktop\EUE\Nastran_Patran\Trabajo_0\Placa.db.jou at 
$# 01-Mar-21 17:53:02
$# Synchronizing the User Data Manager
set_current_dir( "C:\Users\danie\Desktop\EUE\Nastran_Patran\Trabajo_0" )
$# The current working directory has been changed to the database location 
$# shown.                                                                     
$#                                                                            
$#                                   
material.create( "Analysis code ID", 1, "Analysis type ID", 1, "Al_7075_T6",  @
0, "", "Isotropic", 1, "Directionality", 1, "Linearity", 1, "Homogeneous", 0,  @
"Linear Elastic", 1, "Model Options & IDs", ["", "", "", "", ""], [0, 0, 0, 0, @
 0], "Active Flag", 1, "Create", 10, "External Flag", FALSE, "Property IDs", [ @
"Elastic Modulus", "Poisson Ratio", "Density", "Thermal Expan. Coeff",  @
"Reference Temperature"], [2, 5, 16, 24, 1, 0], "Property Values", ["71E9",  @
"0.33", "2800", "22.3E-6", "20", ""] )
beam_section_display( "BAR", "Section_Beam_Rect_15_2", ["0.002", "0.015"], "", @
 "", 0. )
beam_section_create( "Section_Beam_Rect_15_2", "BAR", ["0.002", "0.015"] )
$# Beam Section "Section_Beam_Rect_15_2" created.
uil_primary_file.db_save(  )
ui_exec_function( "mesh_seed_display_mgr", "init" )
mesh_seed_create( "Curve 5:12", 1, 12, 0., 0., 0. )
mesh_seed_create( "Curve 1:4", 6, 0, 0., 0.015, 0.029999999 )
mesh_seed_display_mgr.erase(  )
mesh_seed_display_mgr.erase(  )
mesh_seed_display_mgr.erase(  )
elementprops_create( "1D_Al_7075_Beam", 11, 2, 42, 1, 1, 20, [39, 13, 6, 4042, @
 4043, 2047, 2048, 1, 10, 11, 4026, 1026, 4044, 4045, 4037, 4047, 4048, 4050,  @
4051, 4053, 4054, 4056, 4057, 8112, 4061, 4303, 8111, 4403, 4404, 4410, 4411,  @
8200, 8201, 8202], [12, 5, 2, 2, 2, 4, 4, 1, 1, 1, 1, 1, 1, 1, 1, 1, 1, 1, 1,  @
1, 1, 1, 1, 1, 6, 4, 4, 1, 1, 1, 6, 4, 4, 4], ["Section_Beam_Rect_15_2",  @
"m:Al_7075_T6", "<0 0 1>", "<0, 0, -0.008>", "<0, 0, -0.008>", "", "", "", "", @
 "", "", "", "", "", "", "", "", "", "", "", "", "", "", "", "", "", "", "",  @
"", "", "", "Analysis", "Analysis", "Analysis"], "" )
$# Property Set "1D_Al_7075_Beam" created.
elementprops_create( "2D_Al_7075_Shell", 51, 25, 35, 1, 1, 20, [13, 20, 36,  @
4037, 4111, 4118, 4119, 8111, 4401, 4402, 4403, 4404, 4405, 4406, 4407, 4408,  @
4409], [5, 9, 1, 1, 1, 1, 1, 4, 4, 1, 1, 1, 1, 1, 1, 4, 4], ["m:Al_7075_T6",  @
"", "0.001", "", "", "", "", "", "", "", "", "", "", "", "", "", ""], "" )
$# Property Set "2D_Al_7075_Shell" created.
mesh_seed_display_mgr.erase(  )
INTEGER fem_create_mesh_curve_num_nodes
INTEGER fem_create_mesh_curve_num_elems
STRING fem_create_mesh_c_nodes_created[VIRTUAL]
STRING fem_create_mesh_c_elems_created[VIRTUAL]
fem_create_mesh_curv_1( "Curve 1:4", 16384, 0.050000001, "Bar2", "1000",  @
"1000", "Coord 0", "Coord 0", fem_create_mesh_curve_num_nodes,  @
fem_create_mesh_curve_num_elems, fem_create_mesh_c_nodes_created,  @
fem_create_mesh_c_elems_created )
$# 24 nodes and 23 elements created for Curve 1.
$# 13 nodes and 12 elements created for Curve 2.
$# 24 nodes and 23 elements created for Curve 3.
$# 13 nodes and 12 elements created for Curve 4.
$# === 74 nodes created.  IDs  = 1000:1073.
$# === 70 elements created.  IDs  = 1000:1069.
fem_associate_elems_to_ep( "1D_Al_7075_Beam", fem_create_mesh_c_elems_created, @
 fem_create_mesh_curve_num_elems )
$# 70 Element(s) associated to the Element Property 1D_Al_7075_Beam.
uil_toolbar.wireframe(  )
node_size( 9 )
ga_view_aa_set( -7.357934, 1.248162, -0.398795 )
ga_view_aa_set( 0., 0., 0. )
ga_view_aa_set( -11.282777, -7.323332, -5.077281 )
ga_view_aa_set( 0., 0., 0. )
ga_view_center_set( 0.040559, -0.022598 )
ga_view_zoom_set( 0.190295 )
ga_view_center_set( 0.080302, -0.026291 )
ga_view_zoom_set( 0.214081 )
ga_view_center_set( 0.125262, -0.030197 )
ga_view_zoom_set( 0.240842 )
ga_view_center_set( 0.176217, -0.034311 )
ga_view_zoom_set( 0.270947 )
ga_view_center_set( 0.233856, -0.038729 )
ga_view_zoom_set( 0.304815 )
ga_view_center_set( 0.172220, -0.031261 )
ga_view_zoom_set( 0.270947 )
ga_view_center_set( 0.072929, -0.018976 )
ga_view_zoom_set( 0.216758 )
ga_view_center_set( 0.028575, -0.013441 )
ga_view_zoom_set( 0.192673 )
ga_view_center_set( -0.042989, -0.004226 )
ga_view_zoom_set( 0.154139 )
ga_view_center_set( -0.074796, -0.000130 )
ga_view_zoom_set( 0.137012 )
ga_view_center_set( -0.103068, 0.003510 )
ga_view_zoom_set( 0.121789 )
ga_view_center_set( -0.128199, 0.006746 )
ga_view_zoom_set( 0.108257 )
ga_view_center_set( -0.150538, 0.009622 )
ga_view_zoom_set( 0.096228 )
ga_view_center_set( -0.160665, 0.010884 )
ga_view_zoom_set( 0.085536 )
ga_view_center_set( -0.169402, 0.012006 )
ga_view_zoom_set( 0.076032 )
ga_view_center_set( -0.177141, 0.013029 )
ga_view_zoom_set( 0.067584 )
ga_view_center_set( -0.184021, 0.014008 )
ga_view_zoom_set( 0.060075 )
ga_view_center_set( -0.190198, 0.014983 )
ga_view_zoom_set( 0.053400 )
ga_view_center_set( -0.195818, 0.015904 )
ga_view_zoom_set( 0.047466 )
ga_view_center_set( -0.206697, 0.017761 )
ga_view_zoom_set( 0.037973 )
ga_view_center_set( -0.211532, 0.018587 )
ga_view_zoom_set( 0.033754 )
ga_view_center_set( -0.215830, 0.019321 )
ga_view_zoom_set( 0.030003 )
ga_view_center_set( -0.219651, 0.019973 )
ga_view_zoom_set( 0.026670 )
ga_view_center_set( -0.218098, 0.019994 )
ga_view_zoom_set( 0.030003 )
ga_view_center_set( -0.214604, 0.020040 )
ga_view_zoom_set( 0.037504 )
ga_view_center_set( -0.212420, 0.020069 )
ga_view_zoom_set( 0.042192 )
ga_view_center_set( -0.209963, 0.020102 )
ga_view_zoom_set( 0.047466 )
ga_view_center_set( -0.207199, 0.020139 )
ga_view_zoom_set( 0.053400 )
ga_view_center_set( -0.204089, 0.020201 )
ga_view_zoom_set( 0.060075 )
ga_view_center_set( -0.200591, 0.020271 )
ga_view_zoom_set( 0.067584 )
ga_view_center_set( -0.196656, 0.020350 )
ga_view_zoom_set( 0.076032 )
ga_view_center_set( -0.192229, 0.020468 )
ga_view_zoom_set( 0.085536 )
ga_view_center_set( -0.187248, 0.020667 )
ga_view_zoom_set( 0.096228 )
ga_view_center_set( -0.186239, 0.022273 )
ga_view_zoom_set( 0.108257 )
ga_view_center_set( -0.184390, 0.026056 )
ga_view_zoom_set( 0.135321 )
ga_view_center_set( -0.183602, 0.028682 )
ga_view_zoom_set( 0.152236 )
ga_view_center_set( -0.182834, 0.031755 )
ga_view_zoom_set( 0.171265 )
ga_view_center_set( -0.181970, 0.035279 )
ga_view_zoom_set( 0.192673 )
ga_view_center_set( -0.180997, 0.039243 )
ga_view_zoom_set( 0.216758 )
ga_view_center_set( -0.145170, 0.032586 )
ga_view_zoom_set( 0.192673 )
ga_view_center_set( -0.108603, 0.026669 )
ga_view_zoom_set( 0.171265 )
ga_view_center_set( -0.075804, 0.021409 )
ga_view_zoom_set( 0.152236 )
ga_view_aa_set( -11.029806, 36.700222, -8.405105 )
ga_view_aa_set( 0., 0., 0. )
INTEGER fem_create_mesh_surfa_num_nodes
INTEGER fem_create_mesh_surfa_num_elems
STRING fem_create_mesh_s_nodes_created[VIRTUAL]
STRING fem_create_mesh_s_elems_created[VIRTUAL]
fem_create_mesh_surf_4( "Hybrid", 49680, "Surface 3:9:2", 4, ["0.007", "0.1",  @
"0.2", "1.0"], "Quad4", "2000", "2000", "Coord 0", "Coord 0",  @
fem_create_mesh_surfa_num_nodes, fem_create_mesh_surfa_num_elems,  @
fem_create_mesh_s_nodes_created, fem_create_mesh_s_elems_created )
$# Processing the geometry...
$# Processing the geometry...
$# Completed Meshing the Vertices...
$# Completed Meshing the Edges...
$# Completed Meshing the Faces...
$# === 144 nodes created.  IDs  = 2000:2143.
$# === 96 elements created.  IDs  = 2000:2095.
fem_associate_elems_to_ep( "2D_Al_7075_Shell",  @
fem_create_mesh_s_elems_created, fem_create_mesh_surfa_num_elems )
$# 96 Element(s) associated to the Element Property 2D_Al_7075_Shell.
display_cleanup(  )
uil_toolbar.shaded_smooth(  )
gm_visibility_widget( " Point 1:16 Curve 1:12 Surface 3 5 7:9", FALSE )
gm_visibility_widget( " Point 1:16 Curve 1:12 Surface 3 5 7:9", TRUE )
gm_visibility_widget( " Point 1:16 Curve 1:12 Surface 3 5 7:9", FALSE )
gm_visibility_widget( " Point 1:16 Curve 1:12 Surface 3 5 7:9", TRUE )
point_size( 1 )
point_size( 9 )
$# UNDO: FEM Create Mesh Surface for Surface 8
INTEGER fem_create_mesh_surfa_num_nodes
INTEGER fem_create_mesh_surfa_num_elems
STRING fem_create_mesh_s_nodes_created[VIRTUAL]
STRING fem_create_mesh_s_elems_created[VIRTUAL]
fem_create_mesh_surf_4( "Paver", 49680, "Surface 8", 4, ["0.015", "0.1", "0.2" @
, "1.0"], "Quad4", "#", "#", "Coord 0", "Coord 0",  @
fem_create_mesh_surfa_num_nodes, fem_create_mesh_surfa_num_elems,  @
fem_create_mesh_s_nodes_created, fem_create_mesh_s_elems_created )
$# 395 nodes and 339 elements created for Surface 8.
$# === 395 nodes created.  IDs  = 2144:2538.
$# === 339 elements created.  IDs  = 2096:2434.
fem_associate_elems_to_ep( "2D_Al_7075_Shell",  @
fem_create_mesh_s_elems_created, fem_create_mesh_surfa_num_elems )
$# 339 Element(s) associated to the Element Property 2D_Al_7075_Shell.
ga_view_center_set( -0.021634, 0.008977 )
ga_view_zoom_set( 0.120285 )
ga_view_center_set( -0.025121, 0.005325 )
ga_view_zoom_set( 0.106920 )
ga_view_center_set( -0.028220, 0.002078 )
ga_view_zoom_set( 0.095040 )
ga_view_center_set( -0.025121, 0.005325 )
ga_view_zoom_set( 0.106920 )
ga_view_center_set( -0.021634, 0.008977 )
ga_view_zoom_set( 0.120285 )
ga_view_center_set( -0.017712, 0.013087 )
ga_view_zoom_set( 0.135321 )
ga_view_center_set( -0.002110, 0.018707 )
ga_view_zoom_set( 0.152236 )
ga_view_center_set( 0.015442, 0.025031 )
ga_view_zoom_set( 0.171265 )
ga_view_center_set( 0.035188, 0.032145 )
ga_view_zoom_set( 0.192673 )
ga_view_aa_set( -34.042797, -29.486160, -42.214935 )
ga_view_aa_set( 0., 0., 0. )
sys_poll_option( 2 )
pref_fa_set( [FALSE, FALSE, FALSE, FALSE, FALSE, FALSE, FALSE, FALSE, FALSE,  @
FALSE, FALSE, FALSE, FALSE, FALSE, FALSE, FALSE, FALSE, FALSE, FALSE, FALSE,  @
FALSE, FALSE, FALSE, FALSE, FALSE, FALSE, FALSE, FALSE, FALSE, FALSE, FALSE,  @
FALSE, FALSE, FALSE, FALSE, FALSE, FALSE, FALSE, FALSE, FALSE, FALSE, FALSE,  @
FALSE, FALSE, FALSE, FALSE, FALSE, FALSE, FALSE, FALSE, FALSE, FALSE, FALSE,  @
FALSE, FALSE, FALSE, FALSE, FALSE, FALSE, FALSE, FALSE, FALSE, FALSE, FALSE,  @
FALSE, FALSE, FALSE, FALSE, FALSE, FALSE, FALSE, FALSE, FALSE, FALSE, FALSE,  @
FALSE, FALSE, FALSE, FALSE, FALSE, FALSE, FALSE, FALSE, FALSE, FALSE, FALSE,  @
FALSE, FALSE, FALSE, FALSE, FALSE, FALSE, FALSE, FALSE, FALSE, FALSE, FALSE,  @
FALSE, FALSE, FALSE, FALSE], [6, 3, 1, 1, 5, 7, 2, 2, 8, 1, 2, 3, 3, 5, 2, 1,  @
3, 6, 5, 5, 3, 2, 2, 2, 2, 2, 6, 6, 6, 9, 9, 3, 5, 5, 5, 1, 3, 3, 15, 13], [ @
TRUE, TRUE, TRUE, TRUE, TRUE, TRUE, TRUE, TRUE, TRUE, TRUE, TRUE, TRUE, TRUE,  @
TRUE, TRUE, TRUE, TRUE, TRUE, TRUE, TRUE, TRUE, TRUE, TRUE, TRUE, TRUE, TRUE,  @
TRUE, TRUE, TRUE, TRUE, TRUE, TRUE, TRUE, TRUE, TRUE, TRUE, TRUE, TRUE, TRUE,  @
TRUE], [3, 4, 5, 6, 1, 1, 7, 8, 9, 10], [TRUE, TRUE, TRUE, TRUE, TRUE, TRUE,  @
TRUE, TRUE, TRUE, TRUE], FALSE )
display_fa_vectors( TRUE )
result_label_format_set( 1, 4 )
gm_elem_prop_init_list(  )
ga_display_offsets_set( "general", 1 )
ga_display_beam_set( "general", 2 )
sys_poll_option( 0 )
ga_view_aa_set( -63.695118, 12.396902, -67.697563 )
ga_view_center_set( -0.011501, 0.016625 )
ga_view_zoom_set( 0.146667 )
ga_view_center_set( -0.027645, 0.022597 )
ga_view_zoom_set( 0.130370 )
ga_view_center_set( -0.043571, 0.024891 )
ga_view_zoom_set( 0.115885 )
ga_view_center_set( -0.055727, 0.025771 )
ga_view_zoom_set( 0.103009 )
ga_view_center_set( -0.051604, 0.023141 )
ga_view_zoom_set( 0.091563 )
ga_view_center_set( -0.047939, 0.020803 )
ga_view_zoom_set( 0.081390 )
ga_view_center_set( -0.044681, 0.018725 )
ga_view_zoom_set( 0.072346 )
ga_view_center_set( -0.041785, 0.016877 )
ga_view_zoom_set( 0.064308 )
ga_view_center_set( -0.039211, 0.015235 )
ga_view_zoom_set( 0.057163 )
ga_view_center_set( -0.041785, 0.016877 )
ga_view_zoom_set( 0.064308 )
ga_view_center_set( -0.044681, 0.018725 )
ga_view_zoom_set( 0.072346 )
ga_view_center_set( -0.047939, 0.020803 )
ga_view_zoom_set( 0.081390 )
ga_view_center_set( -0.055269, 0.025479 )
ga_view_zoom_set( 0.101737 )
ga_view_center_set( -0.059850, 0.028402 )
ga_view_zoom_set( 0.114454 )
ga_view_aa_set( -78.217354, 4.320729, -54.989464 )
ga_view_center_set( -0.047765, 0.018646 )
ga_view_zoom_set( 0.101737 )
ga_view_center_set( -0.037128, 0.009940 )
ga_view_zoom_set( 0.090433 )
ga_view_center_set( -0.027735, 0.002201 )
ga_view_zoom_set( 0.080385 )
ga_view_center_set( -0.012757, -0.010181 )
ga_view_zoom_set( 0.064308 )
ga_view_center_set( -0.006099, -0.015684 )
ga_view_zoom_set( 0.057163 )
ga_view_center_set( -0.000182, -0.020576 )
ga_view_zoom_set( 0.050811 )
ga_view_center_set( 0.005078, -0.024924 )
ga_view_zoom_set( 0.045165 )
ga_view_center_set( 0.013494, -0.031881 )
ga_view_zoom_set( 0.036132 )
ga_view_center_set( 0.020227, -0.037447 )
ga_view_zoom_set( 0.028906 )
ga_view_center_set( 0.025613, -0.041900 )
ga_view_zoom_set( 0.023125 )
ga_view_center_set( 0.028007, -0.043879 )
ga_view_zoom_set( 0.020555 )
ga_view_center_set( 0.031709, -0.047019 )
ga_view_zoom_set( 0.016444 )
ga_view_center_set( 0.033309, -0.048392 )
ga_view_zoom_set( 0.014617 )
ga_view_center_set( 0.034681, -0.049578 )
ga_view_zoom_set( 0.012993 )
ga_view_center_set( 0.035851, -0.050631 )
ga_view_zoom_set( 0.011549 )
ga_view_center_set( 0.036517, -0.051409 )
ga_view_zoom_set( 0.010266 )
ga_view_center_set( 0.037094, -0.052057 )
ga_view_zoom_set( 0.009125 )
ga_view_center_set( 0.037608, -0.052614 )
ga_view_zoom_set( 0.008111 )
ga_view_center_set( 0.038064, -0.053093 )
ga_view_zoom_set( 0.007210 )
ga_view_center_set( 0.038467, -0.053493 )
ga_view_zoom_set( 0.006409 )
ga_view_center_set( 0.038841, -0.053628 )
ga_view_zoom_set( 0.005697 )
ga_view_center_set( 0.039173, -0.053746 )
ga_view_zoom_set( 0.005064 )
ga_view_center_set( 0.039468, -0.053851 )
ga_view_zoom_set( 0.004501 )
ga_view_center_set( 0.039731, -0.053944 )
ga_view_zoom_set( 0.004001 )
ga_view_center_set( 0.039964, -0.054026 )
ga_view_zoom_set( 0.003557 )
ga_view_center_set( 0.040136, -0.053966 )
ga_view_zoom_set( 0.003161 )
ga_view_center_set( 0.040289, -0.053912 )
ga_view_zoom_set( 0.002810 )
ga_view_center_set( 0.040424, -0.053865 )
ga_view_zoom_set( 0.002498 )
ga_view_center_set( 0.040545, -0.053822 )
ga_view_zoom_set( 0.002220 )
ga_view_center_set( 0.040652, -0.053785 )
ga_view_zoom_set( 0.001974 )
ga_view_center_set( 0.040565, -0.053805 )
ga_view_zoom_set( 0.002220 )
ga_view_center_set( 0.040467, -0.053827 )
ga_view_zoom_set( 0.002498 )
ga_view_center_set( 0.040356, -0.053852 )
ga_view_zoom_set( 0.002810 )
ga_view_center_set( 0.040232, -0.053881 )
ga_view_zoom_set( 0.003161 )
ga_view_aa_set( -56.625832, -0.997676, -72.170654 )
ga_view_center_set( 0.040175, -0.053881 )
ga_view_zoom_set( 0.003557 )
ga_view_center_set( 0.040112, -0.053878 )
ga_view_zoom_set( 0.004001 )
ga_view_center_set( 0.039969, -0.053872 )
ga_view_zoom_set( 0.005001 )
ga_view_center_set( 0.039790, -0.053864 )
ga_view_zoom_set( 0.006252 )
ga_view_center_set( 0.039679, -0.053859 )
ga_view_zoom_set( 0.007033 )
ga_view_center_set( 0.039310, -0.053843 )
ga_view_zoom_set( 0.009671 )
ga_view_center_set( 0.039145, -0.053835 )
ga_view_zoom_set( 0.010880 )
ga_view_center_set( 0.038773, -0.053818 )
ga_view_zoom_set( 0.013599 )
ga_view_center_set( 0.038309, -0.053797 )
ga_view_zoom_set( 0.016999 )
ga_view_center_set( 0.038018, -0.053784 )
ga_view_zoom_set( 0.019124 )
ga_view_center_set( 0.036712, -0.053725 )
ga_view_zoom_set( 0.028686 )
ga_view_center_set( 0.036222, -0.053702 )
ga_view_zoom_set( 0.032272 )
ga_view_center_set( 0.035670, -0.053677 )
ga_view_zoom_set( 0.036306 )
ga_view_center_set( 0.035050, -0.053649 )
ga_view_zoom_set( 0.040844 )
ga_view_center_set( 0.034353, -0.053617 )
ga_view_zoom_set( 0.045950 )
ga_view_center_set( 0.033586, -0.053582 )
ga_view_zoom_set( 0.051694 )
ga_view_center_set( 0.031860, -0.053501 )
ga_view_zoom_set( 0.064617 )
ga_view_center_set( 0.030781, -0.053451 )
ga_view_zoom_set( 0.072694 )
ga_view_center_set( 0.029568, -0.053395 )
ga_view_zoom_set( 0.081781 )
ga_view_center_set( 0.028203, -0.053331 )
ga_view_zoom_set( 0.092004 )
ga_view_center_set( 0.026667, -0.053260 )
ga_view_zoom_set( 0.103504 )
ga_view_center_set( 0.023211, -0.053019 )
ga_view_zoom_set( 0.129380 )
ga_view_center_set( 0.021052, -0.052868 )
ga_view_zoom_set( 0.145553 )
ga_view_center_set( 0.018622, -0.052699 )
ga_view_zoom_set( 0.163747 )
ga_view_center_set( 0.015889, -0.052508 )
ga_view_zoom_set( 0.184215 )
ga_view_center_set( 0.009739, -0.051936 )
ga_view_zoom_set( 0.230269 )
ga_view_center_set( 0.005984, -0.051399 )
ga_view_zoom_set( 0.259053 )
ga_view_center_set( -0.001435, -0.068741 )
ga_view_zoom_set( 0.230269 )
ga_view_center_set( -0.008269, -0.083838 )
ga_view_zoom_set( 0.204684 )
ga_view_center_set( -0.014484, -0.096834 )
ga_view_zoom_set( 0.181941 )
ga_view_center_set( -0.024542, -0.115932 )
ga_view_zoom_set( 0.145553 )
ga_view_center_set( -0.028961, -0.123767 )
ga_view_zoom_set( 0.129380 )
ga_view_center_set( -0.037290, -0.136040 )
ga_view_zoom_set( 0.094095 )
ga_view_center_set( -0.039595, -0.139417 )
ga_view_zoom_set( 0.083640 )
ga_view_center_set( -0.042556, -0.143781 )
ga_view_zoom_set( 0.066912 )
ga_view_center_set( -0.044551, -0.146732 )
ga_view_zoom_set( 0.053529 )
ga_view_center_set( -0.045781, -0.148461 )
ga_view_zoom_set( 0.042824 )
ga_view_center_set( -0.046340, -0.149126 )
ga_view_zoom_set( 0.034259 )
ga_view_center_set( -0.046517, -0.149268 )
ga_view_zoom_set( 0.030452 )
ga_view_center_set( -0.046643, -0.149299 )
ga_view_zoom_set( 0.027069 )
ga_view_center_set( -0.046550, -0.149028 )
ga_view_zoom_set( 0.024061 )
ga_view_center_set( -0.046384, -0.148779 )
ga_view_zoom_set( 0.021388 )
ga_view_center_set( -0.046066, -0.148513 )
ga_view_zoom_set( 0.019011 )
ga_view_center_set( -0.045607, -0.148225 )
ga_view_zoom_set( 0.016899 )
ga_view_center_set( -0.045199, -0.147962 )
ga_view_zoom_set( 0.015021 )
ga_view_center_set( -0.044831, -0.147719 )
ga_view_zoom_set( 0.013352 )
ga_view_center_set( -0.044504, -0.147502 )
ga_view_zoom_set( 0.011869 )
ga_view_center_set( -0.044213, -0.147314 )
ga_view_zoom_set( 0.010550 )
ga_view_center_set( -0.043955, -0.147150 )
ga_view_zoom_set( 0.009378 )
ga_view_center_set( -0.043731, -0.147008 )
ga_view_zoom_set( 0.008336 )
ga_view_center_set( -0.043536, -0.146887 )
ga_view_zoom_set( 0.007410 )
ga_view_center_set( -0.043370, -0.146795 )
ga_view_zoom_set( 0.006586 )
ga_view_center_set( -0.043222, -0.146749 )
ga_view_zoom_set( 0.005854 )
ga_view_center_set( -0.043090, -0.146709 )
ga_view_zoom_set( 0.005204 )
ga_view_center_set( -0.042974, -0.146673 )
ga_view_zoom_set( 0.004626 )
ga_view_center_set( -0.042787, -0.146616 )
ga_view_zoom_set( 0.003701 )
ga_view_center_set( -0.042704, -0.146590 )
ga_view_zoom_set( 0.003289 )
ga_view_center_set( -0.042782, -0.146584 )
ga_view_zoom_set( 0.003701 )
ga_view_center_set( -0.042870, -0.146577 )
ga_view_zoom_set( 0.004163 )
ga_view_center_set( -0.042968, -0.146568 )
ga_view_zoom_set( 0.004684 )
ga_view_center_set( -0.043077, -0.146559 )
ga_view_zoom_set( 0.005269 )
mesh_seed_display_mgr.erase(  )
verify_boundaries_display_mgr.initialize(  )
ga_view_center_set( -0.042835, -0.146645 )
ga_view_zoom_set( 0.004684 )
ga_view_center_set( -0.042191, -0.146873 )
ga_view_zoom_set( 0.003122 )
ga_view_center_set( -0.042352, -0.146817 )
ga_view_zoom_set( 0.003513 )
ga_view_center_set( -0.042533, -0.146754 )
ga_view_zoom_set( 0.003952 )
ga_view_center_set( -0.042737, -0.146687 )
ga_view_zoom_set( 0.004446 )
ga_view_center_set( -0.042967, -0.146611 )
ga_view_zoom_set( 0.005001 )
ga_view_center_set( -0.042883, -0.146589 )
ga_view_zoom_set( 0.005627 )
ga_view_center_set( -0.042789, -0.146574 )
ga_view_zoom_set( 0.006330 )
ga_view_center_set( -0.042698, -0.146611 )
ga_view_zoom_set( 0.007121 )
ga_view_center_set( -0.042920, -0.146652 )
ga_view_zoom_set( 0.008011 )
ga_view_center_set( -0.043268, -0.146708 )
ga_view_zoom_set( 0.009013 )
ga_view_center_set( -0.044849, -0.146974 )
ga_view_zoom_set( 0.013519 )
ga_view_center_set( -0.045442, -0.147074 )
ga_view_zoom_set( 0.015209 )
ga_view_center_set( -0.046109, -0.147186 )
ga_view_zoom_set( 0.017110 )
ga_view_center_set( -0.046860, -0.147312 )
ga_view_zoom_set( 0.019249 )
ga_view_center_set( -0.047704, -0.147454 )
ga_view_zoom_set( 0.021655 )
ga_view_center_set( -0.049621, -0.147757 )
ga_view_zoom_set( 0.027069 )
ga_view_center_set( -0.050840, -0.147936 )
ga_view_zoom_set( 0.030452 )
ga_view_center_set( -0.055238, -0.148361 )
ga_view_zoom_set( 0.041872 )
ga_view_center_set( -0.059301, -0.148719 )
ga_view_zoom_set( 0.052340 )
ga_view_center_set( -0.061841, -0.148942 )
ga_view_zoom_set( 0.058882 )
ga_view_center_set( -0.055928, -0.146687 )
ga_view_zoom_set( 0.052340 )
ga_view_aa_set( -53.162472, 16.123020, -84.091438 )
ga_view_aa_set( -54.123184, 2.648154, -86.619865 )
ga_view_aa_set( -54.164822, 3.233914, -85.808304 )
ga_view_aa_set( -56.164818, 3.233914, -85.808304 )
ga_view_center_set( -0.048601, -0.137266 )
ga_view_aa_set( -76.161491, 13.219805, -60.537434 )
ga_view_center_set( -0.047871, -0.139455 )
ga_view_zoom_set( 0.089519 )
ga_view_aa_set( -83.650711, 5.098250, -45.451893 )
ga_view_aa_set( 0., 0., 0. )
$# Acknowledgement requested from application FEM Verify
$#     At this time, the test for ASPECT and JACOBIAN values are not 
$# available for the MSC.Nastran preference.  Using the MSC.Patran tests.
$? NO 11111 
ga_view_center_set( -0.058251, -0.004278 )
ga_view_zoom_set( 0.141305 )
ga_view_center_set( -0.051559, -0.003400 )
ga_view_zoom_set( 0.158968 )
ga_view_center_set( -0.073391, 0.012946 )
ga_view_zoom_set( 0.141305 )
ga_view_center_set( -0.093041, 0.027623 )
ga_view_zoom_set( 0.125605 )
ga_view_center_set( -0.111071, 0.040929 )
ga_view_zoom_set( 0.111649 )
ga_view_center_set( -0.127214, 0.052795 )
ga_view_zoom_set( 0.099243 )
ga_view_center_set( -0.141665, 0.063342 )
ga_view_zoom_set( 0.088216 )
ga_view_center_set( -0.154541, 0.072718 )
ga_view_zoom_set( 0.078414 )
ga_view_center_set( -0.165392, 0.079104 )
ga_view_zoom_set( 0.069702 )
ga_view_center_set( -0.154568, 0.073124 )
ga_view_zoom_set( 0.078414 )
ga_view_center_set( -0.142392, 0.066397 )
ga_view_zoom_set( 0.088216 )
ga_view_center_set( -0.128694, 0.058828 )
ga_view_zoom_set( 0.099243 )
ga_view_center_set( -0.125475, 0.055678 )
ga_view_zoom_set( 0.088216 )
ga_view_center_set( -0.122614, 0.052877 )
ga_view_zoom_set( 0.078414 )
ga_view_center_set( -0.120070, 0.050388 )
ga_view_zoom_set( 0.069702 )
ga_view_center_set( -0.116001, 0.046405 )
ga_view_zoom_set( 0.055761 )
ga_view_center_set( -0.114192, 0.044635 )
ga_view_zoom_set( 0.049566 )
ga_view_center_set( -0.116001, 0.046405 )
ga_view_zoom_set( 0.055761 )
ga_view_center_set( -0.118035, 0.048397 )
ga_view_zoom_set( 0.062731 )
ga_view_center_set( -0.120325, 0.050637 )
ga_view_zoom_set( 0.070573 )
ga_view_center_set( -0.122900, 0.053157 )
ga_view_zoom_set( 0.079394 )
ga_view_center_set( -0.128694, 0.058828 )
ga_view_zoom_set( 0.099243 )
ga_view_center_set( -0.132316, 0.062373 )
ga_view_zoom_set( 0.111648 )
ga_view_center_set( -0.136390, 0.066360 )
ga_view_zoom_set( 0.125605 )
ga_view_center_set( -0.140973, 0.070846 )
ga_view_zoom_set( 0.141305 )
ga_view_center_set( -0.151286, 0.080939 )
ga_view_zoom_set( 0.176631 )
ga_view_center_set( -0.157731, 0.087248 )
ga_view_zoom_set( 0.198710 )
ga_view_center_set( -0.186735, 0.115635 )
ga_view_zoom_set( 0.298066 )
ga_view_center_set( -0.197612, 0.126280 )
ga_view_zoom_set( 0.335324 )
ga_view_center_set( -0.209848, 0.138256 )
ga_view_zoom_set( 0.377239 )
ga_view_center_set( -0.223614, 0.151729 )
ga_view_zoom_set( 0.424394 )
ga_view_center_set( -0.239100, 0.166886 )
ga_view_zoom_set( 0.477443 )
ga_view_center_set( -0.256522, 0.183937 )
ga_view_zoom_set( 0.537124 )
ga_view_center_set( -0.276123, 0.203120 )
ga_view_zoom_set( 0.604264 )
ga_view_center_set( -0.298173, 0.224936 )
ga_view_zoom_set( 0.679797 )
ga_view_center_set( -0.221467, 0.182008 )
ga_view_zoom_set( 0.604264 )
ga_view_center_set( -0.153284, 0.143851 )
ga_view_zoom_set( 0.537124 )
ga_view_center_set( -0.092677, 0.109933 )
ga_view_zoom_set( 0.477443 )
ga_view_center_set( -0.062857, 0.075995 )
ga_view_zoom_set( 0.424394 )
ga_view_center_set( -0.038255, 0.046706 )
ga_view_zoom_set( 0.377239 )
ga_view_center_set( -0.020812, 0.022624 )
ga_view_zoom_set( 0.335324 )
INTEGER fem_modify_qu_num_nodes_created
INTEGER fem_modify_qu_num_elems_created
INTEGER fem_modify_qu_num_nodes_deleted
INTEGER fem_modify_qu_num_elems_deleted
STRING fem_modify_quad_s_nodes_created[VIRTUAL]
STRING fem_modify_quad_s_elems_created[VIRTUAL]
STRING fem_modify_quad_s_nodes_deleted[VIRTUAL]
STRING fem_modify_quad_s_elems_deleted[VIRTUAL]
fem_mod_quad_split( "2_tria", "Auto", "Elm 2141", "", "",  @
fem_modify_qu_num_nodes_created, fem_modify_qu_num_elems_created,  @
fem_modify_qu_num_nodes_deleted, fem_modify_qu_num_elems_deleted,  @
fem_modify_quad_s_nodes_created, fem_modify_quad_s_elems_created,  @
fem_modify_quad_s_nodes_deleted, fem_modify_quad_s_elems_deleted )
$# === No nodes deleted.
$# === No nodes created.
$# === 1 element deleted.  ID = 2141.
$# === 2 elements created.  IDs  = 2435,2436.
ga_view_center_set( -0.022663, 0.030492 )
ga_view_zoom_set( 0.298066 )
ga_view_center_set( -0.027703, 0.038823 )
ga_view_zoom_set( 0.264947 )
ga_view_center_set( -0.034103, 0.047052 )
ga_view_zoom_set( 0.235509 )
ga_view_center_set( -0.040929, 0.054934 )
ga_view_zoom_set( 0.209341 )
ga_view_center_set( -0.047141, 0.061941 )
ga_view_zoom_set( 0.186081 )
ga_view_center_set( -0.053755, 0.068619 )
ga_view_zoom_set( 0.165405 )
ga_view_center_set( -0.074530, 0.074726 )
ga_view_zoom_set( 0.147027 )
ga_view_center_set( -0.092998, 0.080155 )
ga_view_zoom_set( 0.130691 )
ga_view_center_set( -0.109413, 0.084980 )
ga_view_zoom_set( 0.116169 )
ga_view_center_set( -0.124124, 0.089269 )
ga_view_zoom_set( 0.103262 )
ga_view_center_set( -0.137344, 0.093082 )
ga_view_zoom_set( 0.091788 )
ga_view_center_set( -0.149380, 0.096471 )
ga_view_zoom_set( 0.081589 )
ga_view_center_set( -0.160247, 0.098808 )
ga_view_zoom_set( 0.072524 )
ga_view_center_set( -0.169907, 0.100885 )
ga_view_zoom_set( 0.064466 )
$# Acknowledgement requested from application FEM Verify
$#     At this time, the test for ASPECT and JACOBIAN values are not 
$# available for the MSC.Nastran preference.  Using the MSC.Patran tests.
$? NO 11111 
ga_view_center_set( -0.169239, 0.098438 )
ga_view_zoom_set( 0.057303 )
ga_view_center_set( -0.167978, 0.093099 )
ga_view_zoom_set( 0.041675 )
ga_view_center_set( -0.167604, 0.091517 )
ga_view_zoom_set( 0.037044 )
ga_view_center_set( -0.167978, 0.093099 )
ga_view_zoom_set( 0.041675 )
ga_view_center_set( -0.168398, 0.094879 )
ga_view_zoom_set( 0.046884 )
ga_view_center_set( -0.168871, 0.096881 )
ga_view_zoom_set( 0.052745 )
ga_view_center_set( -0.169936, 0.101385 )
ga_view_zoom_set( 0.065931 )
ga_view_center_set( -0.170602, 0.104201 )
ga_view_zoom_set( 0.074172 )
ga_view_center_set( -0.171350, 0.107368 )
ga_view_zoom_set( 0.083444 )
ga_view_center_set( -0.172192, 0.110964 )
ga_view_zoom_set( 0.093874 )
ga_view_center_set( -0.173213, 0.115373 )
ga_view_zoom_set( 0.105609 )
ga_view_center_set( -0.174443, 0.120498 )
ga_view_zoom_set( 0.118810 )
ga_view_center_set( -0.175826, 0.126263 )
ga_view_zoom_set( 0.133661 )
ga_view_center_set( -0.177383, 0.132749 )
ga_view_zoom_set( 0.150368 )
ga_view_center_set( -0.180885, 0.147342 )
ga_view_zoom_set( 0.187960 )
ga_view_center_set( -0.183074, 0.156463 )
ga_view_zoom_set( 0.211455 )
ga_view_center_set( -0.184306, 0.167298 )
ga_view_zoom_set( 0.237887 )
ga_view_center_set( -0.180889, 0.179950 )
ga_view_zoom_set( 0.267623 )
ga_view_center_set( -0.175383, 0.193871 )
ga_view_zoom_set( 0.301076 )
ga_view_center_set( -0.168604, 0.209533 )
ga_view_zoom_set( 0.338711 )
ga_view_center_set( -0.137441, 0.261996 )
ga_view_zoom_set( 0.465727 )
ga_view_center_set( -0.108876, 0.310088 )
ga_view_zoom_set( 0.582159 )
ga_view_center_set( -0.091022, 0.340145 )
ga_view_zoom_set( 0.654929 )
ga_view_center_set( -0.070937, 0.375230 )
ga_view_zoom_set( 0.736795 )
ga_view_center_set( -0.048341, 0.415559 )
ga_view_zoom_set( 0.828895 )
ga_view_center_set( 0.002499, 0.510162 )
ga_view_zoom_set( 1.036118 )
ga_view_center_set( 0.034275, 0.570092 )
ga_view_zoom_set( 1.165633 )
ga_view_center_set( 0.010946, 0.495279 )
ga_view_zoom_set( 1.036118 )
ga_view_center_set( -0.009076, 0.428064 )
ga_view_zoom_set( 0.920994 )
ga_view_center_set( -0.037106, 0.315371 )
ga_view_zoom_set( 0.736795 )
ga_view_center_set( -0.046259, 0.264268 )
ga_view_zoom_set( 0.654929 )
ga_view_center_set( -0.057649, 0.187385 )
ga_view_zoom_set( 0.523943 )
ga_view_center_set( -0.061988, 0.154300 )
ga_view_zoom_set( 0.465727 )
ga_view_center_set( -0.064720, 0.125533 )
ga_view_zoom_set( 0.413980 )
ga_view_center_set( -0.063434, 0.099392 )
ga_view_zoom_set( 0.367982 )
ga_view_center_set( -0.062164, 0.076155 )
ga_view_zoom_set( 0.327095 )
ga_view_center_set( -0.060810, 0.055500 )
ga_view_zoom_set( 0.290751 )
ga_view_center_set( -0.059506, 0.037039 )
ga_view_zoom_set( 0.258446 )
ga_view_center_set( -0.055974, 0.007182 )
ga_view_zoom_set( 0.206757 )
verify_boundaries_display_mgr.initialize(  )
INTEGER fem_verify_duplicates_num_dupl
STRING fem_verify_duplicates_keep_ids[VIRTUAL]
STRING fem_verify_duplicates_toss_ids[VIRTUAL]
fem_verify_element_duplicates( FALSE, TRUE, fem_verify_duplicates_num_dupl,  @
fem_verify_duplicates_keep_ids, fem_verify_duplicates_toss_ids )
$# There are NO duplicate elements in the model.
ga_view_aa_set( -59.152370, 18.231325, 3.817898 )
gm_visibility_widget( "Elm 1000:1069", FALSE )
ga_view_aa_set( 7.134501, -8.863936, 22.031313 )
gm_visibility_widget( "Elm 1000:1069", TRUE )
ga_view_aa_set( -65.886757, -5.580319, -140.184387 )
ga_view_center_set( -0.017028, -0.008030 )
ga_view_zoom_set( 0.239935 )
ga_view_center_set( -0.031103, -0.014322 )
ga_view_zoom_set( 0.213276 )
ga_view_center_set( -0.043614, -0.019915 )
ga_view_zoom_set( 0.189579 )
ga_view_center_set( -0.054735, -0.024887 )
ga_view_zoom_set( 0.168514 )
ga_view_center_set( -0.064620, -0.029306 )
ga_view_zoom_set( 0.149790 )
ga_view_center_set( -0.073304, -0.033183 )
ga_view_zoom_set( 0.133147 )
ga_view_center_set( -0.080976, -0.036628 )
ga_view_zoom_set( 0.118353 )
ga_view_center_set( -0.087470, -0.039814 )
ga_view_zoom_set( 0.105203 )
ga_view_center_set( -0.093060, -0.042791 )
ga_view_zoom_set( 0.093513 )
ga_view_center_set( -0.097804, -0.045695 )
ga_view_zoom_set( 0.083123 )
ga_view_center_set( -0.100270, -0.050284 )
ga_view_zoom_set( 0.073887 )
ga_view_center_set( -0.102387, -0.054363 )
ga_view_zoom_set( 0.065677 )
ga_view_center_set( -0.104177, -0.057944 )
ga_view_zoom_set( 0.058380 )
ga_view_center_set( -0.105668, -0.061006 )
ga_view_zoom_set( 0.051893 )
ga_view_center_set( -0.107011, -0.063298 )
ga_view_zoom_set( 0.046127 )
ga_view_center_set( -0.108252, -0.065224 )
ga_view_zoom_set( 0.041002 )
ga_view_center_set( -0.109426, -0.066837 )
ga_view_zoom_set( 0.036446 )
ga_view_center_set( -0.110470, -0.068258 )
ga_view_zoom_set( 0.032397 )
ga_view_center_set( -0.111387, -0.069499 )
ga_view_zoom_set( 0.028797 )
ga_view_center_set( -0.112232, -0.070483 )
ga_view_zoom_set( 0.025597 )
ga_view_center_set( -0.114131, -0.070916 )
ga_view_zoom_set( 0.022753 )
ga_view_center_set( -0.115921, -0.071277 )
ga_view_zoom_set( 0.020225 )
ga_view_center_set( -0.117519, -0.071598 )
ga_view_zoom_set( 0.017978 )
ga_view_center_set( -0.118952, -0.071883 )
ga_view_zoom_set( 0.015980 )
ga_view_center_set( -0.120226, -0.072137 )
ga_view_zoom_set( 0.014205 )
ga_view_center_set( -0.121368, -0.072431 )
ga_view_zoom_set( 0.012626 )
ga_view_center_set( -0.122379, -0.072714 )
ga_view_zoom_set( 0.011224 )
ga_view_center_set( -0.123273, -0.072981 )
ga_view_zoom_set( 0.009976 )
ga_view_center_set( -0.124061, -0.073233 )
ga_view_zoom_set( 0.008868 )
ga_view_center_set( -0.124762, -0.073462 )
ga_view_zoom_set( 0.007883 )
ga_view_center_set( -0.125191, -0.072954 )
ga_view_zoom_set( 0.008868 )
ga_view_center_set( -0.125673, -0.072383 )
ga_view_zoom_set( 0.009976 )
ga_view_center_set( -0.126215, -0.071740 )
ga_view_zoom_set( 0.011224 )
ga_view_center_set( -0.126825, -0.071016 )
ga_view_zoom_set( 0.012626 )
ga_view_center_set( -0.127511, -0.070203 )
ga_view_zoom_set( 0.014205 )
ga_view_center_set( -0.137971, -0.065918 )
ga_view_zoom_set( 0.026634 )
ga_view_center_set( -0.135573, -0.067131 )
ga_view_zoom_set( 0.023675 )
ga_view_center_set( -0.133441, -0.068210 )
ga_view_zoom_set( 0.021044 )
ga_view_center_set( -0.131538, -0.069168 )
ga_view_zoom_set( 0.018706 )
ga_view_center_set( -0.129847, -0.070020 )
ga_view_zoom_set( 0.016627 )
ga_view_center_set( -0.131538, -0.069168 )
ga_view_zoom_set( 0.018706 )
ga_view_center_set( -0.133441, -0.068210 )
ga_view_zoom_set( 0.021044 )
ga_view_center_set( -0.135581, -0.067131 )
ga_view_zoom_set( 0.023675 )
ga_view_center_set( -0.137989, -0.065918 )
ga_view_zoom_set( 0.026634 )
ga_view_center_set( -0.140698, -0.064564 )
ga_view_zoom_set( 0.029963 )
ga_view_center_set( -0.143745, -0.063040 )
ga_view_zoom_set( 0.033709 )
ga_view_center_set( -0.147174, -0.061326 )
ga_view_zoom_set( 0.037922 )
ga_view_center_set( -0.151031, -0.059397 )
ga_view_zoom_set( 0.042662 )
ga_view_center_set( -0.155370, -0.057228 )
ga_view_zoom_set( 0.047995 )
ga_view_center_set( -0.160251, -0.054787 )
ga_view_zoom_set( 0.053995 )
ga_view_center_set( -0.165743, -0.052041 )
ga_view_zoom_set( 0.060744 )
ga_view_center_set( -0.171921, -0.048952 )
ga_view_zoom_set( 0.068337 )
ga_view_center_set( -0.178871, -0.045477 )
ga_view_zoom_set( 0.076879 )
ga_view_aa_set( -166.741592, -48.169308, 131.250122 )
ga_view_aa_set( 0., 0., 0. )
ga_view_center_set( -0.181617, -0.045178 )
ga_view_zoom_set( 0.086489 )
ga_view_center_set( -0.184706, -0.044842 )
ga_view_zoom_set( 0.097300 )
ga_view_center_set( -0.188332, -0.044578 )
ga_view_zoom_set( 0.109462 )
ga_view_center_set( -0.192411, -0.044281 )
ga_view_zoom_set( 0.123145 )
ga_view_center_set( -0.197001, -0.043946 )
ga_view_zoom_set( 0.138538 )
ga_view_center_set( -0.202163, -0.043569 )
ga_view_zoom_set( 0.155856 )
ga_view_center_set( -0.207972, -0.043146 )
ga_view_zoom_set( 0.175338 )
ga_view_center_set( -0.214506, -0.042669 )
ga_view_zoom_set( 0.197255 )
ga_view_center_set( -0.221857, -0.042133 )
ga_view_zoom_set( 0.221912 )
ga_view_center_set( -0.183340, -0.029192 )
ga_view_zoom_set( 0.197255 )
ga_view_center_set( -0.149103, -0.017689 )
ga_view_zoom_set( 0.175338 )
ga_view_center_set( -0.118247, -0.007404 )
ga_view_zoom_set( 0.155856 )
REAL fem_equiv_all_x_equivtol_ab
INTEGER fem_equiv_all_x_segment
fem_equiv_all_group4( [" "], 0, "", 1, 1, 4.9999999E-06, FALSE,  @
fem_equiv_all_x_equivtol_ab, fem_equiv_all_x_segment )
$# Realigning database with new node numbers...
$# Database realignment completed.
$# Geometric equivalencing completed. 122 nodes deleted.
gm_visibility_widget( " Point 1:16 Curve 1:12 Surface 3 5 7:9", FALSE )
gm_visibility_widget( " Point 1:16 Curve 1:12 Surface 3 5 7:9", TRUE )
gm_visibility_widget( " Point 1:16 Curve 1:12 Surface 3 5 7:9", FALSE )
gm_visibility_widget( " Point 1:16 Curve 1:12 Surface 3 5 7:9", TRUE )
gm_visibility_widget( " Point 1:16 Curve 1:12 Surface 3 5 7:9", FALSE )
uil_toolbar.shaded_smooth(  )
uil_toolbar.shaded_smooth(  )
uil_toolbar.shaded_smooth(  )
ga_view_aa_set( -52.476242, 2.280416, 3.117941 )
uil_toolbar.shaded_smooth(  )
uil_toolbar.hidden_line(  )
ga_view_aa_set( -50.421356, 0.396960, 0.782249 )
ga_view_aa_set( -33.561134, 2.269946, 5.142178 )
uil_toolbar.hidden_line(  )
uil_toolbar.hidden_line(  )
uil_toolbar.shaded_smooth(  )
uil_toolbar.shaded_smooth(  )
uil_toolbar.wireframe(  )
ga_view_aa_set( -57.734043, 14.725543, 6.266593 )
verify_normals_display_mgr.initialize(  )
STRING fem_verify_normals_group_name[32]
INTEGER fem_verify_normals_table_id
fem_verify_element_normals( FALSE, TRUE, "", fem_verify_normals_group_name,  @
fem_verify_normals_table_id )
$# There are NO reversed normals in group default_group.
res_data_load_elem_scalar( 0, fem_verify_normals_table_id )
res_data_title( 0, "ENodal", "Scalar", 1, [""] )
res_display_fringe_create( "", "FreeFaces", 1, ["GR:default_group"], 12, [ @
"Range:_", "RangeOverwrite:OFF", "FringeStyle:Discrete/Smooth", "Shade:None",  @
"ElemEdge:FreeEdge,Blue,Solid,1", "Shrink:0", "TitleDisplay:ON",  @
"MinMaxDisplay:ON", "ValueDisplay:OFF", "Filter:None", "ScaleFactor:1.0",  @
"LabelStyle:Exponential,12,White,3"], TRUE )
res_display_fringe_post( "", 0, "ENodal", TRUE, TRUE )
ga_view_aa_set( 76.843010, -32.333801, 20.115524 )
verify_normals_display_mgr.erase( TRUE, FALSE )
mesh_seed_display_mgr.erase(  )
verify_normals_display_mgr.initialize(  )
ga_view_aa_set( -68.506805, -3.299424, -123.146324 )
ga_view_center_set( -0.000574, -0.011322 )
ga_view_zoom_set( 0.134400 )
ga_view_center_set( -0.001084, -0.021385 )
ga_view_zoom_set( 0.119467 )
ga_view_center_set( -0.001974, -0.037487 )
ga_view_zoom_set( 0.095573 )
ga_view_center_set( -0.003459, -0.050013 )
ga_view_zoom_set( 0.076459 )
ga_view_center_set( -0.007284, -0.056609 )
ga_view_zoom_set( 0.067963 )
ga_view_center_set( -0.013447, -0.067120 )
ga_view_zoom_set( 0.054371 )
ga_view_center_set( -0.016186, -0.071773 )
ga_view_zoom_set( 0.048329 )
ga_view_center_set( -0.022122, -0.081883 )
ga_view_zoom_set( 0.035149 )
ga_view_center_set( -0.023844, -0.084843 )
ga_view_zoom_set( 0.031243 )
ga_view_center_set( -0.025364, -0.087462 )
ga_view_zoom_set( 0.027772 )
ga_view_center_set( -0.027779, -0.091637 )
ga_view_zoom_set( 0.022217 )
ga_view_center_set( -0.028837, -0.093477 )
ga_view_zoom_set( 0.019749 )
ga_view_center_set( -0.029778, -0.095092 )
ga_view_zoom_set( 0.017555 )
ga_view_center_set( -0.032231, -0.099144 )
ga_view_zoom_set( 0.011703 )
ga_view_center_set( -0.032764, -0.100037 )
ga_view_zoom_set( 0.010403 )
ga_view_center_set( -0.032882, -0.100697 )
ga_view_zoom_set( 0.009247 )
ga_view_center_set( -0.032930, -0.101239 )
ga_view_zoom_set( 0.008219 )
ga_view_center_set( -0.032950, -0.101696 )
ga_view_zoom_set( 0.007306 )
ga_view_center_set( -0.032958, -0.102089 )
ga_view_zoom_set( 0.006494 )
ga_view_center_set( -0.032951, -0.102417 )
ga_view_zoom_set( 0.005773 )
ga_view_center_set( -0.032911, -0.102608 )
ga_view_zoom_set( 0.005131 )
ga_view_center_set( -0.032675, -0.102917 )
ga_view_zoom_set( 0.004105 )
ga_view_center_set( -0.032570, -0.103054 )
ga_view_zoom_set( 0.003649 )
ga_view_center_set( -0.032477, -0.103173 )
ga_view_zoom_set( 0.003244 )
ga_view_center_set( -0.032395, -0.103274 )
ga_view_zoom_set( 0.002883 )
ga_view_center_set( -0.032327, -0.103361 )
ga_view_zoom_set( 0.002563 )
ga_view_center_set( -0.032363, -0.103226 )
ga_view_zoom_set( 0.002883 )
ga_view_center_set( -0.032403, -0.103073 )
ga_view_zoom_set( 0.003244 )
ga_view_center_set( -0.032448, -0.102902 )
ga_view_zoom_set( 0.003649 )
ga_view_center_set( -0.032499, -0.102709 )
ga_view_zoom_set( 0.004105 )
ga_view_center_set( -0.032557, -0.102493 )
ga_view_zoom_set( 0.004618 )
ga_view_center_set( -0.032281, -0.102213 )
ga_view_zoom_set( 0.005195 )
ga_view_center_set( -0.031956, -0.101902 )
ga_view_zoom_set( 0.005845 )
ga_view_center_set( -0.031216, -0.101208 )
ga_view_zoom_set( 0.007306 )
ga_view_center_set( -0.030292, -0.100340 )
ga_view_zoom_set( 0.009133 )
ga_view_center_set( -0.029689, -0.099823 )
ga_view_zoom_set( 0.010274 )
ga_view_center_set( -0.028325, -0.098658 )
ga_view_zoom_set( 0.012843 )
ga_view_center_set( -0.026620, -0.097202 )
ga_view_zoom_set( 0.016054 )
ga_view_center_set( -0.024488, -0.095382 )
ga_view_zoom_set( 0.020067 )
ga_view_center_set( -0.021824, -0.093108 )
ga_view_zoom_set( 0.025084 )
ga_view_center_set( -0.018494, -0.090264 )
ga_view_zoom_set( 0.031355 )
ga_view_center_set( -0.014258, -0.086661 )
ga_view_zoom_set( 0.039193 )
ga_view_center_set( -0.006377, -0.083269 )
ga_view_zoom_set( 0.044092 )
ga_view_center_set( 0.002489, -0.079452 )
ga_view_zoom_set( 0.049604 )
ga_view_center_set( 0.012464, -0.075157 )
ga_view_zoom_set( 0.055804 )
uil_primary_file.db_save(  )
$# Flushing the User Data Manager
$# Journal file stopped recording at 01-Mar-21 19:04:04
