$# Creating journal file 
$# C:\Users\danie\Desktop\EUE\Practica_1\Pandeo\Pandeo_1\Pandeo_1.db.jou at 
$# 31-Mar-21 13:11:25
uil_file_rebuild.start("C:\Program Files\MSC.Software\NaPa_SE\2020\Patran/" // @
"template.db","C:\Users\danie\Desktop\EUE\Practica_1\Pandeo\Pandeo_1\Pande" // @
"o_1.db")
$# Synchronizing the User Data Manager
set_current_dir( "C:\Users\danie\Desktop\EUE\Practica_1\Pandeo\Pandeo_1" )
$# The current working directory has been changed to the database location 
$# shown.                                                                     
$#                                                                            
$#                                   
db_set_pref( 303, 3, 0, FALSE, 4.9999999E-06, "" )
STRING asm_create_grid_xyz_created_ids[VIRTUAL]
asm_const_grid_xyz( "1", "[0 0 0]", "Coord 0", asm_create_grid_xyz_created_ids )
$# 1 Point created: Point 1
asm_const_grid_xyz( "2", "[0 0 1.1]", "Coord 0",  @
asm_create_grid_xyz_created_ids )
$# 1 Point created: Point 2
ga_view_center_set( 0.000000, -0.000001 )
ga_view_zoom_set( 0.000019 )
ga_view_center_set( 0.000000, -0.000002 )
ga_view_zoom_set( 0.000022 )
ga_view_center_set( 0.000000, -0.000004 )
ga_view_zoom_set( 0.000024 )
ga_view_center_set( 0.000000, -0.000006 )
ga_view_zoom_set( 0.000027 )
ga_view_center_set( 0.000000, -0.000004 )
ga_view_zoom_set( 0.000024 )
ga_view_center_set( 0.000000, -0.000002 )
ga_view_zoom_set( 0.000022 )
ga_view_center_set( 0.000000, -0.000001 )
ga_view_zoom_set( 0.000019 )
ga_view_center_set( 0.000000, -0.000000 )
ga_view_zoom_set( 0.000017 )
ga_view_center_set( -0.000000, 0.000001 )
ga_view_zoom_set( 0.000015 )
ga_view_center_set( -0.000000, 0.000002 )
ga_view_zoom_set( 0.000013 )
point_size( 9 )
ga_view_aa_set( -90., 0., 0. )
uil_toolbar.model_center(  )
gu_fit_view(  )
STRING asm_line_2point_created_ids[VIRTUAL]
asm_const_line_2point( "1", "Point 1", "Point 2", 0, "", 50., 1,  @
asm_line_2point_created_ids )
$# 1 Line created: Line 1
material.create( "Analysis code ID", 1, "Analysis type ID", 1, "Aluminio", 0,  @
"Date: 31-Mar-21           Time: 13:12:30", "Isotropic", 1, "Directionality",  @
1, "Linearity", 1, "Homogeneous", 0, "Linear Elastic", 1,  @
"Model Options & IDs", ["", "", "", "", ""], [0, 0, 0, 0, 0], "Active Flag",  @
1, "Create", 10, "External Flag", FALSE, "Property IDs", ["Elastic Modulus",  @
"Poisson Ratio", "Density"], [2, 5, 16, 0], "Property Values", ["73.2e9",  @
"0.33", "2800", ""] )
ui_exec_function( "mesh_seed_display_mgr", "init" )
mesh_seed_display_mgr.erase(  )
gm_hilight_clear(  )
gm_hilight_clear(  )
gm_hilight_clear(  )
gm_hilight_clear(  )
gm_hilight_clear(  )
gm_hilight_clear(  )
elementprops_create( "1D_Beam", 11, 2, 42, 1, 1, 20, [39, 13, 6, 4042, 4043,  @
2047, 2048, 1, 10, 11, 4026, 1026, 4044, 4045, 4037, 4047, 4048, 4050, 4051,  @
4053, 4054, 4056, 4057, 8112, 4061, 4303, 8111, 4403, 4404, 4410, 4411, 8200,  @
8201, 8202], [12, 5, 2, 2, 2, 4, 4, 1, 1, 1, 1, 1, 1, 1, 1, 1, 1, 1, 1, 1, 1,  @
1, 1, 1, 6, 4, 4, 1, 1, 1, 6, 4, 4, 4], ["", "m:Aluminio", "<1 0 0>", "", "",  @
"", "", "44e-6", "3092e-12", "", "", "", "", "", "", "", "", "", "", "", "",  @
"", "", "", "", "", "", "", "", "", "", "Analysis", "Analysis", "Analysis"],  @
"" )
$# Property Set "1D_Beam" created.
mesh_seed_display_mgr.erase(  )
mesh_seed_create( "Curve 1", 1, 100, 0., 0., 0. )
INTEGER fem_create_mesh_curve_num_nodes
INTEGER fem_create_mesh_curve_num_elems
STRING fem_create_mesh_c_nodes_created[VIRTUAL]
STRING fem_create_mesh_c_elems_created[VIRTUAL]
fem_create_mesh_curv_1( "Curve 1", 16384, 0.11, "Bar2", "#", "#", "Coord 0",  @
"Coord 0", fem_create_mesh_curve_num_nodes, fem_create_mesh_curve_num_elems,  @
fem_create_mesh_c_nodes_created, fem_create_mesh_c_elems_created )
$# 101 nodes and 100 elements created for Curve 1.
$# === 101 nodes created.  IDs  = 1:101.
$# === 100 elements created.  IDs  = 1:100.
fem_associate_elems_to_ep( "1D_Beam", fem_create_mesh_c_elems_created,  @
fem_create_mesh_curve_num_elems )
$# 100 Element(s) associated to the Element Property 1D_Beam.
mesh_seed_display_mgr.erase(  )
REAL fem_equiv_all_x_equivtol_ab
INTEGER fem_equiv_all_x_segment
fem_equiv_all_group4( [" "], 0, "", 1, 1, 4.9999999E-06, FALSE,  @
fem_equiv_all_x_equivtol_ab, fem_equiv_all_x_segment )
$# Geometric equivalencing completed. 0 nodes deleted.
uil_primary_file.db_save(  )
gm_hilight_clear(  )
gm_hilight_clear(  )
gm_hilight_clear(  )
gm_hilight_clear(  )
gm_hilight_clear(  )
gm_hilight_clear(  )
loadcase_create2( "Pandeo_1", "Static", "", 1., [""], [0], [0.], "", 0., TRUE )
$# Load Case "Pandeo_1" created.
gm_hilight_clear(  )
gm_hilight_clear(  )
gm_hilight_clear(  )
gm_hilight_clear(  )
gm_hilight_clear(  )
gm_hilight_clear(  )
gm_hilight_clear(  )
gm_hilight_clear(  )
gm_hilight_clear(  )
gm_hilight_clear(  )
gm_hilight_clear(  )
gm_hilight_clear(  )
gm_hilight_clear(  )
gm_hilight_clear(  )
gm_hilight_clear(  )
loadsbcs_create2( "SPC_1236", "Displacement", "Nodal", "", "Static", ["Node 1" @
], "FEM", "Coord 0", "1.", ["<  0,0,0   >", "<  , , 0   >", "<     >",  @
"<     >"], ["", "", "", ""] )
$# Load/BC set "SPC_1236" created.
loadsbcs_create2( "SPC_12", "Displacement", "Nodal", "", "Static", ["Node 101" @
], "FEM", "Coord 0", "1.", ["<  0,0,   >", "<  , ,    >", "<     >", "<     >" @
], ["", "", "", ""] )
$# Load/BC set "SPC_12" created.
gm_hilight_clear(  )
gm_hilight_clear(  )
gm_hilight_clear(  )
$# Error reported from application LOADS_BCS
$#     Load/BC Name is "blank". Input a Load/BC Name.
$? NO 26002010 
$# UNDO: Loads/Boundary Conditions Create
loadsbcs_create2( "Fuerza_Pandeo", "Force", "Nodal", "", "Static", ["Node 101" @
], "FEM", "Coord 0", "1.", ["<  0,0,-1   >", "<     >", "<     >", "<     >"], @
 ["", "", "", ""] )
$# Load/BC set "Fuerza_Pandeo" created.
ga_view_center_set( 0.021656, -0.014953 )
ga_view_zoom_set( 0.825000 )
ga_view_center_set( 0.035192, -0.024299 )
ga_view_zoom_set( 0.928125 )
ga_view_center_set( 0.050419, -0.034813 )
ga_view_zoom_set( 1.044141 )
ga_view_center_set( 0.067549, -0.046641 )
ga_view_zoom_set( 1.174658 )
ga_view_center_set( 0.045524, -0.003407 )
ga_view_zoom_set( 1.044141 )
ga_view_center_set( 0.010285, 0.065767 )
ga_view_zoom_set( 0.835313 )
ga_view_center_set( -0.005378, 0.096511 )
ga_view_zoom_set( 0.742500 )
uil_primary_file.db_save(  )
gm_hilight_clear(  )
gm_hilight_clear(  )
gm_hilight_clear(  )
mscnastran_subcase.create( "105", "Pandeo_1", "This is a default subcase." )
mscnastran_subcase.create_char_param( "LOAD CASE", "Pandeo_1" )
mscnastran_subcase.create_char_param( "SUBCASE TITLE",  @
"This is a default subcase." )
mscnastran_subcase.create_char_param( "SUBCASE SUBTITLE", "Pandeo_1" )
mscnastran_subcase.create_char_param( "SUBCASE LABEL", "" )
mscnastran_subcase.create_char_param( "SUBCASE TITLE FLAG", "OFF" )
mscnastran_subcase.create_char_param( "SUBCASE SUBTITLE FLAG", "ON" )
mscnastran_subcase.create_char_param( "SUBCASE LABEL FLAG", "OFF" )
mscnastran_subcase.create_char_param( "Pandeo_1", "STRUCTURAL" )
mscnastran_subcase.create_char_param( "DISPLACEMENTS", "1" )
mscnastran_subcase.create_char_param( "DISPLACEMENTS 1",  @
"DISPLACEMENT(SORT1,REAL)=0" )
mscnastran_subcase.create_char_param( "CONSTRAINT FORCES", "1" )
mscnastran_subcase.create_char_param( "CONSTRAINT FORCES 1",  @
"SPCFORCES(SORT1,REAL)=0" )
mscnastran_subcase.create_char_param( "EIGENVECTORS", "1" )
mscnastran_subcase.create_char_param( "EIGENVECTORS 1", "VECTOR(SORT1,REAL)=0" )
mscnastran_subcase.create_char_param( "SUBCASE WRITE", "ON" )
mscnastran_subcase.create_char_param( "SUBCASE DIRECT TEXT POS", "OFF" )
mscnastran_subcase.create_int_param( "SUBCASE INPUT 0", 0 )
mscnastran_subcase.create( "105", "Pandeo_1", "This is a default subcase." )
$# Question from application APP INTERFACES
$#     Subcase "Pandeo_1" already exists.  Do you wish to delete the existing 
$# subcase and create a new one?
$? NO 6022070 
$#  Beginning analysis of  Pandeo_1
jobfile.open( "Pandeo_1", "ANALYZE NO JOBFILE" )
msc_delete_old_files( "Pandeo_1", ".bdf", ".op2" )
jobfile.write_spl( "/* Jobfile for PATNAS created %A% at %A% */", ["31-Mar-21" @
, "13:20:05"] )
jobfile.writec( "", "TRANSLATOR = pat3nas" )
jobfile.writec( "DATABASE", "C:\Users\danie\Desktop\EUE\Practica_1\Pandeo\" // @
"Pandeo_1\Pandeo_1.db" )
jobfile.writec( "JOBNAME", "Pandeo_1" )
jobfile.writec( "ANALYSIS TITLE", "MSC.Nastran job created on 31-Mar-21 at" // @
" 13:18:08" )
jobfile.writec( "ANALYSIS SUBTITLE", "" )
jobfile.writec( "ANALYSIS LABEL", "" )
jobfile.writec( "", "" )
jobfile.writec( "OBJECT", "Entire Model" )
jobfile.writec( "METHOD", "Analysis Deck" )
jobfile.writec( "", "" )
jobfile.writec( "MODEL SUFFIX", ".bdf" )
jobfile.writec( "RESULTS SUFFIX", ".op2" )
jobfile.writec( "", "" )
jobfile.writec( "", "/*" )
jobfile.writec( "", " * File Search Path Declaration" )
jobfile.writec( "", " */" )
jobfile.writec( "", "" )
jobfile.writec( "File Search Path", "C:\Users\danie" )
jobfile.writec( "File Search Path", "C:\Program Files\MSC.Software\NaPa_SE" // @
"\2020\Patran" )
jobfile.writec( "File Search Path", "C:\Program Files\MSC.Software\NaPa_SE" // @
"\2020\Patran\helpfiles" )
jobfile.writec( "File Search Path", "C:\Program Files\MSC.Software\NaPa_SE" // @
"\2020\Patran\alters" )
jobfile.writec( "File Search Path", "C:\Program Files\MSC.Software\NaPa_SE" // @
"\2020\Patran\icons" )
jobfile.writec( "File Search Path", "C:\Program Files\MSC.Software\NaPa_SE" // @
"\2020\Patran\icons\RibbonIcons" )
jobfile.writec( "File Search Path", "C:\Program Files\MSC.Software\NaPa_SE" // @
"\2020\Patran\bin" )
jobfile.writec( "File Search Path", "C:\Program Files\MSC.Software\NaPa_SE" // @
"\2020\Patran\bin\exe" )
jobfile.writec( "File Search Path", "C:\Program Files\MSC.Software\NaPa_SE" // @
"\2020\Patran\mscexplore_files\" )
jobfile.writec( "File Search Path", "C:\Program Files\MSC.Software\NaPa_SE" // @
"\2020\Patran\mscprocor_files\dmap" )
jobfile.writec( "File Search Path", "C:\Program Files\MSC.Software\NaPa_SE" // @
"\2020\Patran\mscprocor_files\plb" )
jobfile.writec( "File Search Path", "C:\Program Files\MSC.Software\NaPa_SE" // @
"\2020\Patran\mscprocor_files\lib" )
jobfile.writec( "File Search Path", "C:\Program Files\MSC.Software\NaPa_SE" // @
"\2020\Patran\mscprocor_files\icons" )
jobfile.writec( "File Search Path", "C:\Program Files\MSC.Software\NaPa_SE" // @
"\2020\Patran\shareware\msc\unsupported\utilities\icons" )
jobfile.writec( "File Search Path", "C:\Program Files\MSC.Software\NaPa_SE" // @
"\2020\Patran\shareware\msc\unsupported\utilities\plb" )
jobfile.writec( "File Search Path", "C:\Program Files\MSC.Software\NaPa_SE" // @
"\2020\Patran\shareware\msc\unsupported\utilities\extra_files" )
jobfile.writec( "", "" )
jobfile.writec( "", "/*" )
jobfile.writec( "", " * Translation Parameters" )
jobfile.writec( "", " */" )
jobfile.writec( "", "" )
jobfile.writec( "DATA OUTPUT", "XDB+PRINT" )
jobfile.writec( "OUTPUT2 REQUESTS", "P3 Built In" )
jobfile.writec( "OUTPUT2 FORMAT", "Binary" )
jobfile.writec( "DIVISION TOLERANCE", "1.0e-08" )
jobfile.writec( "NUMERICAL TOLERANCE", "1.0e-04" )
jobfile.writec( "WRITING TOLERANCE", "1.0e-21" )
jobfile.writec( "GEOM CHECK", "INFORM" )
jobfile.writec( "SORTED BULK", "NO" )
jobfile.writec( "CARD FORMAT", "either" )
jobfile.writec( "NODE COORDINATES", "reference frame" )
jobfile.writec( "COORD COORDINATES", "global" )
jobfile.writec( "MSC.Nastran VERSION", "2020." )
jobfile.writec( "WRITE STORED PRECISION", "TRUE" )
jobfile.writec( "WRITE IN FREE FORMAT", "FALSE" )
jobfile.writec( "PROPS ON ELEM ENTRY", "FALSE" )
jobfile.writec( "CONTINUATION ENTRY", "FALSE" )
jobfile.writec( "PCOMPG ENTRY", "TRUE" )
jobfile.writec( "CONVERT CBAR CBEAM", "FALSE" )
jobfile.writec( "ITERATIVE SOLVER", "FALSE" )
jobfile.writei( "SUPER ELEMENT 0", 0 )
jobfile.writec( "SEALL WRITE", "FALSE" )
jobfile.writec( "PART SUPERELEMENT CREATE", "TRUE" )
jobfile.writec( "AUTOQSET", "FALSE" )
jobfile.writec( "FIXEDB", "FALSE" )
jobfile.writei( "SUPER TREE COUNT", 0 )
jobfile.writec( "MODEL TOLERANCE", "4.9999999E-06" )
jobfile.writec( "ELEMENT PROPERTY OFFSET", "0" )
jobfile.writec( "MATERIAL PROPERTY OFFSET", "0" )
jobfile.writec( "TABLE OFFSET", "0" )
jobfile.writec( "LOAD SET OFFSET", "0" )
jobfile.writec( "LOAD CASE OFFSET", "0" )
jobfile.writec( "CONTROL SET OFFSET", "0" )
jobfile.writec( "RIGID ELEMENT OFFSET", "0" )
jobfile.writec( "SCALAR POINT OFFSET", "0" )
jobfile.writec( "BEGINNING CONTINUATION MARKER", "+      A" )
jobfile.writec( "NUMBER ONLY", "ON" )
jobfile.writec( "BEGINNING NUMBER", "OFF" )
jobfile.writec( "TRAILING NUMBER", "OFF" )
jobfile.writec( "SYNTAX NUMBER", "ON" )
jobfile.writec( "SYNTAX MARKER", "." )
jobfile.writec( "EXTERNAL SUPERELEMENT METHOD", "NONE" )
jobfile.writec( "GRID COORDINATES ROUNDING", "15" )
jobfile.writec( "COORD DATA PRECISION ROUNDING", "15" )
jobfile.writec( "MPC DATA PRECISION ROUNDING", "15" )
jobfile.writec( "LBC DATA PRECISION ROUNDING", "7" )
jobfile.writec( "MAT DATA PRECISION ROUNDING", "15" )
jobfile.writec( "PROP DATA PRECISION ROUNDING", "7" )
jobfile.writec( "USE LEGACY PRECISION", "FALSE" )
jobfile.writec( "EXPONENTIAL WRITE", "As Needed" )
jobfile.writec( "EXPONENTIAL FORM", "Condensed" )
jobfile.writec( "", "" )
jobfile.writec( "", "/*" )
jobfile.writec( "", " * Solution Parameters" )
jobfile.writec( "", " */" )
jobfile.writec( "", "" )
jobfile.writec( "SOLUTION TYPE", "BUCKLING" )
jobfile.writei( "SOLUTION SEQUENCE", 105 )
jobfile.writec( "CONTACT CHECK", "OFF" )
jobfile.writec( "DATABASE RUN", "ON" )
jobfile.writec( "CYCLIC SYMMETRY", "OFF" )
jobfile.writec( "AUTOMATIC CONSTRAINTS", "ON" )
jobfile.writec( "SHELL NORMAL TOLERANCE", "" )
jobfile.writec( "MASS CALCULATION", "Lumped" )
jobfile.writec( "DATA DECK ECHO", "None" )
jobfile.writec( "PLATE RZ STIFFNESS FACTOR", "100.0" )
jobfile.writec( "MAXIMUM PRINTED LINES", "" )
jobfile.writec( "MAXIMUM RUN TIME", "" )
jobfile.writec( "WT-MASS CONVERSION", "1.0" )
jobfile.writec( "NODE ID FOR WT-GENER", "" )
jobfile.writec( "RIGID ELEMENT TYPE", "LINEAR" )
jobfile.writec( "USE SOL600", "OFF" )
jobfile.writec( "EXTRACTION METHOD", "Lanczos" )
jobfile.writec( "LOWER EIGENVALUE", "" )
jobfile.writec( "UPPER EIGENVALUE", "" )
jobfile.writec( "NUMBER OF DESIRED ROOTS", "1" )
jobfile.writec( "DIAGNOSTIC OUTPUT LEVEL", "0" )
jobfile.writec( "NORMALIZATION METHOD", "Maximum" )
jobfile.writec( "USE CONTACT TABLE", "OFF" )
jobfile.writec( "INITIAL CONTACTPAIR LOADCASE NAME", "" )
jobfile.writei( "MDOF DATA", 0 )
jobfile.writec( "CELL WRITE", "ON" )
jobfile.writei( "CELL INPUT 0", 0 )
jobfile.writec( "FMS WRITE", "ON" )
jobfile.writei( "FMS INPUT 0", 0 )
jobfile.writec( "EXEC WRITE", "ON" )
jobfile.writei( "EXEC INPUT 0", 0 )
jobfile.writec( "CASE WRITE", "ON" )
jobfile.writei( "CASE INPUT 0", 0 )
jobfile.writec( "BULK WRITE", "ON" )
jobfile.writei( "BULK INPUT 0", 0 )
jobfile.writec( "CELL DTI POSITION", "START" )
jobfile.writec( "FMS DTI POSITION", "START" )
jobfile.writec( "EXEC DTI POSITION", "START" )
jobfile.writec( "CASE DTI POSITION", "START" )
jobfile.writec( "BULK DTI POSITION", "START" )
jobfile.writec( "", "END" )
jobfile.close(  )
mscnastran_job.associate_subcases( "105", "Pandeo_1", 1, ["Pandeo_1"] )
analysis_submit_2( "MSC.Nastran", "Pandeo_1" )
$# Patran 2020  (Student Edition) has obtained 0 concurrent license(s) from 
$# FLEXlm per a request to execute on Windows node DESKTOP-NHC7R5K(
$# c821586ab454) (Windows 6.2 (Build 9200: Service Pack 0)) at 31-Mar-21 
$# 13:20:06.
$# 
$# Reading model information from the specified database, 
$# C:\Users\danie\Desktop\EUE\Practica_1\Pandeo\Pandeo_1\Pandeo_1.db.
$# Messages output from the Patran 2020  (Student Edition) input deck 
$# translator on March     31, 2021 at 13:20:06.
$# 
$# The NASTRAN input file, Pandeo_1.bdf, has been successfully opened.
$# 
$# Translating 100 elements from the element property region 1D_Beam.
$# 
$# 1 property regions translated.
$# 
$# Translating 1 referenced material records.
$# 
$# Translating 101 nodes from the entire model.
$# 
$# Writing loads for Load Case : Pandeo_1.
$# 
$# Translating nodal constraints in load set : SPC_1236.
$# 
$# Translating nodal constraints in load set : SPC_12.
$# Writing interface element lbcs.
$# 
$# Translating nodal forces in load set : Fuerza_Pandeo.
$# Total execution time in real seconds: 0.01
$# Total execution time in CPU seconds: 0.0619965
$# 
$# End of NASTRAN input file translation.
$# Student Edition Patran Nastran Preference Patran 2020  (Student Edition) 
$# has released 0 license(s) to FLEXlm at 31-Mar-21 13:20:06.
$# The translation has completed successfully.
$# No Analysis Requested
msc_dra_init_stream(  )
msc_dra_add_param( "DATABASE", "C:\Users\danie\Desktop\EUE\Practica_1\Pand" // @
"eo\Pandeo_1\Pandeo_1.db" )
msc_dra_add_param( "JOBNAME", "Pandeo_1" )
msc_dra_add_param( "RESULTS FILE", "C:\Users\danie\Desktop\EUE\Practica_1\" // @
"Pandeo\Pandeo_1\Analisis\pandeo_1.xdb" )
msc_dra_add_param( "OBJECT", "Result Entities" )
msc_dra_add_param( "ANALYSIS TYPE", "Structural" )
msc_dra_add_param( "DIVISION TOLERANCE", "1.0E-8" )
msc_dra_add_param( "NUMERICAL TOLERANCE", "1.0E-4" )
msc_dra_add_param( "MODEL TOLERANCE", "4.9999999E-06" )
msc_dra_add_param( "ROTATIONAL NODAL RESULTS", "OFF" )
msc_dra_add_param( "STRESS/STRAIN INVARIANTS", "OFF" )
msc_dra_add_param( "PRINCIPAL DIRECTIONS", "OFF" )
msc_dra_add_param( "ELEMENT RESULTS POSITIONS", "Nodal       " )
msc_dra_add_param( "TITLE DESCRIPTION", "ON" )
msc_dra_finish_stream(  )
analysis_import( "MSC.Nastran", "Pandeo_1", "Attach Results File No Job",  @
"C:\Users\danie\Desktop\EUE\Practica_1\Pandeo\Pandeo_1\Analisis\pandeo_1.xdb", @
 TRUE )
$# Attaching Direct Results Access file: 
$# "C:\Users\danie\Desktop\EUE\Practica_1\Pandeo\Pandeo_1\Analisis\pandeo_1.xdb"
$# XDB file created by "MSC.NASTRAN V2020" on 3/31/2021 using "VENDOR:INTEL   
$#              MODEL:XEON/2872 (DESKTOP-N OPSYS:WINDOWS 10 PRO 6.2"
$# *** Begin: Attach Result File ***
$# Processing result load case: SC1:PANDEO_1
$# Processing result load case: SC2:PANDEO_1
$# Processing result sub-case: Static Subcase
$# Processing result sub-case: Mode 1 : Factor = 1846.1
$# Total execution time in real seconds:        0.000
$# Total execution time in CPU  seconds:        0.000
$# *** End:   Attach Result File ***
uil_primary_file.db_save(  )
res_data_load_dbresult( 0, "Nodal", "Scalar", "Pandeo_1",  @
"A1:Mode 1 : Factor = 1846.1", "Eigenvectors", "Translational",  @
"(NON-LAYERED)", "MAG", "Default", "DeriveAverage", "All", "ShapeFunc" )
res_data_title( 0, "Nodal", "Scalar", 1, [ @
"$POFF@@@$PT: @@@$LCN, @@@$SCN, @@@$PRN, @@@$SRN, @@@$DRVL, @@@$LN "] )
res_display_fringe_create( "", "FreeFaces", 0, [""], 12, [ @
"Range:Fri_default_Fringe", "RangeOverwrite:ON", "FringeStyle:Discrete/Smooth" @
, "Shade:None", "ElemEdge:FreeEdge,Black,Solid,1", "Shrink:0",  @
"TitleDisplay:ON", "MinMaxDisplay:ON", "ValueDisplay:OFF", "Filter:None",  @
"ScaleFactor:1.", "LabelStyle:Exponential, 12, White, 3"], TRUE )
res_display_fringe_post( "", 0, "Nodal", TRUE, TRUE )
res_data_load_dbresult( 0, "Nodal", "Vector", "Pandeo_1",  @
"A1:Mode 1 : Factor = 1846.1", "Eigenvectors", "Translational",  @
"(NON-LAYERED)", "", "Global", "", "", "" )
res_data_title( 0, "Nodal", "Vector", 1, [ @
"$POFF@@@$PT: @@@$LCN, @@@$SCN, @@@$PRN, @@@$SRN, @@@$DRVL"] )
res_display_deformation_create( "", "Elements", 0, [""], 9, [ @
"DeformedStyle:White,Solid,1,Wireframe", "DeformedScale:Model=0.1",  @
"UndeformedStyle:OFF,Blue,Solid,1,Wireframe", "TitleDisplay:ON",  @
"MinMaxDisplay:ON", "ScaleFactor:1.", "LabelStyle:Exponential, 12, White, 3",  @
"DeformDisplay:Resultant", "DeformComps:OFF,OFF,OFF"] )
res_display_deformation_post( "", 0 )
ga_view_aa_set( -84.033600, -0.591323, -7.975885 )
ga_view_aa_set( -68.024750, -0.435388, -6.988080 )
ga_view_center_set( -0.023567, 0.104697 )
ga_view_zoom_set( 0.660000 )
ga_view_center_set( -0.052669, 0.117793 )
ga_view_zoom_set( 0.528000 )
ga_view_center_set( -0.065604, 0.123613 )
ga_view_zoom_set( 0.469333 )
ga_view_center_set( -0.077101, 0.128787 )
ga_view_zoom_set( 0.417185 )
ga_view_center_set( -0.087321, 0.133386 )
ga_view_zoom_set( 0.370831 )
ga_view_center_set( -0.096405, 0.137474 )
ga_view_zoom_set( 0.329628 )
ga_view_center_set( -0.104480, 0.141107 )
ga_view_zoom_set( 0.293003 )
ga_view_center_set( -0.111658, 0.144337 )
ga_view_zoom_set( 0.260447 )
ga_view_center_set( -0.118038, 0.147208 )
ga_view_zoom_set( 0.231508 )
ga_view_center_set( -0.123385, 0.148869 )
ga_view_zoom_set( 0.205785 )
ga_view_center_set( -0.123241, 0.147321 )
ga_view_zoom_set( 0.182920 )
ga_view_center_set( -0.122793, 0.145945 )
ga_view_zoom_set( 0.162596 )
ga_view_center_set( -0.121996, 0.144835 )
ga_view_zoom_set( 0.144529 )
ga_view_center_set( -0.121136, 0.143899 )
ga_view_zoom_set( 0.128471 )
ga_view_center_set( -0.120372, 0.143068 )
ga_view_zoom_set( 0.114196 )
ga_view_center_set( -0.119533, 0.142288 )
ga_view_zoom_set( 0.101508 )
ga_view_center_set( -0.120532, 0.143348 )
ga_view_zoom_set( 0.114196 )
ga_view_center_set( -0.121701, 0.144674 )
ga_view_zoom_set( 0.128471 )
ga_view_center_set( -0.124533, 0.148063 )
ga_view_zoom_set( 0.160588 )
ga_view_center_set( -0.126304, 0.150181 )
ga_view_zoom_set( 0.180662 )
ga_view_center_set( -0.128295, 0.152564 )
ga_view_zoom_set( 0.203244 )
ga_view_center_set( -0.130856, 0.157005 )
ga_view_zoom_set( 0.228650 )
ga_view_center_set( -0.133736, 0.162451 )
ga_view_zoom_set( 0.257231 )
ga_view_center_set( -0.140218, 0.174705 )
ga_view_zoom_set( 0.321539 )
ga_view_center_set( -0.144269, 0.182364 )
ga_view_zoom_set( 0.361731 )
ga_view_center_set( -0.148826, 0.190980 )
ga_view_zoom_set( 0.406948 )
ga_view_center_set( -0.153953, 0.200673 )
ga_view_zoom_set( 0.457816 )
ga_view_center_set( -0.157017, 0.225997 )
ga_view_zoom_set( 0.515043 )
ga_view_center_set( -0.160464, 0.254486 )
ga_view_zoom_set( 0.579424 )
ga_view_center_set( -0.164342, 0.286537 )
ga_view_zoom_set( 0.651852 )
ga_view_center_set( -0.168705, 0.322594 )
ga_view_zoom_set( 0.733333 )
ga_view_center_set( -0.173613, 0.363159 )
ga_view_zoom_set( 0.825000 )
ga_view_center_set( -0.170365, 0.434128 )
ga_view_zoom_set( 0.928125 )
ga_view_center_set( -0.166346, 0.513969 )
ga_view_zoom_set( 1.044141 )
ga_view_center_set( -0.161824, 0.603790 )
ga_view_zoom_set( 1.174658 )
ga_view_center_set( -0.195121, 0.614195 )
ga_view_zoom_set( 1.321491 )
ga_view_center_set( -0.230500, 0.648273 )
ga_view_zoom_set( 1.486677 )
ga_view_center_set( -0.215412, 0.502857 )
ga_view_zoom_set( 1.321491 )
ga_view_center_set( -0.202000, 0.375910 )
ga_view_zoom_set( 1.174658 )
ga_view_center_set( -0.190079, 0.264713 )
ga_view_zoom_set( 1.044141 )
ga_view_center_set( -0.176559, 0.169526 )
ga_view_zoom_set( 0.928125 )
ga_view_center_set( -0.135634, 0.125515 )
ga_view_zoom_set( 0.825000 )
uil_primary_file.db_save(  )
uil_primary_file.db_save(  )
uil_primary_file.db_save(  )
uil_primary_file.db_save(  )
uil_primary_file.db_save(  )
uil_primary_file.db_save(  )
uil_primary_file.db_save(  )
uil_primary_file.db_save(  )
uil_primary_file.db_save(  )
$# Flushing the User Data Manager
$# Journal file stopped recording at 31-Mar-21 13:23:56
