$# Creating journal file 
$# C:\Users\danie\Desktop\EUE\Practica_1\Modos\Patran\Modos.db.jou at 
$# 30-Mar-21 20:52:12
uil_file_rebuild.start("C:\Program Files\MSC.Software\NaPa_SE\2020\Patran/" // @
"template.db","C:\Users\danie\Desktop\EUE\Practica_1\Modos\Patran\Modos.db")
$# Synchronizing the User Data Manager
set_current_dir( "C:\Users\danie\Desktop\EUE\Practica_1\Modos\Patran" )
$# The current working directory has been changed to the database location 
$# shown.                                                                     
$#                                                                            
$#                                   
STRING asm_create_grid_xyz_created_ids[VIRTUAL]
asm_const_grid_xyz( "1", "[0 0 0]", "Coord 0", asm_create_grid_xyz_created_ids )
$# 1 Point created: Point 1
point_size( 9 )
asm_const_grid_xyz( "2", "[0, 0, 0.5]", "Coord 0",  @
asm_create_grid_xyz_created_ids )
$# 1 Point created: Point 2
ga_view_center_set( 0.000037, 0.000006 )
ga_view_zoom_set( 0.000533 )
ga_view_center_set( 0.000069, 0.000011 )
ga_view_zoom_set( 0.000474 )
ga_view_center_set( 0.000147, 0.000029 )
ga_view_zoom_set( 0.000316 )
ga_view_center_set( 0.000164, 0.000033 )
ga_view_zoom_set( 0.000281 )
ga_view_center_set( 0.000147, 0.000035 )
ga_view_zoom_set( 0.000250 )
ga_view_center_set( 0.000129, 0.000036 )
ga_view_zoom_set( 0.000222 )
ga_view_center_set( 0.000112, 0.000037 )
ga_view_zoom_set( 0.000197 )
ga_view_center_set( 0.000094, 0.000039 )
ga_view_zoom_set( 0.000175 )
ga_view_center_set( 0.000078, 0.000039 )
ga_view_zoom_set( 0.000156 )
ga_view_center_set( 0.000064, 0.000039 )
ga_view_zoom_set( 0.000139 )
ga_view_center_set( 0.000051, 0.000040 )
ga_view_zoom_set( 0.000123 )
ga_view_center_set( 0.000039, 0.000040 )
ga_view_zoom_set( 0.000109 )
ga_view_center_set( 0.000029, 0.000040 )
ga_view_zoom_set( 0.000097 )
ga_view_center_set( 0.000020, 0.000040 )
ga_view_zoom_set( 0.000087 )
ga_view_center_set( 0.000012, 0.000040 )
ga_view_zoom_set( 0.000077 )
ga_view_center_set( 0.000005, 0.000040 )
ga_view_zoom_set( 0.000068 )
ga_view_center_set( -0.000002, 0.000040 )
ga_view_zoom_set( 0.000061 )
ga_view_center_set( -0.000007, 0.000040 )
ga_view_zoom_set( 0.000054 )
ga_view_center_set( -0.000010, 0.000039 )
ga_view_zoom_set( 0.000048 )
ga_view_center_set( -0.000013, 0.000038 )
ga_view_zoom_set( 0.000043 )
ga_view_center_set( -0.000015, 0.000037 )
ga_view_zoom_set( 0.000038 )
ga_view_center_set( -0.000017, 0.000036 )
ga_view_zoom_set( 0.000034 )
ga_view_center_set( -0.000018, 0.000035 )
ga_view_zoom_set( 0.000030 )
ga_view_center_set( -0.000018, 0.000037 )
ga_view_zoom_set( 0.000034 )
ga_view_center_set( -0.000018, 0.000039 )
ga_view_zoom_set( 0.000038 )
ga_view_center_set( -0.000018, 0.000040 )
ga_view_zoom_set( 0.000043 )
ga_view_center_set( -0.000018, 0.000042 )
ga_view_zoom_set( 0.000048 )
ga_view_center_set( -0.000018, 0.000044 )
ga_view_zoom_set( 0.000054 )
ga_view_center_set( -0.000017, 0.000046 )
ga_view_zoom_set( 0.000061 )
ga_view_center_set( -0.000016, 0.000048 )
ga_view_zoom_set( 0.000068 )
ga_view_center_set( -0.000016, 0.000051 )
ga_view_zoom_set( 0.000077 )
ga_view_center_set( -0.000015, 0.000054 )
ga_view_zoom_set( 0.000087 )
ga_view_center_set( -0.000014, 0.000057 )
ga_view_zoom_set( 0.000097 )
ga_view_center_set( -0.000012, 0.000060 )
ga_view_zoom_set( 0.000109 )
ga_view_center_set( -0.000010, 0.000065 )
ga_view_zoom_set( 0.000123 )
uil_toolbar.model_center(  )
ga_view_aa_set( 0., 0., 0. )
ga_view_aa_set( 0., 180., 0. )
ga_view_aa_set( 180., 90., 180. )
ga_view_center_set( -0.000019, 0.000060 )
ga_view_zoom_set( 0.000109 )
ga_view_center_set( -0.000027, 0.000056 )
ga_view_zoom_set( 0.000097 )
ga_view_center_set( -0.000040, 0.000049 )
ga_view_zoom_set( 0.000078 )
ga_view_center_set( -0.000046, 0.000047 )
ga_view_zoom_set( 0.000069 )
ga_view_center_set( -0.000051, 0.000044 )
ga_view_zoom_set( 0.000062 )
ga_view_center_set( -0.000059, 0.000040 )
ga_view_zoom_set( 0.000049 )
ga_view_center_set( -0.000066, 0.000037 )
ga_view_zoom_set( 0.000039 )
ga_view_center_set( -0.000069, 0.000035 )
ga_view_zoom_set( 0.000035 )
ga_view_center_set( -0.000073, 0.000033 )
ga_view_zoom_set( 0.000028 )
ga_view_center_set( -0.000078, 0.000030 )
ga_view_zoom_set( 0.000020 )
ga_view_center_set( -0.000081, 0.000029 )
ga_view_zoom_set( 0.000016 )
ga_view_center_set( -0.000082, 0.000028 )
ga_view_zoom_set( 0.000014 )
ga_view_center_set( -0.000084, 0.000027 )
ga_view_zoom_set( 0.000012 )
ga_view_center_set( -0.000085, 0.000026 )
ga_view_zoom_set( 0.000009 )
ga_view_center_set( -0.000086, 0.000026 )
ga_view_zoom_set( 0.000008 )
ga_view_center_set( -0.000087, 0.000026 )
ga_view_zoom_set( 0.000007 )
ga_view_center_set( -0.000087, 0.000025 )
ga_view_zoom_set( 0.000007 )
ga_view_center_set( -0.000088, 0.000025 )
ga_view_zoom_set( 0.000006 )
ga_view_center_set( -0.000089, 0.000025 )
ga_view_zoom_set( 0.000005 )
ga_view_center_set( -0.000089, 0.000025 )
ga_view_zoom_set( 0.000004 )
ga_view_center_set( -0.000090, 0.000024 )
ga_view_zoom_set( 0.000003 )
ga_view_center_set( -0.000090, 0.000024 )
ga_view_zoom_set( 0.000003 )
ga_view_center_set( -0.000090, 0.000024 )
ga_view_zoom_set( 0.000002 )
ga_view_center_set( -0.000091, 0.000024 )
ga_view_zoom_set( 0.000002 )
ga_view_center_set( -0.000091, 0.000024 )
ga_view_zoom_set( 0.000001 )
ga_view_center_set( -0.000091, 0.000024 )
ga_view_zoom_set( 0.000002 )
ga_view_center_set( -0.000090, 0.000024 )
ga_view_zoom_set( 0.000003 )
ga_view_center_set( -0.000090, 0.000024 )
ga_view_zoom_set( 0.000003 )
ga_view_center_set( -0.000090, 0.000024 )
ga_view_zoom_set( 0.000003 )
ga_view_center_set( -0.000089, 0.000025 )
ga_view_zoom_set( 0.000004 )
ga_view_center_set( -0.000089, 0.000025 )
ga_view_zoom_set( 0.000004 )
ga_view_center_set( -0.000088, 0.000025 )
ga_view_zoom_set( 0.000005 )
ga_view_center_set( -0.000086, 0.000026 )
ga_view_zoom_set( 0.000008 )
ga_view_center_set( -0.000085, 0.000026 )
ga_view_zoom_set( 0.000010 )
ga_view_center_set( -0.000084, 0.000027 )
ga_view_zoom_set( 0.000011 )
ga_view_center_set( -0.000082, 0.000027 )
ga_view_zoom_set( 0.000013 )
ga_view_center_set( -0.000079, 0.000029 )
ga_view_zoom_set( 0.000019 )
ga_view_center_set( -0.000074, 0.000030 )
ga_view_zoom_set( 0.000025 )
ga_view_center_set( -0.000072, 0.000031 )
ga_view_zoom_set( 0.000029 )
ga_view_center_set( -0.000067, 0.000033 )
ga_view_zoom_set( 0.000036 )
ga_view_center_set( -0.000064, 0.000034 )
ga_view_zoom_set( 0.000040 )
ga_view_center_set( -0.000055, 0.000039 )
ga_view_zoom_set( 0.000055 )
ga_view_center_set( -0.000045, 0.000045 )
ga_view_zoom_set( 0.000076 )
ga_view_center_set( -0.000041, 0.000049 )
ga_view_zoom_set( 0.000086 )
ga_view_center_set( -0.000032, 0.000056 )
ga_view_zoom_set( 0.000107 )
ga_view_center_set( -0.000021, 0.000065 )
ga_view_zoom_set( 0.000134 )
ga_view_center_set( -0.000001, 0.000082 )
ga_view_zoom_set( 0.000184 )
ga_view_center_set( 0.000016, 0.000097 )
ga_view_zoom_set( 0.000230 )
ga_view_center_set( 0.000026, 0.000106 )
ga_view_zoom_set( 0.000259 )
ga_view_center_set( 0.000046, 0.000125 )
ga_view_zoom_set( 0.000324 )
ga_view_center_set( 0.000057, 0.000137 )
ga_view_zoom_set( 0.000364 )
ga_view_center_set( 0.000093, 0.000183 )
ga_view_zoom_set( 0.000547 )
ga_view_center_set( 0.000117, 0.000217 )
ga_view_zoom_set( 0.000683 )
ga_view_center_set( 0.000131, 0.000238 )
ga_view_zoom_set( 0.000769 )
ga_view_center_set( 0.000164, 0.000284 )
ga_view_zoom_set( 0.000961 )
ga_view_center_set( 0.000184, 0.000313 )
ga_view_zoom_set( 0.001081 )
ga_view_center_set( 0.000206, 0.000346 )
ga_view_zoom_set( 0.001216 )
ga_view_center_set( 0.000269, 0.000456 )
ga_view_zoom_set( 0.001672 )
ga_view_center_set( 0.000296, 0.000506 )
ga_view_zoom_set( 0.001881 )
ga_view_center_set( 0.000325, 0.000563 )
ga_view_zoom_set( 0.002116 )
ga_view_center_set( 0.000390, 0.000690 )
ga_view_zoom_set( 0.002645 )
ga_view_center_set( 0.000472, 0.000849 )
ga_view_zoom_set( 0.003306 )
ga_view_center_set( 0.000573, 0.001048 )
ga_view_zoom_set( 0.004132 )
ga_view_center_set( 0.000700, 0.001297 )
ga_view_zoom_set( 0.005166 )
ga_view_center_set( 0.000850, 0.001609 )
ga_view_zoom_set( 0.006457 )
ga_view_center_set( 0.000998, 0.001982 )
ga_view_zoom_set( 0.008071 )
ga_view_center_set( 0.001157, 0.002443 )
ga_view_zoom_set( 0.010089 )
ga_view_center_set( 0.001324, 0.003003 )
ga_view_zoom_set( 0.012611 )
ga_view_center_set( 0.001512, 0.003683 )
ga_view_zoom_set( 0.015764 )
uil_toolbar.model_center(  )
uil_toolbar.model_center(  )
uil_toolbar.model_center(  )
point_size( 1 )
gu_fit_view(  )
ga_view_center_set( 0.033111, 0.004111 )
ga_view_zoom_set( 0.321814 )
ga_view_center_set( 0.107863, 0.013613 )
ga_view_zoom_set( 0.402268 )
ga_view_center_set( 0.154583, 0.019552 )
ga_view_zoom_set( 0.452551 )
ga_view_center_set( 0.207143, 0.026233 )
ga_view_zoom_set( 0.509120 )
ga_view_center_set( 0.268478, 0.035955 )
ga_view_zoom_set( 0.572760 )
ga_view_center_set( 0.406481, 0.058279 )
ga_view_zoom_set( 0.715950 )
ga_view_center_set( 0.328560, 0.043622 )
ga_view_zoom_set( 0.636400 )
ga_view_center_set( 0.259296, 0.030593 )
ga_view_zoom_set( 0.565689 )
ga_view_center_set( 0.197729, 0.019012 )
ga_view_zoom_set( 0.502835 )
ga_view_center_set( 0.141770, 0.012589 )
ga_view_zoom_set( 0.446964 )
ga_view_center_set( 0.092029, 0.006880 )
ga_view_zoom_set( 0.397301 )
ga_view_center_set( 0.047815, 0.001805 )
ga_view_zoom_set( 0.353157 )
point_size( 9 )
ga_view_aa_set( -90., 0., 0. )
asm_const_grid_xyz( "3", "[0, 0, 0.75]", "Coord 0",  @
asm_create_grid_xyz_created_ids )
$# 1 Point created: Point 3
STRING sgm_create_curve_2d_created_ids[VIRTUAL]
sgm_const_curve_2d_circle_v2( "1", 1, 1., "Coord 0.3", "", "Point 1", FALSE,  @
sgm_create_curve_2d_created_ids )
$# 1 Curve Created: Curve 1
sgm_const_curve_2d_circle_v2( "2", 1, 0.5, "Coord 0.3", "", "Point 2", FALSE,  @
sgm_create_curve_2d_created_ids )
$# 1 Curve Created: Curve 2
STRING sgm_renum_point_new_ids[VIRTUAL]
sgm_renumber( 1, "point", "10", "Point 3", sgm_renum_point_new_ids )
$# 1 Point Renumbered: Point 10
repaint_graphics(  )
sgm_renumber( 1, "point", "3", "Point 4", sgm_renum_point_new_ids )
$# 1 Point Renumbered: Point 3
repaint_graphics(  )
sgm_renumber( 1, "point", "4", "Point 5", sgm_renum_point_new_ids )
$# 1 Point Renumbered: Point 4
repaint_graphics(  )
ga_view_aa_set( -77.210388, -2.052299, -14.842183 )
STRING sgm_surface_2curve_created_ids[VIRTUAL]
sgm_const_surface_2curve( "1", "Curve 1", "Curve 2",  @
sgm_surface_2curve_created_ids )
$# 1 Surface Created: Surface 1
ga_view_aa_set( -78.429474, -1.274874, -30.945082 )
ga_view_center_set( -0.014948, -0.043114 )
ga_view_zoom_set( 1.377200 )
uil_toolbar.shaded_smooth(  )
sgm_verify_surface_boundary( " ", 0.0049999999, 1 )
$# Error reported from application Geometry
$#     Surface list is blank. Input required data.
$? NO 1000057 
ga_view_aa_set( -89.496918, 0.226040, -2.079690 )
display_cleanup(  )
ga_view_aa_set( -70.575302, -2.001376, -7.645156 )
ga_view_aa_set( -66.656639, -0.406296, -8.062388 )
ga_view_aa_set( -80.617485, 5.680992, 11.005770 )
ga_view_aa_set( -72.089310, 4.692256, -57.850662 )
ga_view_center_set( -0.029407, -0.070345 )
ga_view_zoom_set( 1.224178 )
ga_view_center_set( -0.040546, -0.095835 )
ga_view_zoom_set( 1.088158 )
ga_view_center_set( -0.047781, -0.120778 )
ga_view_zoom_set( 0.967252 )
ga_view_center_set( -0.052520, -0.144303 )
ga_view_zoom_set( 0.859779 )
ga_view_center_set( -0.056131, -0.166719 )
ga_view_zoom_set( 0.764248 )
ga_view_center_set( -0.066060, -0.140693 )
ga_view_zoom_set( 0.859779 )
ga_view_center_set( -0.077230, -0.111413 )
ga_view_zoom_set( 0.967252 )
material.create( "Analysis code ID", 1, "Analysis type ID", 1, "Acero", 0,  @
"Date: 30-Mar-21           Time: 21:04:28", "Isotropic", 1, "Directionality",  @
1, "Linearity", 1, "Homogeneous", 0, "Linear Elastic", 1,  @
"Model Options & IDs", ["", "", "", "", ""], [0, 0, 0, 0, 0], "Active Flag",  @
1, "Create", 10, "External Flag", FALSE, "Property IDs", ["Elastic Modulus",  @
"Poisson Ratio", "Density"], [2, 5, 16, 0], "Property Values", ["200e9", "0.3" @
, "7900", ""] )
$# Acknowledgement requested from application ELEM_PROPS
$#     The data entered for Property "Thickness" cannot be parsed.
$? NO 20039 
elementprops_create( "2D_Shell_Acero", 51, 25, 35, 1, 1, 20, [13, 20, 36,  @
4037, 4111, 4118, 4119, 8111, 4401, 4402, 4403, 4404, 4405, 4406, 4407, 4408,  @
4409], [5, 9, 1, 1, 1, 1, 1, 4, 4, 1, 1, 1, 1, 1, 1, 4, 4], ["m:Acero", "",  @
"2e-3", "", "", "", "", "", "", "", "", "", "", "", "", "", ""], "" )
$# Property Set "2D_Shell_Acero" created.
ui_exec_function( "mesh_seed_display_mgr", "init" )
$# UNDO: FEM Create Mesh Seed for Curve 1
mesh_seed_display_mgr.refresh(  )
ga_view_aa_set( -52.189133, 0.142473, -38.268936 )
mesh_seed_create( "Curve 1", 1, 50, 0., 0., 0. )
ga_view_aa_set( -71.300774, -2.253406, -45.869301 )
mesh_seed_create( "Curve 2", 1, 50, 0., 0., 0. )
ga_view_aa_set( -82.237366, -0.759118, -49.450207 )
$# UNDO: FEM Create Mesh Seed for Surface 1.1
mesh_seed_display_mgr.refresh(  )
$# UNDO: FEM Create Mesh Seed for Surface 1.1
mesh_seed_display_mgr.refresh(  )
$# UNDO: FEM Create Mesh Seed for Surface 1.1
mesh_seed_display_mgr.refresh(  )
mesh_seed_create( "Surface 1.1", 1, 7, 0., 0., 0. )
ga_view_aa_set( -76.116928, -3.303918, -73.468903 )
ga_view_center_set( 0.070521, -0.148145 )
ga_view_zoom_set( 0.477116 )
ga_view_center_set( 0.068016, -0.181790 )
ga_view_zoom_set( 0.424103 )
ga_view_center_set( 0.070521, -0.148145 )
ga_view_zoom_set( 0.477116 )
ga_view_center_set( 0.073339, -0.110295 )
ga_view_zoom_set( 0.536756 )
ga_view_aa_set( -77.795692, 1.244588, -55.014481 )
ga_view_center_set( 0.076297, -0.077435 )
ga_view_zoom_set( 0.603850 )
ga_view_center_set( 0.079625, -0.040467 )
ga_view_zoom_set( 0.679332 )
ga_view_aa_set( -73.032455, -2.930421, -72.526703 )
ga_view_aa_set( -75.914757, 0.596079, -32.896526 )
uil_toolbar.shaded_smooth(  )
ga_view_aa_set( -89.562828, -0.194878, -31.719440 )
ga_view_aa_set( -85.055298, -1.841597, -35.456814 )
$# UNDO: FEM Create Mesh Surface for Surface 1
ga_view_aa_set( -86.929382, -1.486798, -9.755670 )
$# UNDO: FEM Create Mesh Surface for Surface 1
INTEGER fem_create_mesh_surfa_num_nodes
INTEGER fem_create_mesh_surfa_num_elems
STRING fem_create_mesh_s_nodes_created[VIRTUAL]
STRING fem_create_mesh_s_elems_created[VIRTUAL]
fem_create_mesh_surf_4( "IsoMesh", 49152, "Surface 1", 1, ["0.245939"],  @
"Quad4", "#", "#", "Coord 0", "Coord 0", fem_create_mesh_surfa_num_nodes,  @
fem_create_mesh_surfa_num_elems, fem_create_mesh_s_nodes_created,  @
fem_create_mesh_s_elems_created )
$# 408 nodes and 350 elements created for Surface 1.
$# === 408 nodes created.  IDs  = 1:408.
$# === 350 elements created.  IDs  = 1:350.
ga_view_aa_set( -84.019333, -2.752596, -67.747520 )
ga_view_center_set( 0.240448, -0.157867 )
ga_view_zoom_set( 0.264766 )
ga_view_center_set( 0.250640, -0.170514 )
ga_view_zoom_set( 0.235347 )
ga_view_center_set( 0.259700, -0.181757 )
ga_view_zoom_set( 0.209198 )
ga_view_center_set( 0.251217, -0.170432 )
ga_view_zoom_set( 0.235347 )
ga_view_center_set( 0.242044, -0.157599 )
ga_view_zoom_set( 0.264766 )
ga_view_center_set( 0.231828, -0.143162 )
ga_view_zoom_set( 0.297861 )
ga_view_aa_set( -96.575867, -2.699270, -57.759670 )
ga_view_aa_set( -102.932770, -6.711627, -37.085377 )
ga_view_center_set( 0.229952, -0.130790 )
ga_view_zoom_set( 0.335094 )
ga_view_center_set( 0.227841, -0.116872 )
ga_view_zoom_set( 0.376981 )
ga_view_center_set( 0.225467, -0.101214 )
ga_view_zoom_set( 0.424103 )
ga_view_center_set( 0.222795, -0.083599 )
ga_view_zoom_set( 0.477116 )
ga_view_center_set( 0.237823, -0.070325 )
ga_view_zoom_set( 0.424103 )
ga_view_aa_set( -58.412189, 0.796967, -85.601685 )
ga_view_center_set( 0.234557, -0.055557 )
ga_view_zoom_set( 0.376981 )
ga_view_center_set( 0.229940, -0.051269 )
ga_view_zoom_set( 0.335094 )
ga_view_center_set( 0.226422, -0.055549 )
ga_view_zoom_set( 0.297861 )
ga_view_center_set( 0.230057, -0.048220 )
ga_view_zoom_set( 0.335094 )
ga_view_center_set( 0.234147, -0.039711 )
ga_view_zoom_set( 0.376981 )
ga_view_center_set( 0.238748, -0.029989 )
ga_view_zoom_set( 0.424103 )
ga_view_center_set( 0.244592, -0.011873 )
ga_view_zoom_set( 0.477116 )
ga_view_center_set( 0.251167, 0.008508 )
ga_view_zoom_set( 0.536756 )
ga_view_center_set( 0.258563, 0.031436 )
ga_view_zoom_set( 0.603850 )
ga_view_center_set( 0.268072, 0.057706 )
ga_view_zoom_set( 0.679332 )
ga_view_center_set( 0.280642, 0.088865 )
ga_view_zoom_set( 0.764248 )
ga_view_center_set( 0.293881, 0.135051 )
ga_view_zoom_set( 0.859779 )
ga_view_center_set( 0.305729, 0.198519 )
ga_view_zoom_set( 0.967252 )
ga_view_aa_set( -82.026237, -2.529255, -86.884712 )
mesh_seed_display_mgr.erase(  )
verify_boundaries_display_mgr.initialize(  )
ga_view_aa_set( -85.294098, -5.366057, 145.997299 )
ga_view_aa_set( -71.582138, 0.542272, 161.910995 )
ga_view_aa_set( -99.269333, -9.023348, 162.681000 )
ga_view_aa_set( -93.677132, -8.419390, -104.991264 )
ga_view_aa_set( -91.233246, -13.899685, 159.381622 )
ga_view_aa_set( -99.502281, -5.876491, 47.214661 )
ga_view_aa_set( -69.030426, -5.296040, -11.350479 )
REAL fem_equiv_all_x_equivtol_ab
INTEGER fem_equiv_all_x_segment
fem_equiv_all_group4( [" "], 0, "", 1, 1, 0.0049999999, FALSE,  @
fem_equiv_all_x_equivtol_ab, fem_equiv_all_x_segment )
$# Realigning database with new node numbers...
$# Database realignment completed.
$# Geometric equivalencing completed. 8 nodes deleted.
ga_view_aa_set( -73.030426, -5.296040, -11.350479 )
ga_view_aa_set( -81.252052, 1.147869, 13.841732 )
ga_view_center_set( 0.208919, 0.163484 )
ga_view_zoom_set( 0.859779 )
ga_view_center_set( 0.122866, 0.132343 )
ga_view_zoom_set( 0.764248 )
ga_view_center_set( 0.046374, 0.104661 )
ga_view_zoom_set( 0.679332 )
ga_view_center_set( 0.109225, 0.143576 )
ga_view_zoom_set( 0.764248 )
ga_view_center_set( 0.179933, 0.187355 )
ga_view_zoom_set( 0.859779 )
ga_view_center_set( 0.259480, 0.236606 )
ga_view_zoom_set( 0.967252 )
ga_view_aa_set( -80.665627, -8.423896, -108.809807 )
point_size( 1 )
ga_view_aa_set( -85.753082, -11.408779, -63.786522 )
ga_view_center_set( 0.281482, 0.227636 )
ga_view_zoom_set( 0.859779 )
display_cleanup(  )
ga_view_aa_set( -81.339836, -1.802169, 8.091823 )
ga_view_center_set( 0.297053, 0.230513 )
ga_view_zoom_set( 0.967252 )
ga_view_center_set( 0.314570, 0.233750 )
ga_view_zoom_set( 1.088158 )
ga_view_center_set( 0.334277, 0.237391 )
ga_view_zoom_set( 1.224178 )
ga_view_center_set( 0.314570, 0.233750 )
ga_view_zoom_set( 1.088158 )
ga_view_center_set( 0.297053, 0.230513 )
ga_view_zoom_set( 0.967252 )
ga_view_center_set( 0.281482, 0.227636 )
ga_view_zoom_set( 0.859779 )
ga_view_center_set( 0.267641, 0.225078 )
ga_view_zoom_set( 0.764248 )
point_size( 9 )
ga_view_center_set( 0.229396, 0.208362 )
ga_view_zoom_set( 0.679332 )
ga_view_center_set( 0.193497, 0.194930 )
ga_view_zoom_set( 0.603850 )
ga_view_center_set( 0.160743, 0.184047 )
ga_view_zoom_set( 0.536756 )
ga_view_center_set( 0.132942, 0.178130 )
ga_view_zoom_set( 0.477116 )
uil_primary_file.db_save(  )
$# Flushing the User Data Manager
$# Journal file stopped recording at 30-Mar-21 21:21:38
